INFO:root:Дата 2019-09-17 18:54:21.708131 Анализируем удаление/добавление файлов
INFO:root:Дата 2019-09-17 18:54:21.711538 Анализируем удаление/добавление файлов
INFO:root:Дата 2019-09-17 18:54:21.720466 Анализируем удаление/добавление файлов
INFO:root:Дата 2019-09-17 18:54:21.724717 Анализируем удаление/добавление файлов
INFO:root:Дата 2019-09-17 18:54:21.738168 Анализируем удаление/добавление файлов
INFO:root:Дата 2019-09-17 18:54:21.743390 Анализируем удаление/добавление файлов
INFO:root:Дата 2019-09-17 18:54:21.748738 Анализируем удаление/добавление файлов
INFO:root:Дата 2019-09-17 18:54:21.755468 Анализируем удаление/добавление файлов
INFO:root:Дата 2019-09-17 18:54:21.760774 Анализируем удаление/добавление файлов
INFO:root:Дата 2019-09-17 18:54:21.766147 Анализируем удаление/добавление файлов
INFO:root:Дата 2019-09-17 18:54:21.773178 Анализируем удаление/добавление файлов
INFO:root:Дата 2019-09-17 18:54:21.778255 Анализируем удаление/добавление файлов
INFO:root:Дата 2019-09-17 18:54:21.783423 Анализируем удаление/добавление файлов
INFO:root:Дата 2019-09-17 18:54:21.792647 Анализируем удаление/добавление файлов
INFO:root:Дата 2019-09-17 18:54:21.797364 Анализируем удаление/добавление файлов
INFO:root:Дата 2019-09-17 18:54:21.802108 Анализируем удаление/добавление файлов
INFO:root:Дата 2019-09-17 18:54:21.818451 Анализируем удаление/добавление файлов
INFO:root:Дата 2019-09-17 18:54:21.823846 Анализируем удаление/добавление файлов
INFO:root:Дата 2019-09-17 18:54:21.840362 Анализируем удаление/добавление файлов
INFO:root:Дата 2019-09-17 18:54:21.850597 Анализируем удаление/добавление файлов
INFO:root:Дата 2019-09-17 18:54:21.857443 Анализируем удаление/добавление файлов
INFO:root:Дата 2019-09-17 18:54:21.867676 Анализируем удаление/добавление файлов
INFO:root:Дата 2019-09-17 18:54:21.874871 Анализируем удаление/добавление файлов
INFO:root:Дата 2019-09-17 18:54:21.877584 Анализируем удаление/добавление файлов
INFO:root:Дата 2019-09-17 18:54:21.880216 Анализируем удаление/добавление файлов
INFO:root:Дата 2019-09-17 18:54:21.883507 Анализируем удаление/добавление файлов
INFO:root:Дата 2019-09-17 18:54:21.887191 Анализируем удаление/добавление файлов
INFO:root:Дата 2019-09-17 18:54:21.890151 Анализируем удаление/добавление файлов
INFO:root:Дата 2019-09-17 18:54:21.892783 Анализируем удаление/добавление файлов
INFO:root:Дата 2019-09-17 18:54:21.899071 Анализируем удаление/добавление файлов
INFO:root:Дата 2019-09-17 18:54:21.902096 Анализируем удаление/добавление файлов
INFO:root:Дата 2019-09-17 18:54:21.905137 Анализируем удаление/добавление файлов
INFO:root:Дата 2019-09-17 18:54:21.908556 Анализируем удаление/добавление файлов
INFO:root:Дата 2019-09-17 18:54:21.912837 Анализируем удаление/добавление файлов
INFO:root:Дата 2019-09-17 18:54:21.915404 Анализируем удаление/добавление файлов
INFO:root:Дата 2019-09-17 18:54:21.918765 Анализируем удаление/добавление файлов
INFO:root:Дата 2019-09-17 18:54:21.921797 Анализируем удаление/добавление файлов
INFO:root:Дата 2019-09-17 18:54:21.925106 Анализируем удаление/добавление файлов
INFO:root:Дата 2019-09-17 18:54:21.935334 Анализируем удаление/добавление файлов
INFO:root:Дата 2019-09-17 18:54:21.943976 Анализируем удаление/добавление файлов
INFO:root:Дата 2019-09-17 18:54:21.947428 Анализируем удаление/добавление файлов
INFO:root:Дата 2019-09-17 18:54:21.950069 Анализируем удаление/добавление файлов
INFO:root:Дата 2019-09-17 18:54:21.954650 Анализируем удаление/добавление файлов
INFO:root:Дата 2019-09-17 18:54:21.957447 Анализируем удаление/добавление файлов
INFO:root:Дата 2019-09-17 18:54:21.960057 Анализируем удаление/добавление файлов
INFO:root:Дата 2019-09-17 18:54:21.962285 Анализируем удаление/добавление файлов
INFO:root:Дата 2019-09-17 18:54:21.968216 Анализируем удаление/добавление файлов
INFO:root:Дата 2019-09-17 18:54:21.984049 Анализируем удаление/добавление файлов
INFO:root:Дата 2019-09-17 18:54:22.004778 Анализируем удаление/добавление файлов
INFO:root:Дата 2019-09-17 18:54:22.013377 Анализируем удаление/добавление файлов
INFO:root:Дата 2019-09-17 18:54:22.040058 Анализируем удаление/добавление файлов
INFO:root:Дата 2019-09-17 18:54:22.042529 Анализируем удаление/добавление файлов
INFO:root:Дата 2019-09-17 18:54:22.044716 Анализируем удаление/добавление файлов
INFO:root:Дата 2019-09-17 18:54:22.046951 Анализируем удаление/добавление файлов
INFO:root:Дата 2019-09-17 18:54:22.049162 Анализируем удаление/добавление файлов
INFO:root:Дата 2019-09-17 18:54:22.053067 Анализируем удаление/добавление файлов
INFO:root:Дата 2019-09-17 18:54:22.056952 Анализируем удаление/добавление файлов
INFO:root:Дата 2019-09-17 18:54:22.060916 Анализируем удаление/добавление файлов
INFO:root:Дата 2019-09-17 18:54:22.063960 Анализируем удаление/добавление файлов
INFO:root:Дата 2019-09-17 18:54:22.066324 Анализируем удаление/добавление файлов
INFO:root:Дата 2019-09-17 18:54:22.069178 Анализируем удаление/добавление файлов
INFO:root:Дата 2019-09-17 18:54:22.077503 Анализируем удаление/добавление файлов
INFO:root:Дата 2019-09-17 18:54:22.080378 Анализируем удаление/добавление файлов
INFO:root:Дата 2019-09-17 18:54:22.082374 Анализируем удаление/добавление файлов
INFO:root:Дата 2019-09-17 18:54:22.086648 Анализируем удаление/добавление файлов
INFO:root:Дата 2019-09-17 18:54:22.090447 Анализируем удаление/добавление файлов
INFO:root:Дата 2019-09-17 18:54:22.093012 Анализируем удаление/добавление файлов
INFO:root:Дата 2019-09-17 18:54:22.099120 Анализируем удаление/добавление файлов
INFO:root:Дата 2019-09-17 18:54:22.101929 Анализируем удаление/добавление файлов
INFO:root:Дата 2019-09-17 18:54:22.104737 Анализируем удаление/добавление файлов
INFO:root:Дата 2019-09-17 18:54:22.107539 Анализируем удаление/добавление файлов
INFO:root:Дата 2019-09-17 18:54:22.109941 Анализируем удаление/добавление файлов
INFO:root:Дата 2019-09-17 18:54:22.112182 Анализируем удаление/добавление файлов
INFO:root:Дата 2019-09-17 18:54:22.114785 Анализируем удаление/добавление файлов
INFO:root:Дата 2019-09-17 18:54:22.121521 Анализируем удаление/добавление файлов
INFO:root:Дата 2019-09-17 18:54:22.124007 Анализируем удаление/добавление файлов
INFO:root:Дата 2019-09-17 18:54:22.126333 Анализируем удаление/добавление файлов
INFO:root:Дата 2019-09-17 18:54:22.142109 Анализируем удаление/добавление файлов
INFO:root:Дата 2019-09-17 18:54:22.163400 Анализируем удаление/добавление файлов
INFO:root:Дата 2019-09-17 18:54:22.183981 Анализируем удаление/добавление файлов
INFO:root:Дата 2019-09-17 18:54:22.194891 Анализируем удаление/добавление файлов
INFO:root:Дата 2019-09-17 18:54:22.198814 Анализируем удаление/добавление файлов
INFO:root:Дата 2019-09-17 18:54:22.204631 Анализируем удаление/добавление файлов
INFO:root:Дата 2019-09-17 18:54:22.211995 Анализируем удаление/добавление файлов
INFO:root:Дата 2019-09-17 18:54:22.222112 Анализируем удаление/добавление файлов
INFO:root:Дата 2019-09-17 18:54:22.226439 Анализируем удаление/добавление файлов
INFO:root:Дата 2019-09-17 18:54:22.229235 Анализируем удаление/добавление файлов
INFO:root:Дата 2019-09-17 18:54:22.233415 Анализируем удаление/добавление файлов
INFO:root:Дата 2019-09-17 18:54:22.239250 Анализируем удаление/добавление файлов
INFO:root:Дата 2019-09-17 18:54:22.241706 Анализируем удаление/добавление файлов
INFO:root:Дата 2019-09-17 18:54:22.245104 Анализируем удаление/добавление файлов
INFO:root:Дата 2019-09-17 18:54:22.248096 Анализируем удаление/добавление файлов
INFO:root:Дата 2019-09-17 18:54:22.252057 Анализируем удаление/добавление файлов
INFO:root:Дата 2019-09-17 18:54:22.263836 Анализируем удаление/добавление файлов
INFO:root:Дата 2019-09-17 18:54:22.266356 Анализируем удаление/добавление файлов
INFO:root:Дата 2019-09-17 18:54:22.268619 Анализируем удаление/добавление файлов
INFO:root:Дата 2019-09-17 18:54:22.277020 Анализируем удаление/добавление файлов
INFO:root:Дата 2019-09-17 18:54:22.279490 Анализируем удаление/добавление файлов
INFO:root:Дата 2019-09-17 18:54:22.281857 Анализируем удаление/добавление файлов
INFO:root:Дата 2019-09-17 18:54:22.288287 Анализируем удаление/добавление файлов
INFO:root:Дата 2019-09-17 18:54:22.292320 Анализируем удаление/добавление файлов
INFO:root:Дата 2019-09-17 18:54:22.295733 Анализируем удаление/добавление файлов
INFO:root:Дата 2019-09-17 18:54:22.307457 Анализируем удаление/добавление файлов
INFO:root:Дата 2019-09-17 18:54:22.324547 Анализируем удаление/добавление файлов
INFO:root:Дата 2019-09-17 18:54:22.338970 Анализируем удаление/добавление файлов
INFO:root:Дата 2019-09-17 18:54:22.344702 Анализируем удаление/добавление файлов
INFO:root:Дата 2019-09-17 18:54:22.347271 Анализируем удаление/добавление файлов
INFO:root:Дата 2019-09-17 18:54:22.351555 Анализируем удаление/добавление файлов
INFO:root:Дата 2019-09-17 18:54:22.355533 Анализируем удаление/добавление файлов
INFO:root:Дата 2019-09-17 18:54:22.360484 Анализируем удаление/добавление файлов
INFO:root:Дата 2019-09-17 18:54:22.363730 Анализируем удаление/добавление файлов
INFO:root:Дата 2019-09-17 18:54:22.366381 Анализируем удаление/добавление файлов
INFO:root:Дата 2019-09-17 18:54:22.368901 Анализируем удаление/добавление файлов
INFO:root:Дата 2019-09-17 18:54:22.372592 Анализируем удаление/добавление файлов
INFO:root:Дата 2019-09-17 18:54:22.389349 Анализируем удаление/добавление файлов
INFO:root:Дата 2019-09-17 18:54:22.392912 Анализируем удаление/добавление файлов
INFO:root:Дата 2019-09-17 18:54:22.396521 Анализируем удаление/добавление файлов
INFO:root:Дата 2019-09-17 18:54:22.399819 Анализируем удаление/добавление файлов
INFO:root:Дата 2019-09-17 18:54:22.402101 Анализируем удаление/добавление файлов
INFO:root:Дата 2019-09-17 18:54:22.407350 Анализируем удаление/добавление файлов
INFO:root:Дата 2019-09-17 18:54:22.410382 Анализируем удаление/добавление файлов
INFO:root:Дата 2019-09-17 18:54:22.412199 Анализируем удаление/добавление файлов
INFO:root:Дата 2019-09-17 18:54:22.414427 Анализируем удаление/добавление файлов
INFO:root:Дата 2019-09-17 18:54:22.417350 Анализируем удаление/добавление файлов
INFO:root:Дата 2019-09-17 18:54:22.425880 Анализируем удаление/добавление файлов
INFO:root:Дата 2019-09-17 18:54:22.435075 Анализируем удаление/добавление файлов
INFO:root:Дата 2019-09-17 18:54:22.443617 Анализируем удаление/добавление файлов
INFO:root:Дата 2019-09-17 18:54:22.452177 Анализируем удаление/добавление файлов
INFO:root:Дата 2019-09-17 18:54:22.462314 Анализируем удаление/добавление файлов
INFO:root:Дата 2019-09-17 18:54:22.465239 Анализируем удаление/добавление файлов
INFO:root:Дата 2019-09-17 18:54:22.468781 Анализируем удаление/добавление файлов
INFO:root:Дата 2019-09-17 18:54:22.471298 Анализируем удаление/добавление файлов
INFO:root:Дата 2019-09-17 18:54:22.473731 Анализируем удаление/добавление файлов
INFO:root:Дата 2019-09-17 18:54:22.475969 Анализируем удаление/добавление файлов
INFO:root:Дата 2019-09-17 18:54:22.477769 Анализируем удаление/добавление файлов
INFO:root:Дата 2019-09-17 18:54:22.480190 Анализируем удаление/добавление файлов
INFO:root:Дата 2019-09-17 18:54:22.482178 Анализируем удаление/добавление файлов
INFO:root:Дата 2019-09-17 18:54:22.488154 Анализируем удаление/добавление файлов
INFO:root:Дата 2019-09-17 18:54:22.490541 Анализируем удаление/добавление файлов
INFO:root:Дата 2019-09-17 18:54:22.493144 Анализируем удаление/добавление файлов
INFO:root:Дата 2019-09-17 18:54:22.496937 Анализируем удаление/добавление файлов
INFO:root:Дата 2019-09-17 18:54:22.504691 Анализируем удаление/добавление файлов
INFO:root:Дата 2019-09-17 18:54:22.507860 Анализируем удаление/добавление файлов
INFO:root:Дата 2019-09-17 18:54:22.511855 Анализируем удаление/добавление файлов
INFO:root:Дата 2019-09-17 18:54:22.514271 Анализируем удаление/добавление файлов
INFO:root:Дата 2019-09-17 18:54:22.520735 Анализируем удаление/добавление файлов
INFO:root:Дата 2019-09-17 18:54:22.524649 Анализируем удаление/добавление файлов
INFO:root:Дата 2019-09-17 18:54:22.526637 Анализируем удаление/добавление файлов
INFO:root:Дата 2019-09-17 18:54:22.528489 Анализируем удаление/добавление файлов
INFO:root:Дата 2019-09-17 18:54:22.531249 Анализируем удаление/добавление файлов
INFO:root:Дата 2019-09-17 18:54:22.533861 Анализируем удаление/добавление файлов
INFO:root:Дата 2019-09-17 18:54:22.541903 Анализируем удаление/добавление файлов
INFO:root:Дата 2019-09-17 18:54:22.544354 Анализируем удаление/добавление файлов
INFO:root:Дата 2019-09-17 18:54:22.547318 Анализируем удаление/добавление файлов
INFO:root:Дата 2019-09-17 18:54:22.550275 Анализируем удаление/добавление файлов
INFO:root:Дата 2019-09-17 18:54:22.554296 Анализируем удаление/добавление файлов
INFO:root:Дата 2019-09-17 18:54:22.558726 Анализируем удаление/добавление файлов
INFO:root:Дата 2019-09-17 18:54:22.561959 Анализируем удаление/добавление файлов
INFO:root:Дата 2019-09-17 18:54:22.578722 Анализируем удаление/добавление файлов
INFO:root:Дата 2019-09-17 18:54:22.605920 Анализируем удаление/добавление файлов
INFO:root:Дата 2019-09-17 18:54:22.611726 Анализируем удаление/добавление файлов
INFO:root:Дата 2019-09-17 18:54:22.615299 Анализируем удаление/добавление файлов
INFO:root:Дата 2019-09-17 18:54:22.624511 Анализируем удаление/добавление файлов
INFO:root:Дата 2019-09-17 18:54:22.629937 Анализируем удаление/добавление файлов
INFO:root:Дата 2019-09-17 18:54:22.632409 Анализируем удаление/добавление файлов
INFO:root:Дата 2019-09-17 18:54:22.634755 Анализируем удаление/добавление файлов
INFO:root:Дата 2019-09-17 18:54:22.637078 Анализируем удаление/добавление файлов
INFO:root:Дата 2019-09-17 18:54:22.642613 Анализируем удаление/добавление файлов
INFO:root:Дата 2019-09-17 18:54:22.646159 Анализируем удаление/добавление файлов
INFO:root:Дата 2019-09-17 18:54:22.648517 Анализируем удаление/добавление файлов
INFO:root:Дата 2019-09-17 18:54:22.651391 Анализируем удаление/добавление файлов
INFO:root:Дата 2019-09-17 18:54:22.655819 Анализируем удаление/добавление файлов
INFO:root:Дата 2019-09-17 18:54:22.658425 Анализируем удаление/добавление файлов
INFO:root:Дата 2019-09-17 18:54:22.661096 Анализируем удаление/добавление файлов
INFO:root:Дата 2019-09-17 18:54:22.663165 Анализируем удаление/добавление файлов
INFO:root:Дата 2019-09-17 18:54:22.665117 Анализируем удаление/добавление файлов
INFO:root:Дата 2019-09-17 18:54:22.668061 Анализируем удаление/добавление файлов
INFO:root:Дата 2019-09-17 18:54:22.675127 Анализируем удаление/добавление файлов
INFO:root:Дата 2019-09-17 18:54:22.677261 Анализируем удаление/добавление файлов
INFO:root:Дата 2019-09-17 18:54:22.679642 Анализируем удаление/добавление файлов
INFO:root:Дата 2019-09-17 18:54:22.682209 Анализируем удаление/добавление файлов
INFO:root:Дата 2019-09-17 18:54:22.684972 Анализируем удаление/добавление файлов
INFO:root:Дата 2019-09-17 18:54:22.687869 Анализируем удаление/добавление файлов
INFO:root:Дата 2019-09-17 18:54:22.689885 Анализируем удаление/добавление файлов
INFO:root:Дата 2019-09-17 18:54:22.691894 Анализируем удаление/добавление файлов
INFO:root:Дата 2019-09-17 18:54:22.693918 Анализируем удаление/добавление файлов
INFO:root:Дата 2019-09-17 18:54:22.713357 Анализируем удаление/добавление файлов
INFO:root:Дата 2019-09-17 18:54:22.719322 Анализируем удаление/добавление файлов
INFO:root:Дата 2019-09-17 18:54:22.722466 Анализируем удаление/добавление файлов
INFO:root:Дата 2019-09-17 18:54:22.724866 Анализируем удаление/добавление файлов
INFO:root:Дата 2019-09-17 18:54:22.727018 Анализируем удаление/добавление файлов
INFO:root:Дата 2019-09-17 18:54:22.728971 Анализируем удаление/добавление файлов
INFO:root:Дата 2019-09-17 18:54:22.731179 Анализируем удаление/добавление файлов
INFO:root:Дата 2019-09-17 18:54:22.733179 Анализируем удаление/добавление файлов
INFO:root:Дата 2019-09-17 18:54:22.736833 Анализируем удаление/добавление файлов
INFO:root:Дата 2019-09-17 18:54:22.739481 Анализируем удаление/добавление файлов
INFO:root:Дата 2019-09-17 18:54:22.743279 Анализируем удаление/добавление файлов
INFO:root:Дата 2019-09-17 18:54:22.745452 Анализируем удаление/добавление файлов
INFO:root:Дата 2019-09-17 18:54:22.747614 Анализируем удаление/добавление файлов
INFO:root:Дата 2019-09-17 18:54:22.749401 Анализируем удаление/добавление файлов
INFO:root:Дата 2019-09-17 18:54:22.752168 Анализируем удаление/добавление файлов
INFO:root:Дата 2019-09-17 18:54:22.763130 Анализируем удаление/добавление файлов
INFO:root:Дата 2019-09-17 18:54:22.767212 Анализируем удаление/добавление файлов
INFO:root:Дата 2019-09-17 18:54:22.769590 Анализируем удаление/добавление файлов
INFO:root:Дата 2019-09-17 18:54:22.774214 Анализируем удаление/добавление файлов
INFO:root:Дата 2019-09-17 18:54:22.777559 Анализируем удаление/добавление файлов
INFO:root:Дата 2019-09-17 18:54:22.780059 Анализируем удаление/добавление файлов
INFO:root:Дата 2019-09-17 18:54:22.783257 Анализируем удаление/добавление файлов
INFO:root:Дата 2019-09-17 18:54:22.787504 Анализируем удаление/добавление файлов
INFO:root:Дата 2019-09-17 18:54:22.790698 Анализируем удаление/добавление файлов
INFO:root:Дата 2019-09-17 18:54:22.794061 Анализируем удаление/добавление файлов
INFO:root:Дата 2019-09-17 18:54:22.797532 Анализируем удаление/добавление файлов
INFO:root:Дата 2019-09-17 18:54:22.802211 Анализируем удаление/добавление файлов
INFO:root:Дата 2019-09-17 18:54:22.805176 Анализируем удаление/добавление файлов
INFO:root:Дата 2019-09-17 18:54:22.807631 Анализируем удаление/добавление файлов
INFO:root:Дата 2019-09-17 18:54:22.813844 Анализируем удаление/добавление файлов
INFO:root:Дата 2019-09-17 18:54:22.818202 Анализируем удаление/добавление файлов
INFO:root:Дата 2019-09-17 18:54:22.828352 Анализируем удаление/добавление файлов
INFO:root:Дата 2019-09-17 18:54:22.831695 Анализируем удаление/добавление файлов
INFO:root:Дата 2019-09-17 18:54:22.834995 Анализируем удаление/добавление файлов
INFO:root:Дата 2019-09-17 18:54:22.838486 Анализируем удаление/добавление файлов
INFO:root:Дата 2019-09-17 18:54:22.851035 Анализируем удаление/добавление файлов
INFO:root:Дата 2019-09-17 18:54:22.865773 Анализируем удаление/добавление файлов
INFO:root:Дата 2019-09-17 18:54:22.884666 Анализируем удаление/добавление файлов
INFO:root:Дата 2019-09-17 18:54:22.888348 Анализируем удаление/добавление файлов
INFO:root:Дата 2019-09-17 18:54:22.892092 Анализируем удаление/добавление файлов
INFO:root:Дата 2019-09-17 18:54:22.895465 Анализируем удаление/добавление файлов
INFO:root:Дата 2019-09-17 18:54:22.899271 Анализируем удаление/добавление файлов
INFO:root:Дата 2019-09-17 18:54:22.901997 Анализируем удаление/добавление файлов
INFO:root:Дата 2019-09-17 18:54:22.909643 Анализируем удаление/добавление файлов
INFO:root:Дата 2019-09-17 18:54:22.914864 Анализируем удаление/добавление файлов
INFO:root:Дата 2019-09-17 18:54:22.917806 Анализируем удаление/добавление файлов
INFO:root:Дата 2019-09-17 18:54:22.920601 Анализируем удаление/добавление файлов
INFO:root:Дата 2019-09-17 18:54:22.923573 Анализируем удаление/добавление файлов
INFO:root:Дата 2019-09-17 18:54:22.926206 Анализируем удаление/добавление файлов
INFO:root:Дата 2019-09-17 18:54:22.929659 Анализируем удаление/добавление файлов
INFO:root:Дата 2019-09-17 18:54:22.932154 Анализируем удаление/добавление файлов
INFO:root:Дата 2019-09-17 18:54:22.934567 Анализируем удаление/добавление файлов
INFO:root:Дата 2019-09-17 18:54:22.941823 Анализируем удаление/добавление файлов
INFO:root:Дата 2019-09-17 18:54:22.944523 Анализируем удаление/добавление файлов
INFO:root:Дата 2019-09-17 18:54:22.947370 Анализируем удаление/добавление файлов
INFO:root:Дата 2019-09-17 18:54:22.956467 Анализируем удаление/добавление файлов
INFO:root:Дата 2019-09-17 18:54:22.962989 Анализируем удаление/добавление файлов
INFO:root:Дата 2019-09-17 18:54:22.966859 Анализируем удаление/добавление файлов
INFO:root:Дата 2019-09-17 18:54:22.969304 Анализируем удаление/добавление файлов
INFO:root:Дата 2019-09-17 18:54:22.971654 Анализируем удаление/добавление файлов
INFO:root:Дата 2019-09-17 18:54:22.975312 Анализируем удаление/добавление файлов
INFO:root:Дата 2019-09-17 18:54:22.979416 Анализируем удаление/добавление файлов
INFO:root:Дата 2019-09-17 18:54:22.982425 Анализируем удаление/добавление файлов
INFO:root:Дата 2019-09-17 18:54:22.989553 Анализируем удаление/добавление файлов
INFO:root:Дата 2019-09-17 18:54:22.995606 Анализируем удаление/добавление файлов
INFO:root:Дата 2019-09-17 18:54:23.001187 Анализируем удаление/добавление файлов
INFO:root:Дата 2019-09-17 18:54:23.005296 Анализируем удаление/добавление файлов
INFO:root:Дата 2019-09-17 18:54:23.014764 Анализируем удаление/добавление файлов
INFO:root:Дата 2019-09-17 18:54:23.038905 Анализируем удаление/добавление файлов
INFO:root:Дата 2019-09-17 18:54:23.042661 Анализируем удаление/добавление файлов
INFO:root:Дата 2019-09-17 18:54:23.046728 Анализируем удаление/добавление файлов
INFO:root:Дата 2019-09-17 18:54:23.053634 Анализируем удаление/добавление файлов
INFO:root:Дата 2019-09-17 18:54:23.057317 Анализируем удаление/добавление файлов
INFO:root:Дата 2019-09-17 18:54:23.060695 Анализируем удаление/добавление файлов
INFO:root:Дата 2019-09-17 18:54:23.067017 Анализируем удаление/добавление файлов
INFO:root:Дата 2019-09-17 18:54:23.069038 Анализируем удаление/добавление файлов
INFO:root:Дата 2019-09-17 18:54:23.075433 Анализируем удаление/добавление файлов
INFO:root:Дата 2019-09-17 18:54:23.078636 Анализируем удаление/добавление файлов
INFO:root:Дата 2019-09-17 18:54:23.082028 Анализируем удаление/добавление файлов
INFO:root:Дата 2019-09-17 18:54:23.084550 Анализируем удаление/добавление файлов
INFO:root:Дата 2019-09-17 18:54:23.086792 Анализируем удаление/добавление файлов
INFO:root:Дата 2019-09-17 18:54:23.088832 Анализируем удаление/добавление файлов
INFO:root:Дата 2019-09-17 18:54:23.091188 Анализируем удаление/добавление файлов
INFO:root:Дата 2019-09-17 18:54:23.093493 Анализируем удаление/добавление файлов
INFO:root:Дата 2019-09-17 18:54:23.096848 Анализируем удаление/добавление файлов
INFO:root:Дата 2019-09-17 18:54:23.099757 Анализируем удаление/добавление файлов
INFO:root:Дата 2019-09-17 18:54:23.101901 Анализируем удаление/добавление файлов
INFO:root:Дата 2019-09-17 18:54:23.104709 Анализируем удаление/добавление файлов
INFO:root:Дата 2019-09-17 18:54:23.107171 Анализируем удаление/добавление файлов
INFO:root:Дата 2019-09-17 18:54:23.109882 Анализируем удаление/добавление файлов
INFO:root:Дата 2019-09-17 18:54:23.113295 Анализируем удаление/добавление файлов
INFO:root:Дата 2019-09-17 18:54:23.116147 Анализируем удаление/добавление файлов
INFO:root:Дата 2019-09-17 18:54:23.119441 Анализируем удаление/добавление файлов
INFO:root:Дата 2019-09-17 18:54:23.121798 Анализируем удаление/добавление файлов
INFO:root:Дата 2019-09-17 18:54:23.124213 Анализируем удаление/добавление файлов
INFO:root:Дата 2019-09-17 18:54:23.126920 Анализируем удаление/добавление файлов
INFO:root:Дата 2019-09-17 18:54:23.129694 Анализируем удаление/добавление файлов
INFO:root:Дата 2019-09-17 18:54:23.133776 Анализируем удаление/добавление файлов
INFO:root:Дата 2019-09-17 18:54:23.137745 Анализируем удаление/добавление файлов
INFO:root:Дата 2019-09-17 18:54:23.140917 Анализируем удаление/добавление файлов
INFO:root:Дата 2019-09-17 18:54:23.143860 Анализируем удаление/добавление файлов
INFO:root:Дата 2019-09-17 18:54:23.147318 Анализируем удаление/добавление файлов
INFO:root:Дата 2019-09-17 18:54:23.150708 Анализируем удаление/добавление файлов
INFO:root:Дата 2019-09-17 18:54:23.155491 Анализируем удаление/добавление файлов
INFO:root:Дата 2019-09-17 18:54:23.158396 Анализируем удаление/добавление файлов
INFO:root:Дата 2019-09-17 18:54:23.161142 Анализируем удаление/добавление файлов
INFO:root:Дата 2019-09-17 18:54:23.177566 Анализируем удаление/добавление файлов
INFO:root:Дата 2019-09-17 18:54:23.180207 Анализируем удаление/добавление файлов
INFO:root:Дата 2019-09-17 18:54:23.184426 Анализируем удаление/добавление файлов
INFO:root:Дата 2019-09-17 18:54:23.188429 Анализируем удаление/добавление файлов
INFO:root:Дата 2019-09-17 18:54:23.205358 Анализируем удаление/добавление файлов
INFO:root:Дата 2019-09-17 18:54:23.218772 Анализируем удаление/добавление файлов
INFO:root:Дата 2019-09-17 18:54:23.227688 Анализируем удаление/добавление файлов
INFO:root:Дата 2019-09-17 18:54:23.232879 Анализируем удаление/добавление файлов
INFO:root:Дата 2019-09-17 18:54:23.237193 Анализируем удаление/добавление файлов
INFO:root:Дата 2019-09-17 18:54:23.241184 Анализируем удаление/добавление файлов
INFO:root:Дата 2019-09-17 18:54:23.243681 Анализируем удаление/добавление файлов
INFO:root:Дата 2019-09-17 18:54:23.247510 Анализируем удаление/добавление файлов
INFO:root:Дата 2019-09-17 18:54:23.252294 Анализируем удаление/добавление файлов
INFO:root:Дата 2019-09-17 18:54:23.257227 Анализируем удаление/добавление файлов
INFO:root:Дата 2019-09-17 18:54:23.264486 Анализируем удаление/добавление файлов
INFO:root:Дата 2019-09-17 18:54:23.268136 Анализируем удаление/добавление файлов
INFO:root:Дата 2019-09-17 18:54:23.272335 Анализируем удаление/добавление файлов
INFO:root:Дата 2019-09-17 18:54:23.276772 Анализируем удаление/добавление файлов
INFO:root:Дата 2019-09-17 18:54:23.280177 Анализируем удаление/добавление файлов
INFO:root:Дата 2019-09-17 18:54:23.283064 Анализируем удаление/добавление файлов
INFO:root:Дата 2019-09-17 18:54:23.286873 Анализируем удаление/добавление файлов
INFO:root:Дата 2019-09-17 18:54:23.289159 Анализируем удаление/добавление файлов
INFO:root:Дата 2019-09-17 18:54:23.291980 Анализируем удаление/добавление файлов
INFO:root:Дата 2019-09-17 18:54:23.294528 Анализируем удаление/добавление файлов
INFO:root:Дата 2019-09-17 18:54:23.297626 Анализируем удаление/добавление файлов
INFO:root:Дата 2019-09-17 18:54:23.300767 Анализируем удаление/добавление файлов
INFO:root:Дата 2019-09-17 18:54:23.303134 Анализируем удаление/добавление файлов
INFO:root:Дата 2019-09-17 18:54:23.308026 Анализируем удаление/добавление файлов
INFO:root:Дата 2019-09-17 18:54:23.310657 Анализируем удаление/добавление файлов
INFO:root:Дата 2019-09-17 18:54:23.312788 Анализируем удаление/добавление файлов
INFO:root:Дата 2019-09-17 18:54:23.315871 Анализируем удаление/добавление файлов
INFO:root:Дата 2019-09-17 18:54:23.318767 Анализируем удаление/добавление файлов
INFO:root:Дата 2019-09-17 18:54:23.321395 Анализируем удаление/добавление файлов
INFO:root:Дата 2019-09-17 18:54:23.325021 Анализируем удаление/добавление файлов
INFO:root:Дата 2019-09-17 18:54:23.327708 Анализируем удаление/добавление файлов
INFO:root:Дата 2019-09-17 18:54:23.331167 Анализируем удаление/добавление файлов
INFO:root:Дата 2019-09-17 18:54:23.349892 Анализируем удаление/добавление файлов
INFO:root:Дата 2019-09-17 18:54:23.365071 Анализируем удаление/добавление файлов
INFO:root:Дата 2019-09-17 18:54:23.369863 Анализируем удаление/добавление файлов
INFO:root:Дата 2019-09-17 18:54:23.373449 Анализируем удаление/добавление файлов
INFO:root:Дата 2019-09-17 18:54:23.376886 Анализируем удаление/добавление файлов
INFO:root:Дата 2019-09-17 18:54:23.379604 Анализируем удаление/добавление файлов
INFO:root:Дата 2019-09-17 18:54:23.381627 Анализируем удаление/добавление файлов
INFO:root:Дата 2019-09-17 18:54:23.387293 Анализируем удаление/добавление файлов
INFO:root:Дата 2019-09-17 18:54:23.391274 Анализируем удаление/добавление файлов
INFO:root:Дата 2019-09-17 18:54:23.393873 Анализируем удаление/добавление файлов
INFO:root:Дата 2019-09-17 18:54:23.396917 Анализируем удаление/добавление файлов
INFO:root:Дата 2019-09-17 18:54:23.399843 Анализируем удаление/добавление файлов
INFO:root:Дата 2019-09-17 18:54:23.402358 Анализируем удаление/добавление файлов
INFO:root:Дата 2019-09-17 18:54:23.404600 Анализируем удаление/добавление файлов
INFO:root:Дата 2019-09-17 18:54:23.407428 Анализируем удаление/добавление файлов
INFO:root:Дата 2019-09-17 18:54:23.410880 Анализируем удаление/добавление файлов
INFO:root:Дата 2019-09-17 18:54:23.413547 Анализируем удаление/добавление файлов
INFO:root:Дата 2019-09-17 18:54:23.432474 Анализируем удаление/добавление файлов
INFO:root:Дата 2019-09-17 18:54:23.436460 Анализируем удаление/добавление файлов
INFO:root:Дата 2019-09-17 18:54:23.440035 Анализируем удаление/добавление файлов
INFO:root:Дата 2019-09-17 18:54:23.442514 Анализируем удаление/добавление файлов
INFO:root:Дата 2019-09-17 18:54:23.448125 Анализируем удаление/добавление файлов
INFO:root:Дата 2019-09-17 18:54:23.451667 Анализируем удаление/добавление файлов
INFO:root:Дата 2019-09-17 18:54:23.459079 Анализируем удаление/добавление файлов
INFO:root:Дата 2019-09-17 18:54:23.463310 Анализируем удаление/добавление файлов
INFO:root:Дата 2019-09-17 18:54:23.467694 Анализируем удаление/добавление файлов
INFO:root:Дата 2019-09-17 18:54:23.471814 Анализируем удаление/добавление файлов
INFO:root:Дата 2019-09-17 18:54:23.477874 Анализируем удаление/добавление файлов
INFO:root:Дата 2019-09-17 18:54:23.481248 Анализируем удаление/добавление файлов
INFO:root:Дата 2019-09-17 18:54:23.484262 Анализируем удаление/добавление файлов
INFO:root:Дата 2019-09-17 18:54:23.491834 Анализируем удаление/добавление файлов
INFO:root:Дата 2019-09-17 18:54:23.512151 Анализируем удаление/добавление файлов
INFO:root:Дата 2019-09-17 18:54:23.522535 Анализируем удаление/добавление файлов
INFO:root:Дата 2019-09-17 18:54:23.525413 Анализируем удаление/добавление файлов
INFO:root:Дата 2019-09-17 18:54:23.527829 Анализируем удаление/добавление файлов
INFO:root:Дата 2019-09-17 18:54:23.529926 Анализируем удаление/добавление файлов
INFO:root:Дата 2019-09-17 18:54:23.532048 Анализируем удаление/добавление файлов
INFO:root:Дата 2019-09-17 18:54:23.534899 Анализируем удаление/добавление файлов
INFO:root:Дата 2019-09-17 18:54:23.538186 Анализируем удаление/добавление файлов
INFO:root:Дата 2019-09-17 18:54:23.540796 Анализируем удаление/добавление файлов
INFO:root:Дата 2019-09-17 18:54:23.543965 Анализируем удаление/добавление файлов
INFO:root:Дата 2019-09-17 18:54:23.546017 Анализируем удаление/добавление файлов
INFO:root:Дата 2019-09-17 18:54:23.547972 Анализируем удаление/добавление файлов
INFO:root:Дата 2019-09-17 18:54:23.550236 Анализируем удаление/добавление файлов
INFO:root:Дата 2019-09-17 18:54:23.552742 Анализируем удаление/добавление файлов
INFO:root:Дата 2019-09-17 18:54:23.555192 Анализируем удаление/добавление файлов
INFO:root:Дата 2019-09-17 18:54:23.557451 Анализируем удаление/добавление файлов
INFO:root:Дата 2019-09-17 18:54:23.559589 Анализируем удаление/добавление файлов
INFO:root:Дата 2019-09-17 18:54:23.561606 Анализируем удаление/добавление файлов
INFO:root:Дата 2019-09-17 18:54:23.563808 Анализируем удаление/добавление файлов
INFO:root:Дата 2019-09-17 18:54:23.566375 Анализируем удаление/добавление файлов
INFO:root:Дата 2019-09-17 18:54:23.568947 Анализируем удаление/добавление файлов
INFO:root:Дата 2019-09-17 18:54:23.572388 Анализируем удаление/добавление файлов
INFO:root:Дата 2019-09-17 18:54:23.576148 Анализируем удаление/добавление файлов
INFO:root:Дата 2019-09-17 18:54:23.579776 Анализируем удаление/добавление файлов
INFO:root:Дата 2019-09-17 18:54:23.583535 Анализируем удаление/добавление файлов
INFO:root:Дата 2019-09-17 18:54:23.586674 Анализируем удаление/добавление файлов
INFO:root:Дата 2019-09-17 18:54:23.591732 Анализируем удаление/добавление файлов
INFO:root:Дата 2019-09-17 18:54:23.595132 Анализируем удаление/добавление файлов
INFO:root:Дата 2019-09-17 18:54:23.599573 Анализируем удаление/добавление файлов
INFO:root:Дата 2019-09-17 18:54:23.603465 Анализируем удаление/добавление файлов
INFO:root:Дата 2019-09-17 18:54:23.606250 Анализируем удаление/добавление файлов
INFO:root:Дата 2019-09-17 18:54:23.609165 Анализируем удаление/добавление файлов
INFO:root:Дата 2019-09-17 18:54:23.612178 Анализируем удаление/добавление файлов
INFO:root:Дата 2019-09-17 18:54:23.618935 Анализируем удаление/добавление файлов
INFO:root:Дата 2019-09-17 18:54:23.629051 Анализируем удаление/добавление файлов
INFO:root:Дата 2019-09-17 18:54:23.646494 Анализируем удаление/добавление файлов
INFO:root:Дата 2019-09-17 18:54:23.668120 Анализируем удаление/добавление файлов
INFO:root:Дата 2019-09-17 18:54:23.679418 Анализируем удаление/добавление файлов
INFO:root:Дата 2019-09-17 18:54:23.686814 Анализируем удаление/добавление файлов
INFO:root:Дата 2019-09-17 18:54:23.692192 Анализируем удаление/добавление файлов
INFO:root:Дата 2019-09-17 18:54:23.695267 Анализируем удаление/добавление файлов
INFO:root:Дата 2019-09-17 18:54:23.698248 Анализируем удаление/добавление файлов
INFO:root:Дата 2019-09-17 18:54:23.701838 Анализируем удаление/добавление файлов
INFO:root:Дата 2019-09-17 18:54:23.708774 Анализируем удаление/добавление файлов
INFO:root:Дата 2019-09-17 18:54:23.712793 Анализируем удаление/добавление файлов
INFO:root:Дата 2019-09-17 18:54:23.715213 Анализируем удаление/добавление файлов
INFO:root:Дата 2019-09-17 18:54:23.718166 Анализируем удаление/добавление файлов
INFO:root:Дата 2019-09-17 18:54:23.720851 Анализируем удаление/добавление файлов
INFO:root:Дата 2019-09-17 18:54:23.723044 Анализируем удаление/добавление файлов
INFO:root:Дата 2019-09-17 18:54:23.725264 Анализируем удаление/добавление файлов
INFO:root:Дата 2019-09-17 18:54:23.727180 Анализируем удаление/добавление файлов
INFO:root:Дата 2019-09-17 18:54:23.729157 Анализируем удаление/добавление файлов
INFO:root:Дата 2019-09-17 18:54:23.731691 Анализируем удаление/добавление файлов
INFO:root:Дата 2019-09-17 18:54:23.734035 Анализируем удаление/добавление файлов
INFO:root:Дата 2019-09-17 18:54:23.737715 Анализируем удаление/добавление файлов
INFO:root:Дата 2019-09-17 18:54:23.741212 Анализируем удаление/добавление файлов
INFO:root:Дата 2019-09-17 18:54:23.744106 Анализируем удаление/добавление файлов
INFO:root:Дата 2019-09-17 18:54:23.748315 Анализируем удаление/добавление файлов
INFO:root:Дата 2019-09-17 18:54:23.751409 Анализируем удаление/добавление файлов
INFO:root:Дата 2019-09-17 18:54:23.753939 Анализируем удаление/добавление файлов
INFO:root:Дата 2019-09-17 18:54:23.755945 Анализируем удаление/добавление файлов
INFO:root:Дата 2019-09-17 18:54:23.758211 Анализируем удаление/добавление файлов
INFO:root:Дата 2019-09-17 18:54:23.760173 Анализируем удаление/добавление файлов
INFO:root:Дата 2019-09-17 18:54:23.761986 Анализируем удаление/добавление файлов
INFO:root:Дата 2019-09-17 18:54:23.764260 Анализируем удаление/добавление файлов
INFO:root:Дата 2019-09-17 18:54:23.766144 Анализируем удаление/добавление файлов
INFO:root:Дата 2019-09-17 18:54:23.768268 Анализируем удаление/добавление файлов
INFO:root:Дата 2019-09-17 18:54:23.771099 Анализируем удаление/добавление файлов
INFO:root:Дата 2019-09-17 18:54:23.776332 Анализируем удаление/добавление файлов
INFO:root:Дата 2019-09-17 18:54:23.786921 Анализируем удаление/добавление файлов
INFO:root:Дата 2019-09-17 18:54:23.789568 Анализируем удаление/добавление файлов
INFO:root:Дата 2019-09-17 18:54:23.796081 Анализируем удаление/добавление файлов
INFO:root:Дата 2019-09-17 18:54:23.799063 Анализируем удаление/добавление файлов
INFO:root:Дата 2019-09-17 18:54:23.802270 Анализируем удаление/добавление файлов
INFO:root:Дата 2019-09-17 18:54:23.808738 Анализируем удаление/добавление файлов
INFO:root:Дата 2019-09-17 18:54:23.811774 Анализируем удаление/добавление файлов
INFO:root:Дата 2019-09-17 18:54:23.813845 Анализируем удаление/добавление файлов
INFO:root:Дата 2019-09-17 18:54:23.817010 Анализируем удаление/добавление файлов
INFO:root:Дата 2019-09-17 18:54:23.819789 Анализируем удаление/добавление файлов
INFO:root:Дата 2019-09-17 18:54:23.827969 Анализируем удаление/добавление файлов
INFO:root:Дата 2019-09-17 18:54:23.831726 Анализируем удаление/добавление файлов
INFO:root:Дата 2019-09-17 18:54:23.835364 Анализируем удаление/добавление файлов
INFO:root:Дата 2019-09-17 18:54:23.840650 Анализируем удаление/добавление файлов
INFO:root:Дата 2019-09-17 18:54:23.844326 Анализируем удаление/добавление файлов
INFO:root:Дата 2019-09-17 18:54:23.848468 Анализируем удаление/добавление файлов
INFO:root:Дата 2019-09-17 18:54:23.861983 Анализируем удаление/добавление файлов
INFO:root:Дата 2019-09-17 18:54:23.877804 Анализируем удаление/добавление файлов
INFO:root:Дата 2019-09-17 18:54:23.882791 Анализируем удаление/добавление файлов
INFO:root:Дата 2019-09-17 18:54:23.887146 Анализируем удаление/добавление файлов
INFO:root:Дата 2019-09-17 18:54:23.889747 Анализируем удаление/добавление файлов
INFO:root:Дата 2019-09-17 18:54:23.892839 Анализируем удаление/добавление файлов
INFO:root:Дата 2019-09-17 18:54:23.896231 Анализируем удаление/добавление файлов
INFO:root:Дата 2019-09-17 18:54:23.900910 Анализируем удаление/добавление файлов
INFO:root:Дата 2019-09-17 18:54:23.905192 Анализируем удаление/добавление файлов
INFO:root:Дата 2019-09-17 18:54:23.916045 Анализируем удаление/добавление файлов
INFO:root:Дата 2019-09-17 18:54:23.920076 Анализируем удаление/добавление файлов
INFO:root:Дата 2019-09-17 18:54:23.922742 Анализируем удаление/добавление файлов
INFO:root:Дата 2019-09-17 18:54:23.924907 Анализируем удаление/добавление файлов
INFO:root:Дата 2019-09-17 18:54:23.927109 Анализируем удаление/добавление файлов
INFO:root:Дата 2019-09-17 18:54:23.929036 Анализируем удаление/добавление файлов
INFO:root:Дата 2019-09-17 18:54:23.931223 Анализируем удаление/добавление файлов
INFO:root:Дата 2019-09-17 18:54:23.933295 Анализируем удаление/добавление файлов
INFO:root:Дата 2019-09-17 18:54:23.938286 Анализируем удаление/добавление файлов
INFO:root:Дата 2019-09-17 18:54:23.941513 Анализируем удаление/добавление файлов
INFO:root:Дата 2019-09-17 18:54:23.944752 Анализируем удаление/добавление файлов
INFO:root:Дата 2019-09-17 18:54:23.947147 Анализируем удаление/добавление файлов
INFO:root:Дата 2019-09-17 18:54:23.948954 Анализируем удаление/добавление файлов
INFO:root:Дата 2019-09-17 18:54:23.951221 Анализируем удаление/добавление файлов
INFO:root:Дата 2019-09-17 18:54:23.953600 Анализируем удаление/добавление файлов
INFO:root:Дата 2019-09-17 18:54:23.955902 Анализируем удаление/добавление файлов
INFO:root:Дата 2019-09-17 18:54:23.957821 Анализируем удаление/добавление файлов
INFO:root:Дата 2019-09-17 18:54:23.960092 Анализируем удаление/добавление файлов
INFO:root:Дата 2019-09-17 18:54:23.962045 Анализируем удаление/добавление файлов
INFO:root:Дата 2019-09-17 18:54:23.963929 Анализируем удаление/добавление файлов
INFO:root:Дата 2019-09-17 18:54:23.965674 Анализируем удаление/добавление файлов
INFO:root:Дата 2019-09-17 18:54:23.967362 Анализируем удаление/добавление файлов
INFO:root:Дата 2019-09-17 18:54:23.970467 Анализируем удаление/добавление файлов
INFO:root:Дата 2019-09-17 18:54:23.972678 Анализируем удаление/добавление файлов
INFO:root:Дата 2019-09-17 18:54:23.975309 Анализируем удаление/добавление файлов
INFO:root:Дата 2019-09-17 18:54:23.978055 Анализируем удаление/добавление файлов
INFO:root:Дата 2019-09-17 18:54:23.983384 Анализируем удаление/добавление файлов
INFO:root:Дата 2019-09-17 18:54:23.987498 Анализируем удаление/добавление файлов
INFO:root:Дата 2019-09-17 18:54:23.990602 Анализируем удаление/добавление файлов
INFO:root:Дата 2019-09-17 18:54:23.994956 Анализируем удаление/добавление файлов
INFO:root:Дата 2019-09-17 18:54:23.998829 Анализируем удаление/добавление файлов
INFO:root:Дата 2019-09-17 18:54:24.003339 Анализируем удаление/добавление файлов
INFO:root:Дата 2019-09-17 18:54:24.005818 Анализируем удаление/добавление файлов
INFO:root:Дата 2019-09-17 18:54:24.012863 Анализируем удаление/добавление файлов
INFO:root:Дата 2019-09-17 18:54:24.028206 Анализируем удаление/добавление файлов
INFO:root:Дата 2019-09-17 18:54:24.042776 Анализируем удаление/добавление файлов
INFO:root:Дата 2019-09-17 18:54:24.044787 Анализируем удаление/добавление файлов
INFO:root:Дата 2019-09-17 18:54:24.049868 Анализируем удаление/добавление файлов
INFO:root:Дата 2019-09-17 18:54:24.052519 Анализируем удаление/добавление файлов
INFO:root:Дата 2019-09-17 18:54:24.055699 Анализируем удаление/добавление файлов
INFO:root:Дата 2019-09-17 18:54:24.060243 Анализируем удаление/добавление файлов
INFO:root:Дата 2019-09-17 18:54:24.063971 Анализируем удаление/добавление файлов
INFO:root:Дата 2019-09-17 18:54:24.066464 Анализируем удаление/добавление файлов
INFO:root:Дата 2019-09-17 18:54:24.068547 Анализируем удаление/добавление файлов
INFO:root:Дата 2019-09-17 18:54:24.079261 Анализируем удаление/добавление файлов
INFO:root:Дата 2019-09-17 18:54:24.083712 Анализируем удаление/добавление файлов
INFO:root:Дата 2019-09-17 18:54:24.087535 Анализируем удаление/добавление файлов
INFO:root:Дата 2019-09-17 18:54:24.089979 Анализируем удаление/добавление файлов
INFO:root:Дата 2019-09-17 18:54:24.093421 Анализируем удаление/добавление файлов
INFO:root:Дата 2019-09-17 18:54:24.096167 Анализируем удаление/добавление файлов
INFO:root:Дата 2019-09-17 18:54:24.098547 Анализируем удаление/добавление файлов
INFO:root:Дата 2019-09-17 18:54:24.100991 Анализируем удаление/добавление файлов
INFO:root:Дата 2019-09-17 18:54:24.104592 Анализируем удаление/добавление файлов
INFO:root:Дата 2019-09-17 18:54:24.111322 Анализируем удаление/добавление файлов
INFO:root:Дата 2019-09-17 18:54:24.113744 Анализируем удаление/добавление файлов
INFO:root:Дата 2019-09-17 18:54:24.117765 Анализируем удаление/добавление файлов
INFO:root:Дата 2019-09-17 18:54:24.120709 Анализируем удаление/добавление файлов
INFO:root:Дата 2019-09-17 18:54:24.123003 Анализируем удаление/добавление файлов
INFO:root:Дата 2019-09-17 18:54:24.125360 Анализируем удаление/добавление файлов
INFO:root:Дата 2019-09-17 18:54:24.127680 Анализируем удаление/добавление файлов
INFO:root:Дата 2019-09-17 18:54:24.129889 Анализируем удаление/добавление файлов
INFO:root:Дата 2019-09-17 18:54:24.132174 Анализируем удаление/добавление файлов
INFO:root:Дата 2019-09-17 18:54:24.135587 Анализируем удаление/добавление файлов
INFO:root:Дата 2019-09-17 18:54:24.138777 Анализируем удаление/добавление файлов
INFO:root:Дата 2019-09-17 18:54:24.141000 Анализируем удаление/добавление файлов
INFO:root:Дата 2019-09-17 18:54:24.143644 Анализируем удаление/добавление файлов
INFO:root:Дата 2019-09-17 18:54:24.146975 Анализируем удаление/добавление файлов
INFO:root:Дата 2019-09-17 18:54:24.149685 Анализируем удаление/добавление файлов
INFO:root:Дата 2019-09-17 18:54:24.154329 Анализируем удаление/добавление файлов
INFO:root:Дата 2019-09-17 18:54:24.156825 Анализируем удаление/добавление файлов
INFO:root:Дата 2019-09-17 18:54:24.159270 Анализируем удаление/добавление файлов
INFO:root:Дата 2019-09-17 18:54:24.161837 Анализируем удаление/добавление файлов
INFO:root:Дата 2019-09-17 18:54:24.172602 Анализируем удаление/добавление файлов
INFO:root:Дата 2019-09-17 18:54:24.185162 Анализируем удаление/добавление файлов
INFO:root:Дата 2019-09-17 18:54:24.201660 Анализируем удаление/добавление файлов
INFO:root:Дата 2019-09-17 18:54:24.206732 Анализируем удаление/добавление файлов
INFO:root:Дата 2019-09-17 18:54:24.231664 Анализируем удаление/добавление файлов
INFO:root:Дата 2019-09-17 18:54:24.235747 Анализируем удаление/добавление файлов
INFO:root:Дата 2019-09-17 18:54:24.238810 Анализируем удаление/добавление файлов
INFO:root:Дата 2019-09-17 18:54:24.241114 Анализируем удаление/добавление файлов
INFO:root:Дата 2019-09-17 18:54:24.243503 Анализируем удаление/добавление файлов
INFO:root:Дата 2019-09-17 18:54:24.245709 Анализируем удаление/добавление файлов
INFO:root:Дата 2019-09-17 18:54:24.248517 Анализируем удаление/добавление файлов
INFO:root:Дата 2019-09-17 18:54:24.252213 Анализируем удаление/добавление файлов
INFO:root:Дата 2019-09-17 18:54:24.256638 Анализируем удаление/добавление файлов
INFO:root:Дата 2019-09-17 18:54:24.263521 Анализируем удаление/добавление файлов
INFO:root:Дата 2019-09-17 18:54:24.267117 Анализируем удаление/добавление файлов
INFO:root:Дата 2019-09-17 18:54:24.274471 Анализируем удаление/добавление файлов
INFO:root:Дата 2019-09-17 18:54:24.277612 Анализируем удаление/добавление файлов
INFO:root:Дата 2019-09-17 18:54:24.280118 Анализируем удаление/добавление файлов
INFO:root:Дата 2019-09-17 18:54:24.282850 Анализируем удаление/добавление файлов
INFO:root:Дата 2019-09-17 18:54:24.288076 Анализируем удаление/добавление файлов
INFO:root:Дата 2019-09-17 18:54:24.290920 Анализируем удаление/добавление файлов
INFO:root:Дата 2019-09-17 18:54:24.293038 Анализируем удаление/добавление файлов
INFO:root:Дата 2019-09-17 18:54:24.296353 Анализируем удаление/добавление файлов
INFO:root:Дата 2019-09-17 18:54:24.300014 Анализируем удаление/добавление файлов
INFO:root:Дата 2019-09-17 18:54:24.302902 Анализируем удаление/добавление файлов
INFO:root:Дата 2019-09-17 18:54:24.307497 Анализируем удаление/добавление файлов
INFO:root:Дата 2019-09-17 18:54:24.312418 Анализируем удаление/добавление файлов
INFO:root:Дата 2019-09-17 18:54:24.315938 Анализируем удаление/добавление файлов
INFO:root:Дата 2019-09-17 18:54:24.321804 Анализируем удаление/добавление файлов
INFO:root:Дата 2019-09-17 18:54:24.325121 Анализируем удаление/добавление файлов
INFO:root:Дата 2019-09-17 18:54:24.328208 Анализируем удаление/добавление файлов
INFO:root:Дата 2019-09-17 18:54:24.331258 Анализируем удаление/добавление файлов
INFO:root:Дата 2019-09-17 18:54:24.334242 Анализируем удаление/добавление файлов
INFO:root:Дата 2019-09-17 18:54:24.337173 Анализируем удаление/добавление файлов
INFO:root:Дата 2019-09-17 18:54:24.339322 Анализируем удаление/добавление файлов
INFO:root:Дата 2019-09-17 18:54:24.342656 Анализируем удаление/добавление файлов
INFO:root:Дата 2019-09-17 18:54:24.344742 Анализируем удаление/добавление файлов
INFO:root:Дата 2019-09-17 18:54:24.349425 Анализируем удаление/добавление файлов
INFO:root:Дата 2019-09-17 18:54:24.361895 Анализируем удаление/добавление файлов
INFO:root:Дата 2019-09-17 18:54:24.382988 Анализируем удаление/добавление файлов
INFO:root:Дата 2019-09-17 18:54:24.400774 Анализируем удаление/добавление файлов
INFO:root:Дата 2019-09-17 18:54:24.407235 Анализируем удаление/добавление файлов
INFO:root:Дата 2019-09-17 18:54:24.410085 Анализируем удаление/добавление файлов
INFO:root:Дата 2019-09-17 18:54:24.413801 Анализируем удаление/добавление файлов
INFO:root:Дата 2019-09-17 18:54:24.417591 Анализируем удаление/добавление файлов
INFO:root:Дата 2019-09-17 18:54:24.423634 Анализируем удаление/добавление файлов
INFO:root:Дата 2019-09-17 18:54:24.427011 Анализируем удаление/добавление файлов
INFO:root:Дата 2019-09-17 18:54:24.431184 Анализируем удаление/добавление файлов
INFO:root:Дата 2019-09-17 18:54:24.439142 Анализируем удаление/добавление файлов
INFO:root:Дата 2019-09-17 18:54:24.442203 Анализируем удаление/добавление файлов
INFO:root:Дата 2019-09-17 18:54:24.444530 Анализируем удаление/добавление файлов
INFO:root:Дата 2019-09-17 18:54:24.447573 Анализируем удаление/добавление файлов
INFO:root:Дата 2019-09-17 18:54:24.451258 Анализируем удаление/добавление файлов
INFO:root:Дата 2019-09-17 18:54:24.454539 Анализируем удаление/добавление файлов
INFO:root:Дата 2019-09-17 18:54:24.458711 Анализируем удаление/добавление файлов
INFO:root:Дата 2019-09-17 18:54:24.461405 Анализируем удаление/добавление файлов
INFO:root:Дата 2019-09-17 18:54:24.466191 Анализируем удаление/добавление файлов
INFO:root:Дата 2019-09-17 18:54:24.471127 Анализируем удаление/добавление файлов
INFO:root:Дата 2019-09-17 18:54:24.474806 Анализируем удаление/добавление файлов
INFO:root:Дата 2019-09-17 18:54:24.479852 Анализируем удаление/добавление файлов
INFO:root:Дата 2019-09-17 18:54:24.483162 Анализируем удаление/добавление файлов
INFO:root:Дата 2019-09-17 18:54:24.488983 Анализируем удаление/добавление файлов
INFO:root:Дата 2019-09-17 18:54:24.492633 Анализируем удаление/добавление файлов
INFO:root:Дата 2019-09-17 18:54:24.497662 Анализируем удаление/добавление файлов
INFO:root:Дата 2019-09-17 18:54:24.500286 Анализируем удаление/добавление файлов
INFO:root:Дата 2019-09-17 18:54:24.503831 Анализируем удаление/добавление файлов
INFO:root:Дата 2019-09-17 18:54:24.507311 Анализируем удаление/добавление файлов
INFO:root:Дата 2019-09-17 18:54:24.509519 Анализируем удаление/добавление файлов
INFO:root:Дата 2019-09-17 18:54:24.520263 Анализируем удаление/добавление файлов
INFO:root:Дата 2019-09-17 18:54:24.528955 Анализируем удаление/добавление файлов
INFO:root:Дата 2019-09-17 18:54:24.542050 Анализируем удаление/добавление файлов
INFO:root:Дата 2019-09-17 18:54:24.544304 Анализируем удаление/добавление файлов
INFO:root:Дата 2019-09-17 18:54:24.546394 Анализируем удаление/добавление файлов
INFO:root:Дата 2019-09-17 18:54:24.548232 Анализируем удаление/добавление файлов
INFO:root:Дата 2019-09-17 18:54:24.551197 Анализируем удаление/добавление файлов
INFO:root:Дата 2019-09-17 18:54:24.554464 Анализируем удаление/добавление файлов
INFO:root:Дата 2019-09-17 18:54:24.556479 Анализируем удаление/добавление файлов
INFO:root:Дата 2019-09-17 18:54:24.558644 Анализируем удаление/добавление файлов
INFO:root:Дата 2019-09-17 18:54:24.560598 Анализируем удаление/добавление файлов
INFO:root:Дата 2019-09-17 18:54:24.562770 Анализируем удаление/добавление файлов
INFO:root:Дата 2019-09-17 18:54:24.564636 Анализируем удаление/добавление файлов
INFO:root:Дата 2019-09-17 18:54:24.566564 Анализируем удаление/добавление файлов
INFO:root:Дата 2019-09-17 18:54:24.568580 Анализируем удаление/добавление файлов
INFO:root:Дата 2019-09-17 18:54:24.570566 Анализируем удаление/добавление файлов
INFO:root:Дата 2019-09-17 18:54:24.572696 Анализируем удаление/добавление файлов
INFO:root:Дата 2019-09-17 18:54:24.575225 Анализируем удаление/добавление файлов
INFO:root:Дата 2019-09-17 18:54:24.577754 Анализируем удаление/добавление файлов
INFO:root:Дата 2019-09-17 18:54:24.581481 Анализируем удаление/добавление файлов
INFO:root:Дата 2019-09-17 18:54:24.583825 Анализируем удаление/добавление файлов
INFO:root:Дата 2019-09-17 18:54:24.585803 Анализируем удаление/добавление файлов
INFO:root:Дата 2019-09-17 18:54:24.588106 Анализируем удаление/добавление файлов
INFO:root:Дата 2019-09-17 18:54:24.590900 Анализируем удаление/добавление файлов
INFO:root:Дата 2019-09-17 18:54:24.592717 Анализируем удаление/добавление файлов
INFO:root:Дата 2019-09-17 18:54:24.594484 Анализируем удаление/добавление файлов
INFO:root:Дата 2019-09-17 18:54:24.596574 Анализируем удаление/добавление файлов
INFO:root:Дата 2019-09-17 18:54:24.599028 Анализируем удаление/добавление файлов
INFO:root:Дата 2019-09-17 18:54:24.602215 Анализируем удаление/добавление файлов
INFO:root:Дата 2019-09-17 18:54:24.606526 Анализируем удаление/добавление файлов
INFO:root:Дата 2019-09-17 18:54:24.618886 Анализируем удаление/добавление файлов
INFO:root:Дата 2019-09-17 18:54:24.625087 Анализируем удаление/добавление файлов
INFO:root:Дата 2019-09-17 18:54:24.628578 Анализируем удаление/добавление файлов
INFO:root:Дата 2019-09-17 18:54:24.632303 Анализируем удаление/добавление файлов
INFO:root:Дата 2019-09-17 18:54:24.641513 Анализируем удаление/добавление файлов
INFO:root:Дата 2019-09-17 18:54:24.646059 Анализируем удаление/добавление файлов
INFO:root:Дата 2019-09-17 18:54:24.648788 Анализируем удаление/добавление файлов
INFO:root:Дата 2019-09-17 18:54:24.651606 Анализируем удаление/добавление файлов
INFO:root:Дата 2019-09-17 18:54:24.653814 Анализируем удаление/добавление файлов
INFO:root:Дата 2019-09-17 18:54:24.680823 Анализируем удаление/добавление файлов
INFO:root:Дата 2019-09-17 18:54:24.692754 Анализируем удаление/добавление файлов
INFO:root:Дата 2019-09-17 18:54:24.706727 Анализируем удаление/добавление файлов
INFO:root:Дата 2019-09-17 18:54:24.711397 Анализируем удаление/добавление файлов
INFO:root:Дата 2019-09-17 18:54:24.713678 Анализируем удаление/добавление файлов
INFO:root:Дата 2019-09-17 18:54:24.716481 Анализируем удаление/добавление файлов
INFO:root:Дата 2019-09-17 18:54:24.720066 Анализируем удаление/добавление файлов
INFO:root:Дата 2019-09-17 18:54:24.722853 Анализируем удаление/добавление файлов
INFO:root:Дата 2019-09-17 18:54:24.725866 Анализируем удаление/добавление файлов
INFO:root:Дата 2019-09-17 18:54:24.728113 Анализируем удаление/добавление файлов
INFO:root:Дата 2019-09-17 18:54:24.730271 Анализируем удаление/добавление файлов
INFO:root:Дата 2019-09-17 18:54:24.732201 Анализируем удаление/добавление файлов
INFO:root:Дата 2019-09-17 18:54:24.737931 Анализируем удаление/добавление файлов
INFO:root:Дата 2019-09-17 18:54:24.740934 Анализируем удаление/добавление файлов
INFO:root:Дата 2019-09-17 18:54:24.742932 Анализируем удаление/добавление файлов
INFO:root:Дата 2019-09-17 18:54:24.745222 Анализируем удаление/добавление файлов
INFO:root:Дата 2019-09-17 18:54:24.747277 Анализируем удаление/добавление файлов
INFO:root:Дата 2019-09-17 18:54:24.749505 Анализируем удаление/добавление файлов
INFO:root:Дата 2019-09-17 18:54:24.752168 Анализируем удаление/добавление файлов
INFO:root:Дата 2019-09-17 18:54:24.755256 Анализируем удаление/добавление файлов
INFO:root:Дата 2019-09-17 18:54:24.756973 Анализируем удаление/добавление файлов
INFO:root:Дата 2019-09-17 18:54:24.758991 Анализируем удаление/добавление файлов
INFO:root:Дата 2019-09-17 18:54:24.760958 Анализируем удаление/добавление файлов
INFO:root:Дата 2019-09-17 18:54:24.763432 Анализируем удаление/добавление файлов
INFO:root:Дата 2019-09-17 18:54:24.765430 Анализируем удаление/добавление файлов
INFO:root:Дата 2019-09-17 18:54:24.767822 Анализируем удаление/добавление файлов
INFO:root:Дата 2019-09-17 18:54:24.770626 Анализируем удаление/добавление файлов
INFO:root:Дата 2019-09-17 18:54:24.772651 Анализируем удаление/добавление файлов
INFO:root:Дата 2019-09-17 18:54:24.774533 Анализируем удаление/добавление файлов
INFO:root:Дата 2019-09-17 18:54:24.777773 Анализируем удаление/добавление файлов
INFO:root:Дата 2019-09-17 18:54:24.780370 Анализируем удаление/добавление файлов
INFO:root:Дата 2019-09-17 18:54:24.783610 Анализируем удаление/добавление файлов
INFO:root:Дата 2019-09-17 18:54:24.789660 Анализируем удаление/добавление файлов
INFO:root:Дата 2019-09-17 18:54:24.793110 Анализируем удаление/добавление файлов
INFO:root:Дата 2019-09-17 18:54:24.795416 Анализируем удаление/добавление файлов
INFO:root:Дата 2019-09-17 18:54:24.797602 Анализируем удаление/добавление файлов
INFO:root:Дата 2019-09-17 18:54:24.800012 Анализируем удаление/добавление файлов
INFO:root:Дата 2019-09-17 18:54:24.802785 Анализируем удаление/добавление файлов
INFO:root:Дата 2019-09-17 18:54:24.805273 Анализируем удаление/добавление файлов
INFO:root:Дата 2019-09-17 18:54:24.807288 Анализируем удаление/добавление файлов
INFO:root:Дата 2019-09-17 18:54:24.814033 Анализируем удаление/добавление файлов
INFO:root:Дата 2019-09-17 18:54:24.817369 Анализируем удаление/добавление файлов
INFO:root:Дата 2019-09-17 18:54:24.823502 Анализируем удаление/добавление файлов
INFO:root:Дата 2019-09-17 18:54:24.834907 Анализируем удаление/добавление файлов
INFO:root:Дата 2019-09-17 18:54:24.840104 Анализируем удаление/добавление файлов
INFO:root:Дата 2019-09-17 18:54:24.846506 Анализируем удаление/добавление файлов
INFO:root:Дата 2019-09-17 18:54:24.855564 Анализируем удаление/добавление файлов
INFO:root:Дата 2019-09-17 18:54:24.857801 Анализируем удаление/добавление файлов
INFO:root:Дата 2019-09-17 18:54:24.860042 Анализируем удаление/добавление файлов
INFO:root:Дата 2019-09-17 18:54:24.871788 Анализируем удаление/добавление файлов
INFO:root:Дата 2019-09-17 18:54:24.876396 Анализируем удаление/добавление файлов
INFO:root:Дата 2019-09-17 18:54:24.879004 Анализируем удаление/добавление файлов
INFO:root:Дата 2019-09-17 18:54:24.881094 Анализируем удаление/добавление файлов
INFO:root:Дата 2019-09-17 18:54:24.883004 Анализируем удаление/добавление файлов
INFO:root:Дата 2019-09-17 18:54:24.884957 Анализируем удаление/добавление файлов
INFO:root:Дата 2019-09-17 18:54:24.886839 Анализируем удаление/добавление файлов
INFO:root:Дата 2019-09-17 18:54:24.889005 Анализируем удаление/добавление файлов
INFO:root:Дата 2019-09-17 18:54:24.891404 Анализируем удаление/добавление файлов
INFO:root:Дата 2019-09-17 18:54:24.893863 Анализируем удаление/добавление файлов
INFO:root:Дата 2019-09-17 18:54:24.897527 Анализируем удаление/добавление файлов
INFO:root:Дата 2019-09-17 18:54:24.900584 Анализируем удаление/добавление файлов
INFO:root:Дата 2019-09-17 18:54:24.903464 Анализируем удаление/добавление файлов
INFO:root:Дата 2019-09-17 18:54:24.905704 Анализируем удаление/добавление файлов
INFO:root:Дата 2019-09-17 18:54:24.908126 Анализируем удаление/добавление файлов
INFO:root:Дата 2019-09-17 18:54:24.910215 Анализируем удаление/добавление файлов
INFO:root:Дата 2019-09-17 18:54:24.912824 Анализируем удаление/добавление файлов
INFO:root:Дата 2019-09-17 18:54:24.916679 Анализируем удаление/добавление файлов
INFO:root:Дата 2019-09-17 18:54:24.919284 Анализируем удаление/добавление файлов
INFO:root:Дата 2019-09-17 18:54:24.921452 Анализируем удаление/добавление файлов
INFO:root:Дата 2019-09-17 18:54:24.923499 Анализируем удаление/добавление файлов
INFO:root:Дата 2019-09-17 18:54:24.925640 Анализируем удаление/добавление файлов
INFO:root:Дата 2019-09-17 18:54:24.927715 Анализируем удаление/добавление файлов
INFO:root:Дата 2019-09-17 18:54:24.931125 Анализируем удаление/добавление файлов
INFO:root:Дата 2019-09-17 18:54:24.933332 Анализируем удаление/добавление файлов
INFO:root:Дата 2019-09-17 18:54:24.935619 Анализируем удаление/добавление файлов
INFO:root:Дата 2019-09-17 18:54:24.942143 Анализируем удаление/добавление файлов
INFO:root:Дата 2019-09-17 18:54:24.944669 Анализируем удаление/добавление файлов
INFO:root:Дата 2019-09-17 18:54:24.946874 Анализируем удаление/добавление файлов
INFO:root:Дата 2019-09-17 18:54:24.949185 Анализируем удаление/добавление файлов
INFO:root:Дата 2019-09-17 18:54:24.951598 Анализируем удаление/добавление файлов
INFO:root:Дата 2019-09-17 18:54:24.953611 Анализируем удаление/добавление файлов
INFO:root:Дата 2019-09-17 18:54:24.955580 Анализируем удаление/добавление файлов
INFO:root:Дата 2019-09-17 18:54:24.958170 Анализируем удаление/добавление файлов
INFO:root:Дата 2019-09-17 18:54:24.960336 Анализируем удаление/добавление файлов
INFO:root:Дата 2019-09-17 18:54:24.962250 Анализируем удаление/добавление файлов
INFO:root:Дата 2019-09-17 18:54:24.964299 Анализируем удаление/добавление файлов
INFO:root:Дата 2019-09-17 18:54:24.966373 Анализируем удаление/добавление файлов
INFO:root:Дата 2019-09-17 18:54:24.968317 Анализируем удаление/добавление файлов
INFO:root:Дата 2019-09-17 18:54:24.970795 Анализируем удаление/добавление файлов
INFO:root:Дата 2019-09-17 18:54:24.972866 Анализируем удаление/добавление файлов
INFO:root:Дата 2019-09-17 18:54:24.975729 Анализируем удаление/добавление файлов
INFO:root:Дата 2019-09-17 18:54:24.978667 Анализируем удаление/добавление файлов
INFO:root:Дата 2019-09-17 18:54:24.980957 Анализируем удаление/добавление файлов
INFO:root:Дата 2019-09-17 18:54:24.983202 Анализируем удаление/добавление файлов
INFO:root:Дата 2019-09-17 18:54:24.995926 Анализируем удаление/добавление файлов
INFO:root:Дата 2019-09-17 18:54:24.998388 Анализируем удаление/добавление файлов
INFO:root:Дата 2019-09-17 18:54:25.001572 Анализируем удаление/добавление файлов
INFO:root:Дата 2019-09-17 18:54:25.004169 Анализируем удаление/добавление файлов
INFO:root:Дата 2019-09-17 18:54:25.006612 Анализируем удаление/добавление файлов
INFO:root:Дата 2019-09-17 18:54:25.026751 Анализируем удаление/добавление файлов
INFO:root:Дата 2019-09-17 18:54:25.044260 Анализируем удаление/добавление файлов
INFO:root:Дата 2019-09-17 18:54:25.055254 Анализируем удаление/добавление файлов
INFO:root:Дата 2019-09-17 18:54:25.058103 Анализируем удаление/добавление файлов
INFO:root:Дата 2019-09-17 18:54:25.073820 Анализируем удаление/добавление файлов
INFO:root:Дата 2019-09-17 18:54:25.076407 Анализируем удаление/добавление файлов
INFO:root:Дата 2019-09-17 18:54:25.078641 Анализируем удаление/добавление файлов
INFO:root:Дата 2019-09-17 18:54:25.082086 Анализируем удаление/добавление файлов
INFO:root:Дата 2019-09-17 18:54:25.087445 Анализируем удаление/добавление файлов
INFO:root:Дата 2019-09-17 18:54:25.089688 Анализируем удаление/добавление файлов
INFO:root:Дата 2019-09-17 18:54:25.091722 Анализируем удаление/добавление файлов
INFO:root:Дата 2019-09-17 18:54:25.093623 Анализируем удаление/добавление файлов
INFO:root:Дата 2019-09-17 18:54:25.096924 Анализируем удаление/добавление файлов
INFO:root:Дата 2019-09-17 18:54:25.100321 Анализируем удаление/добавление файлов
INFO:root:Дата 2019-09-17 18:54:25.110865 Анализируем удаление/добавление файлов
INFO:root:Дата 2019-09-17 18:54:25.113705 Анализируем удаление/добавление файлов
INFO:root:Дата 2019-09-17 18:54:25.116437 Анализируем удаление/добавление файлов
INFO:root:Дата 2019-09-17 18:54:25.119087 Анализируем удаление/добавление файлов
INFO:root:Дата 2019-09-17 18:54:25.122521 Анализируем удаление/добавление файлов
INFO:root:Дата 2019-09-17 18:54:25.124530 Анализируем удаление/добавление файлов
INFO:root:Дата 2019-09-17 18:54:25.126368 Анализируем удаление/добавление файлов
INFO:root:Дата 2019-09-17 18:54:25.128363 Анализируем удаление/добавление файлов
INFO:root:Дата 2019-09-17 18:54:25.132913 Анализируем удаление/добавление файлов
INFO:root:Дата 2019-09-17 18:54:25.146604 Анализируем удаление/добавление файлов
INFO:root:Дата 2019-09-17 18:54:25.148601 Анализируем удаление/добавление файлов
INFO:root:Дата 2019-09-17 18:54:25.152006 Анализируем удаление/добавление файлов
INFO:root:Дата 2019-09-17 18:54:25.154638 Анализируем удаление/добавление файлов
INFO:root:Дата 2019-09-17 18:54:25.157184 Анализируем удаление/добавление файлов
INFO:root:Дата 2019-09-17 18:54:25.160267 Анализируем удаление/добавление файлов
INFO:root:Дата 2019-09-17 18:54:25.162328 Анализируем удаление/добавление файлов
INFO:root:Дата 2019-09-17 18:54:25.164638 Анализируем удаление/добавление файлов
INFO:root:Дата 2019-09-17 18:54:25.166801 Анализируем удаление/добавление файлов
INFO:root:Дата 2019-09-17 18:54:25.169476 Анализируем удаление/добавление файлов
INFO:root:Дата 2019-09-17 18:54:25.172076 Анализируем удаление/добавление файлов
INFO:root:Дата 2019-09-17 18:54:25.175982 Анализируем удаление/добавление файлов
INFO:root:Дата 2019-09-17 18:54:25.179115 Анализируем удаление/добавление файлов
INFO:root:Дата 2019-09-17 18:54:25.181374 Анализируем удаление/добавление файлов
INFO:root:Дата 2019-09-17 18:54:25.183753 Анализируем удаление/добавление файлов
INFO:root:Дата 2019-09-17 18:54:25.186355 Анализируем удаление/добавление файлов
INFO:root:Дата 2019-09-17 18:54:25.188602 Анализируем удаление/добавление файлов
INFO:root:Дата 2019-09-17 18:54:25.192386 Анализируем удаление/добавление файлов
INFO:root:Дата 2019-09-17 18:54:25.194799 Анализируем удаление/добавление файлов
INFO:root:Дата 2019-09-17 18:54:25.197015 Анализируем удаление/добавление файлов
INFO:root:Дата 2019-09-17 18:54:25.199110 Анализируем удаление/добавление файлов
INFO:root:Дата 2019-09-17 18:54:25.201407 Анализируем удаление/добавление файлов
INFO:root:Дата 2019-09-17 18:54:25.203752 Анализируем удаление/добавление файлов
INFO:root:Дата 2019-09-17 18:54:25.206152 Анализируем удаление/добавление файлов
INFO:root:Дата 2019-09-17 18:54:25.209091 Анализируем удаление/добавление файлов
INFO:root:Дата 2019-09-17 18:54:25.211405 Анализируем удаление/добавление файлов
INFO:root:Дата 2019-09-17 18:54:25.213567 Анализируем удаление/добавление файлов
INFO:root:Дата 2019-09-17 18:54:25.216730 Анализируем удаление/добавление файлов
INFO:root:Дата 2019-09-17 18:54:25.219412 Анализируем удаление/добавление файлов
INFO:root:Дата 2019-09-17 18:54:25.222383 Анализируем удаление/добавление файлов
INFO:root:Дата 2019-09-17 18:54:25.224934 Анализируем удаление/добавление файлов
INFO:root:Дата 2019-09-17 18:54:25.227008 Анализируем удаление/добавление файлов
INFO:root:Дата 2019-09-17 18:54:25.231845 Анализируем удаление/добавление файлов
INFO:root:Дата 2019-09-17 18:54:25.244602 Анализируем удаление/добавление файлов
INFO:root:Дата 2019-09-17 18:54:25.264849 Анализируем удаление/добавление файлов
INFO:root:Дата 2019-09-17 18:54:25.278874 Анализируем удаление/добавление файлов
INFO:root:Дата 2019-09-17 18:54:25.281776 Анализируем удаление/добавление файлов
INFO:root:Дата 2019-09-17 18:54:25.284521 Анализируем удаление/добавление файлов
INFO:root:Дата 2019-09-17 18:54:25.287080 Анализируем удаление/добавление файлов
INFO:root:Дата 2019-09-17 18:54:25.290253 Анализируем удаление/добавление файлов
INFO:root:Дата 2019-09-17 18:54:25.293048 Анализируем удаление/добавление файлов
INFO:root:Дата 2019-09-17 18:54:25.299136 Анализируем удаление/добавление файлов
INFO:root:Дата 2019-09-17 18:54:25.307379 Анализируем удаление/добавление файлов
INFO:root:Дата 2019-09-17 18:54:25.311596 Анализируем удаление/добавление файлов
INFO:root:Дата 2019-09-17 18:54:25.315134 Анализируем удаление/добавление файлов
INFO:root:Дата 2019-09-17 18:54:25.318309 Анализируем удаление/добавление файлов
INFO:root:Дата 2019-09-17 18:54:25.321370 Анализируем удаление/добавление файлов
INFO:root:Дата 2019-09-17 18:54:25.323714 Анализируем удаление/добавление файлов
INFO:root:Дата 2019-09-17 18:54:25.327078 Анализируем удаление/добавление файлов
INFO:root:Дата 2019-09-17 18:54:25.329931 Анализируем удаление/добавление файлов
INFO:root:Дата 2019-09-17 18:54:25.332553 Анализируем удаление/добавление файлов
INFO:root:Дата 2019-09-17 18:54:25.343503 Анализируем удаление/добавление файлов
INFO:root:Дата 2019-09-17 18:54:25.346170 Анализируем удаление/добавление файлов
INFO:root:Дата 2019-09-17 18:54:25.348719 Анализируем удаление/добавление файлов
INFO:root:Дата 2019-09-17 18:54:25.351713 Анализируем удаление/добавление файлов
INFO:root:Дата 2019-09-17 18:54:25.354467 Анализируем удаление/добавление файлов
INFO:root:Дата 2019-09-17 18:54:25.356700 Анализируем удаление/добавление файлов
INFO:root:Дата 2019-09-17 18:54:25.359056 Анализируем удаление/добавление файлов
INFO:root:Дата 2019-09-17 18:54:25.361944 Анализируем удаление/добавление файлов
INFO:root:Дата 2019-09-17 18:54:25.364260 Анализируем удаление/добавление файлов
INFO:root:Дата 2019-09-17 18:54:25.368338 Анализируем удаление/добавление файлов
INFO:root:Дата 2019-09-17 18:54:25.371748 Анализируем удаление/добавление файлов
INFO:root:Дата 2019-09-17 18:54:25.374092 Анализируем удаление/добавление файлов
INFO:root:Дата 2019-09-17 18:54:25.378111 Анализируем удаление/добавление файлов
INFO:root:Дата 2019-09-17 18:54:25.380972 Анализируем удаление/добавление файлов
INFO:root:Дата 2019-09-17 18:54:25.383654 Анализируем удаление/добавление файлов
INFO:root:Дата 2019-09-17 18:54:25.385937 Анализируем удаление/добавление файлов
INFO:root:Дата 2019-09-17 18:54:25.388372 Анализируем удаление/добавление файлов
INFO:root:Дата 2019-09-17 18:54:25.394318 Анализируем удаление/добавление файлов
INFO:root:Дата 2019-09-17 18:54:25.402624 Анализируем удаление/добавление файлов
INFO:root:Дата 2019-09-17 18:54:25.423175 Анализируем удаление/добавление файлов
INFO:root:Дата 2019-09-17 18:54:25.435421 Анализируем удаление/добавление файлов
INFO:root:Дата 2019-09-17 18:54:25.445941 Анализируем удаление/добавление файлов
INFO:root:Дата 2019-09-17 18:54:25.448517 Анализируем удаление/добавление файлов
INFO:root:Дата 2019-09-17 18:54:25.452234 Анализируем удаление/добавление файлов
INFO:root:Дата 2019-09-17 18:54:25.457858 Анализируем удаление/добавление файлов
INFO:root:Дата 2019-09-17 18:54:25.461306 Анализируем удаление/добавление файлов
INFO:root:Дата 2019-09-17 18:54:25.463719 Анализируем удаление/добавление файлов
INFO:root:Дата 2019-09-17 18:54:25.466644 Анализируем удаление/добавление файлов
INFO:root:Дата 2019-09-17 18:54:25.471323 Анализируем удаление/добавление файлов
INFO:root:Дата 2019-09-17 18:54:25.476526 Анализируем удаление/добавление файлов
INFO:root:Дата 2019-09-17 18:54:25.479529 Анализируем удаление/добавление файлов
INFO:root:Дата 2019-09-17 18:54:25.482378 Анализируем удаление/добавление файлов
INFO:root:Дата 2019-09-17 18:54:25.487103 Анализируем удаление/добавление файлов
INFO:root:Дата 2019-09-17 18:54:25.491057 Анализируем удаление/добавление файлов
INFO:root:Дата 2019-09-17 18:54:25.496430 Анализируем удаление/добавление файлов
INFO:root:Дата 2019-09-17 18:54:25.508423 Анализируем удаление/добавление файлов
INFO:root:Дата 2019-09-17 18:54:25.511764 Анализируем удаление/добавление файлов
INFO:root:Дата 2019-09-17 18:54:25.514898 Анализируем удаление/добавление файлов
INFO:root:Дата 2019-09-17 18:54:25.519636 Анализируем удаление/добавление файлов
INFO:root:Дата 2019-09-17 18:54:25.523718 Анализируем удаление/добавление файлов
INFO:root:Дата 2019-09-17 18:54:25.525716 Анализируем удаление/добавление файлов
INFO:root:Дата 2019-09-17 18:54:25.528994 Анализируем удаление/добавление файлов
INFO:root:Дата 2019-09-17 18:54:25.532801 Анализируем удаление/добавление файлов
INFO:root:Дата 2019-09-17 18:54:25.537769 Анализируем удаление/добавление файлов
INFO:root:Дата 2019-09-17 18:54:25.545323 Анализируем удаление/добавление файлов
INFO:root:Дата 2019-09-17 18:54:25.549077 Анализируем удаление/добавление файлов
INFO:root:Дата 2019-09-17 18:54:25.553126 Анализируем удаление/добавление файлов
INFO:root:Дата 2019-09-17 18:54:25.556467 Анализируем удаление/добавление файлов
INFO:root:Дата 2019-09-17 18:54:25.559431 Анализируем удаление/добавление файлов
INFO:root:Дата 2019-09-17 18:54:25.562258 Анализируем удаление/добавление файлов
INFO:root:Дата 2019-09-17 18:54:25.564932 Анализируем удаление/добавление файлов
INFO:root:Дата 2019-09-17 18:54:25.567296 Анализируем удаление/добавление файлов
INFO:root:Дата 2019-09-17 18:54:25.570477 Анализируем удаление/добавление файлов
INFO:root:Дата 2019-09-17 18:54:25.573172 Анализируем удаление/добавление файлов
INFO:root:Дата 2019-09-17 18:54:25.577564 Анализируем удаление/добавление файлов
INFO:root:Дата 2019-09-17 18:54:25.581174 Анализируем удаление/добавление файлов
INFO:root:Дата 2019-09-17 18:54:25.584054 Анализируем удаление/добавление файлов
INFO:root:Дата 2019-09-17 18:54:25.599435 Анализируем удаление/добавление файлов
INFO:root:Дата 2019-09-17 18:54:25.602316 Анализируем удаление/добавление файлов
INFO:root:Дата 2019-09-17 18:54:25.610599 Анализируем удаление/добавление файлов
INFO:root:Дата 2019-09-17 18:54:25.620572 Анализируем удаление/добавление файлов
INFO:root:Дата 2019-09-17 18:54:25.626468 Анализируем удаление/добавление файлов
INFO:root:Дата 2019-09-17 18:54:25.651119 Анализируем удаление/добавление файлов
INFO:root:Дата 2019-09-17 18:54:25.654534 Анализируем удаление/добавление файлов
INFO:root:Дата 2019-09-17 18:54:25.665199 Анализируем удаление/добавление файлов
INFO:root:Дата 2019-09-17 18:54:25.674904 Анализируем удаление/добавление файлов
INFO:root:Дата 2019-09-17 18:54:25.678121 Анализируем удаление/добавление файлов
INFO:root:Дата 2019-09-17 18:54:25.680296 Анализируем удаление/добавление файлов
INFO:root:Дата 2019-09-17 18:54:25.683282 Анализируем удаление/добавление файлов
INFO:root:Дата 2019-09-17 18:54:25.690552 Анализируем удаление/добавление файлов
INFO:root:Дата 2019-09-17 18:54:25.703084 Анализируем удаление/добавление файлов
INFO:root:Дата 2019-09-17 18:54:25.705815 Анализируем удаление/добавление файлов
INFO:root:Дата 2019-09-17 18:54:25.709279 Анализируем удаление/добавление файлов
INFO:root:Дата 2019-09-17 18:54:25.713780 Анализируем удаление/добавление файлов
INFO:root:Дата 2019-09-17 18:54:25.718037 Анализируем удаление/добавление файлов
INFO:root:Дата 2019-09-17 18:54:25.720998 Анализируем удаление/добавление файлов
INFO:root:Дата 2019-09-17 18:54:25.725246 Анализируем удаление/добавление файлов
INFO:root:Дата 2019-09-17 18:54:25.733229 Анализируем удаление/добавление файлов
INFO:root:Дата 2019-09-17 18:54:25.771438 Анализируем удаление/добавление файлов
INFO:root:Дата 2019-09-17 18:54:25.784834 Анализируем удаление/добавление файлов
INFO:root:Дата 2019-09-17 18:54:25.787769 Анализируем удаление/добавление файлов
INFO:root:Дата 2019-09-17 18:54:25.794362 Анализируем удаление/добавление файлов
INFO:root:Дата 2019-09-17 18:54:25.797094 Анализируем удаление/добавление файлов
INFO:root:Дата 2019-09-17 18:54:25.799178 Анализируем удаление/добавление файлов
INFO:root:Дата 2019-09-17 18:54:25.801007 Анализируем удаление/добавление файлов
INFO:root:Дата 2019-09-17 18:54:25.803302 Анализируем удаление/добавление файлов
INFO:root:Дата 2019-09-17 18:54:25.805549 Анализируем удаление/добавление файлов
INFO:root:Дата 2019-09-17 18:54:25.807517 Анализируем удаление/добавление файлов
INFO:root:Дата 2019-09-17 18:54:25.809462 Анализируем удаление/добавление файлов
INFO:root:Дата 2019-09-17 18:54:25.811754 Анализируем удаление/добавление файлов
INFO:root:Дата 2019-09-17 18:54:25.814618 Анализируем удаление/добавление файлов
INFO:root:Дата 2019-09-17 18:54:25.817398 Анализируем удаление/добавление файлов
INFO:root:Дата 2019-09-17 18:54:25.819868 Анализируем удаление/добавление файлов
INFO:root:Дата 2019-09-17 18:54:25.822968 Анализируем удаление/добавление файлов
INFO:root:Дата 2019-09-17 18:54:25.827750 Анализируем удаление/добавление файлов
INFO:root:Дата 2019-09-17 18:54:25.830604 Анализируем удаление/добавление файлов
INFO:root:Дата 2019-09-17 18:54:25.835752 Анализируем удаление/добавление файлов
INFO:root:Дата 2019-09-17 18:54:25.838311 Анализируем удаление/добавление файлов
INFO:root:Дата 2019-09-17 18:54:25.840599 Анализируем удаление/добавление файлов
INFO:root:Дата 2019-09-17 18:54:25.842726 Анализируем удаление/добавление файлов
INFO:root:Дата 2019-09-17 18:54:25.844943 Анализируем удаление/добавление файлов
INFO:root:Дата 2019-09-17 18:54:25.847018 Анализируем удаление/добавление файлов
INFO:root:Дата 2019-09-17 18:54:25.849883 Анализируем удаление/добавление файлов
INFO:root:Дата 2019-09-17 18:54:25.854071 Анализируем удаление/добавление файлов
INFO:root:Дата 2019-09-17 18:54:25.865499 Анализируем удаление/добавление файлов
INFO:root:Дата 2019-09-17 18:54:25.868537 Анализируем удаление/добавление файлов
INFO:root:Дата 2019-09-17 18:54:25.872206 Анализируем удаление/добавление файлов
INFO:root:Дата 2019-09-17 18:54:25.874922 Анализируем удаление/добавление файлов
INFO:root:Дата 2019-09-17 18:54:25.877440 Анализируем удаление/добавление файлов
INFO:root:Дата 2019-09-17 18:54:25.880264 Анализируем удаление/добавление файлов
INFO:root:Дата 2019-09-17 18:54:25.882643 Анализируем удаление/добавление файлов
INFO:root:Дата 2019-09-17 18:54:25.885136 Анализируем удаление/добавление файлов
INFO:root:Дата 2019-09-17 18:54:25.887972 Анализируем удаление/добавление файлов
INFO:root:Дата 2019-09-17 18:54:25.892741 Анализируем удаление/добавление файлов
INFO:root:Дата 2019-09-17 18:54:25.897138 Анализируем удаление/добавление файлов
INFO:root:Дата 2019-09-17 18:54:25.906246 Анализируем удаление/добавление файлов
INFO:root:Дата 2019-09-17 18:54:25.910746 Анализируем удаление/добавление файлов
INFO:root:Дата 2019-09-17 18:54:25.916408 Анализируем удаление/добавление файлов
INFO:root:Дата 2019-09-17 18:54:25.919223 Анализируем удаление/добавление файлов
INFO:root:Дата 2019-09-17 18:54:25.921608 Анализируем удаление/добавление файлов
INFO:root:Дата 2019-09-17 18:54:25.923712 Анализируем удаление/добавление файлов
INFO:root:Дата 2019-09-17 18:54:25.927482 Анализируем удаление/добавление файлов
INFO:root:Дата 2019-09-17 18:54:25.930741 Анализируем удаление/добавление файлов
INFO:root:Дата 2019-09-17 18:54:25.932819 Анализируем удаление/добавление файлов
INFO:root:Дата 2019-09-17 18:54:25.936684 Анализируем удаление/добавление файлов
INFO:root:Дата 2019-09-17 18:54:25.942708 Анализируем удаление/добавление файлов
INFO:root:Дата 2019-09-17 18:54:25.945603 Анализируем удаление/добавление файлов
INFO:root:Дата 2019-09-17 18:54:25.959429 Анализируем удаление/добавление файлов
INFO:root:Дата 2019-09-17 18:54:25.972936 Анализируем удаление/добавление файлов
INFO:root:Дата 2019-09-17 18:54:25.990856 Анализируем удаление/добавление файлов
INFO:root:Дата 2019-09-17 18:54:25.993875 Анализируем удаление/добавление файлов
INFO:root:Дата 2019-09-17 18:54:25.998226 Анализируем удаление/добавление файлов
INFO:root:Дата 2019-09-17 18:54:26.000784 Анализируем удаление/добавление файлов
INFO:root:Дата 2019-09-17 18:54:26.005618 Анализируем удаление/добавление файлов
INFO:root:Дата 2019-09-17 18:54:26.008015 Анализируем удаление/добавление файлов
INFO:root:Дата 2019-09-17 18:54:26.011290 Анализируем удаление/добавление файлов
INFO:root:Дата 2019-09-17 18:54:26.022080 Анализируем удаление/добавление файлов
INFO:root:Дата 2019-09-17 18:54:26.027918 Анализируем удаление/добавление файлов
INFO:root:Дата 2019-09-17 18:54:26.030387 Анализируем удаление/добавление файлов
INFO:root:Дата 2019-09-17 18:54:26.033346 Анализируем удаление/добавление файлов
INFO:root:Дата 2019-09-17 18:54:26.038121 Анализируем удаление/добавление файлов
INFO:root:Дата 2019-09-17 18:54:26.040389 Анализируем удаление/добавление файлов
INFO:root:Дата 2019-09-17 18:54:26.043651 Анализируем удаление/добавление файлов
INFO:root:Дата 2019-09-17 18:54:26.046142 Анализируем удаление/добавление файлов
INFO:root:Дата 2019-09-17 18:54:26.048460 Анализируем удаление/добавление файлов
INFO:root:Дата 2019-09-17 18:54:26.050786 Анализируем удаление/добавление файлов
INFO:root:Дата 2019-09-17 18:54:26.053524 Анализируем удаление/добавление файлов
INFO:root:Дата 2019-09-17 18:54:26.076656 Анализируем удаление/добавление файлов
INFO:root:Дата 2019-09-17 18:54:26.082801 Анализируем удаление/добавление файлов
INFO:root:Дата 2019-09-17 18:54:26.090560 Анализируем удаление/добавление файлов
INFO:root:Дата 2019-09-17 18:54:26.093440 Анализируем удаление/добавление файлов
INFO:root:Дата 2019-09-17 18:54:26.095996 Анализируем удаление/добавление файлов
INFO:root:Дата 2019-09-17 18:54:26.098037 Анализируем удаление/добавление файлов
INFO:root:Дата 2019-09-17 18:54:26.101352 Анализируем удаление/добавление файлов
INFO:root:Дата 2019-09-17 18:54:26.105531 Анализируем удаление/добавление файлов
INFO:root:Дата 2019-09-17 18:54:26.108746 Анализируем удаление/добавление файлов
INFO:root:Дата 2019-09-17 18:54:26.112134 Анализируем удаление/добавление файлов
INFO:root:Дата 2019-09-17 18:54:26.114873 Анализируем удаление/добавление файлов
INFO:root:Дата 2019-09-17 18:54:26.121121 Анализируем удаление/добавление файлов
INFO:root:Дата 2019-09-17 18:54:26.127514 Анализируем удаление/добавление файлов
INFO:root:Дата 2019-09-17 18:54:26.133768 Анализируем удаление/добавление файлов
INFO:root:Дата 2019-09-17 18:54:26.141443 Анализируем удаление/добавление файлов
INFO:root:Дата 2019-09-17 18:54:26.150541 Анализируем удаление/добавление файлов
INFO:root:Дата 2019-09-17 18:54:26.160968 Анализируем удаление/добавление файлов
INFO:root:Дата 2019-09-17 18:54:26.164338 Анализируем удаление/добавление файлов
INFO:root:Дата 2019-09-17 18:54:26.181625 Анализируем удаление/добавление файлов
INFO:root:Дата 2019-09-17 18:54:26.185475 Анализируем удаление/добавление файлов
INFO:root:Дата 2019-09-17 18:54:26.192891 Анализируем удаление/добавление файлов
INFO:root:Дата 2019-09-17 18:54:26.195480 Анализируем удаление/добавление файлов
INFO:root:Дата 2019-09-17 18:54:26.197879 Анализируем удаление/добавление файлов
INFO:root:Дата 2019-09-17 18:54:26.200931 Анализируем удаление/добавление файлов
INFO:root:Дата 2019-09-17 18:54:26.203863 Анализируем удаление/добавление файлов
INFO:root:Дата 2019-09-17 18:54:26.205978 Анализируем удаление/добавление файлов
INFO:root:Дата 2019-09-17 18:54:26.208765 Анализируем удаление/добавление файлов
INFO:root:Дата 2019-09-17 18:54:26.211615 Анализируем удаление/добавление файлов
INFO:root:Дата 2019-09-17 18:54:26.214913 Анализируем удаление/добавление файлов
INFO:root:Дата 2019-09-17 18:54:26.221078 Анализируем удаление/добавление файлов
INFO:root:Дата 2019-09-17 18:54:26.224734 Анализируем удаление/добавление файлов
INFO:root:Дата 2019-09-17 18:54:26.227217 Анализируем удаление/добавление файлов
INFO:root:Дата 2019-09-17 18:54:26.229808 Анализируем удаление/добавление файлов
INFO:root:Дата 2019-09-17 18:54:26.232221 Анализируем удаление/добавление файлов
INFO:root:Дата 2019-09-17 18:54:26.235210 Анализируем удаление/добавление файлов
INFO:root:Дата 2019-09-17 18:54:26.238637 Анализируем удаление/добавление файлов
INFO:root:Дата 2019-09-17 18:54:26.240691 Анализируем удаление/добавление файлов
INFO:root:Дата 2019-09-17 18:54:26.243250 Анализируем удаление/добавление файлов
INFO:root:Дата 2019-09-17 18:54:26.245385 Анализируем удаление/добавление файлов
INFO:root:Дата 2019-09-17 18:54:26.247758 Анализируем удаление/добавление файлов
INFO:root:Дата 2019-09-17 18:54:26.250870 Анализируем удаление/добавление файлов
INFO:root:Дата 2019-09-17 18:54:26.253749 Анализируем удаление/добавление файлов
INFO:root:Дата 2019-09-17 18:54:26.258125 Анализируем удаление/добавление файлов
INFO:root:Дата 2019-09-17 18:54:26.260302 Анализируем удаление/добавление файлов
INFO:root:Дата 2019-09-17 18:54:26.262758 Анализируем удаление/добавление файлов
INFO:root:Дата 2019-09-17 18:54:26.265257 Анализируем удаление/добавление файлов
INFO:root:Дата 2019-09-17 18:54:26.267869 Анализируем удаление/добавление файлов
INFO:root:Дата 2019-09-17 18:54:26.270419 Анализируем удаление/добавление файлов
INFO:root:Дата 2019-09-17 18:54:26.275884 Анализируем удаление/добавление файлов
INFO:root:Дата 2019-09-17 18:54:26.278179 Анализируем удаление/добавление файлов
INFO:root:Дата 2019-09-17 18:54:26.280393 Анализируем удаление/добавление файлов
INFO:root:Дата 2019-09-17 18:54:26.291920 Анализируем удаление/добавление файлов
INFO:root:Дата 2019-09-17 18:54:26.294288 Анализируем удаление/добавление файлов
INFO:root:Дата 2019-09-17 18:54:26.298471 Анализируем удаление/добавление файлов
INFO:root:Дата 2019-09-17 18:54:26.311166 Анализируем удаление/добавление файлов
INFO:root:Дата 2019-09-17 18:54:26.334343 Анализируем удаление/добавление файлов
INFO:root:Дата 2019-09-17 18:54:26.350379 Анализируем удаление/добавление файлов
INFO:root:Дата 2019-09-17 18:54:26.355100 Анализируем удаление/добавление файлов
INFO:root:Дата 2019-09-17 18:54:26.357195 Анализируем удаление/добавление файлов
INFO:root:Дата 2019-09-17 18:54:26.360077 Анализируем удаление/добавление файлов
INFO:root:Дата 2019-09-17 18:54:26.362674 Анализируем удаление/добавление файлов
INFO:root:Дата 2019-09-17 18:54:26.364733 Анализируем удаление/добавление файлов
INFO:root:Дата 2019-09-17 18:54:26.367598 Анализируем удаление/добавление файлов
INFO:root:Дата 2019-09-17 18:54:26.370363 Анализируем удаление/добавление файлов
INFO:root:Дата 2019-09-17 18:54:26.372877 Анализируем удаление/добавление файлов
INFO:root:Дата 2019-09-17 18:54:26.375776 Анализируем удаление/добавление файлов
INFO:root:Дата 2019-09-17 18:54:26.378372 Анализируем удаление/добавление файлов
INFO:root:Дата 2019-09-17 18:54:26.381986 Анализируем удаление/добавление файлов
INFO:root:Дата 2019-09-17 18:54:26.384253 Анализируем удаление/добавление файлов
INFO:root:Дата 2019-09-17 18:54:26.387418 Анализируем удаление/добавление файлов
INFO:root:Дата 2019-09-17 18:54:26.390739 Анализируем удаление/добавление файлов
INFO:root:Дата 2019-09-17 18:54:26.393359 Анализируем удаление/добавление файлов
INFO:root:Дата 2019-09-17 18:54:26.395491 Анализируем удаление/добавление файлов
INFO:root:Дата 2019-09-17 18:54:26.398882 Анализируем удаление/добавление файлов
INFO:root:Дата 2019-09-17 18:54:26.402120 Анализируем удаление/добавление файлов
INFO:root:Дата 2019-09-17 18:54:26.404948 Анализируем удаление/добавление файлов
INFO:root:Дата 2019-09-17 18:54:26.407380 Анализируем удаление/добавление файлов
INFO:root:Дата 2019-09-17 18:54:26.409318 Анализируем удаление/добавление файлов
INFO:root:Дата 2019-09-17 18:54:26.412807 Анализируем удаление/добавление файлов
INFO:root:Дата 2019-09-17 18:54:26.416499 Анализируем удаление/добавление файлов
INFO:root:Дата 2019-09-17 18:54:26.423234 Анализируем удаление/добавление файлов
INFO:root:Дата 2019-09-17 18:54:26.427378 Анализируем удаление/добавление файлов
INFO:root:Дата 2019-09-17 18:54:26.429858 Анализируем удаление/добавление файлов
INFO:root:Дата 2019-09-17 18:54:26.432346 Анализируем удаление/добавление файлов
INFO:root:Дата 2019-09-17 18:54:26.435461 Анализируем удаление/добавление файлов
INFO:root:Дата 2019-09-17 18:54:26.438265 Анализируем удаление/добавление файлов
INFO:root:Дата 2019-09-17 18:54:26.441318 Анализируем удаление/добавление файлов
INFO:root:Дата 2019-09-17 18:54:26.443574 Анализируем удаление/добавление файлов
INFO:root:Дата 2019-09-17 18:54:26.445727 Анализируем удаление/добавление файлов
INFO:root:Дата 2019-09-17 18:54:26.448397 Анализируем удаление/добавление файлов
INFO:root:Дата 2019-09-17 18:54:26.451027 Анализируем удаление/добавление файлов
INFO:root:Дата 2019-09-17 18:54:26.453311 Анализируем удаление/добавление файлов
INFO:root:Дата 2019-09-17 18:54:26.456441 Анализируем удаление/добавление файлов
INFO:root:Дата 2019-09-17 18:54:26.460422 Анализируем удаление/добавление файлов
INFO:root:Дата 2019-09-17 18:54:26.470859 Анализируем удаление/добавление файлов
INFO:root:Дата 2019-09-17 18:54:26.475991 Анализируем удаление/добавление файлов
INFO:root:Дата 2019-09-17 18:54:26.491179 Анализируем удаление/добавление файлов
INFO:root:Дата 2019-09-17 18:54:26.503063 Анализируем удаление/добавление файлов
INFO:root:Дата 2019-09-17 18:54:26.506051 Анализируем удаление/добавление файлов
INFO:root:Дата 2019-09-17 18:54:26.511628 Анализируем удаление/добавление файлов
INFO:root:Дата 2019-09-17 18:54:26.514530 Анализируем удаление/добавление файлов
INFO:root:Дата 2019-09-17 18:54:26.518116 Анализируем удаление/добавление файлов
INFO:root:Дата 2019-09-17 18:54:26.521526 Анализируем удаление/добавление файлов
INFO:root:Дата 2019-09-17 18:54:26.524222 Анализируем удаление/добавление файлов
INFO:root:Дата 2019-09-17 18:54:26.526413 Анализируем удаление/добавление файлов
INFO:root:Дата 2019-09-17 18:54:26.529518 Анализируем удаление/добавление файлов
INFO:root:Дата 2019-09-17 18:54:26.532381 Анализируем удаление/добавление файлов
INFO:root:Дата 2019-09-17 18:54:26.537596 Анализируем удаление/добавление файлов
INFO:root:Дата 2019-09-17 18:54:26.540728 Анализируем удаление/добавление файлов
INFO:root:Дата 2019-09-17 18:54:26.688652 Анализируем удаление/добавление файлов
INFO:root:Дата 2019-09-17 18:54:26.690545 Анализируем удаление/добавление файлов
INFO:root:Дата 2019-09-17 18:54:26.692478 Анализируем удаление/добавление файлов
INFO:root:Дата 2019-09-17 18:54:26.694346 Анализируем удаление/добавление файлов
INFO:root:Дата 2019-09-17 18:54:26.697857 Анализируем удаление/добавление файлов
INFO:root:Дата 2019-09-17 18:54:26.699887 Анализируем удаление/добавление файлов
INFO:root:Дата 2019-09-17 18:54:26.702802 Анализируем удаление/добавление файлов
INFO:root:Дата 2019-09-17 18:54:26.706319 Анализируем удаление/добавление файлов
INFO:root:Дата 2019-09-17 18:54:26.709176 Анализируем удаление/добавление файлов
INFO:root:Дата 2019-09-17 18:54:26.713282 Анализируем удаление/добавление файлов
INFO:root:Дата 2019-09-17 18:54:26.716013 Анализируем удаление/добавление файлов
INFO:root:Дата 2019-09-17 18:54:26.718591 Анализируем удаление/добавление файлов
INFO:root:Дата 2019-09-17 18:54:26.721037 Анализируем удаление/добавление файлов
INFO:root:Дата 2019-09-17 18:54:26.723529 Анализируем удаление/добавление файлов
INFO:root:Дата 2019-09-17 18:54:26.725740 Анализируем удаление/добавление файлов
INFO:root:Дата 2019-09-17 18:54:26.727816 Анализируем удаление/добавление файлов
INFO:root:Дата 2019-09-17 18:54:26.730432 Анализируем удаление/добавление файлов
INFO:root:Дата 2019-09-17 18:54:26.732843 Анализируем удаление/добавление файлов
INFO:root:Дата 2019-09-17 18:54:26.764345 Анализируем удаление/добавление файлов
INFO:root:Дата 2019-09-17 18:54:26.769175 Анализируем удаление/добавление файлов
INFO:root:Дата 2019-09-17 18:54:26.772247 Анализируем удаление/добавление файлов
INFO:root:Дата 2019-09-17 18:54:26.774295 Анализируем удаление/добавление файлов
INFO:root:Дата 2019-09-17 18:54:26.777177 Анализируем удаление/добавление файлов
INFO:root:Дата 2019-09-17 18:54:26.780732 Анализируем удаление/добавление файлов
INFO:root:Дата 2019-09-17 18:54:26.783771 Анализируем удаление/добавление файлов
INFO:root:Дата 2019-09-17 18:54:26.790440 Анализируем удаление/добавление файлов
INFO:root:Дата 2019-09-17 18:54:26.793107 Анализируем удаление/добавление файлов
INFO:root:Дата 2019-09-17 18:54:26.795641 Анализируем удаление/добавление файлов
INFO:root:Дата 2019-09-17 18:54:26.797785 Анализируем удаление/добавление файлов
INFO:root:Дата 2019-09-17 18:54:26.800627 Анализируем удаление/добавление файлов
INFO:root:Дата 2019-09-17 18:54:26.805285 Анализируем удаление/добавление файлов
INFO:root:Дата 2019-09-17 18:54:26.807288 Анализируем удаление/добавление файлов
INFO:root:Дата 2019-09-17 18:54:26.809463 Анализируем удаление/добавление файлов
INFO:root:Дата 2019-09-17 18:54:26.811470 Анализируем удаление/добавление файлов
INFO:root:Дата 2019-09-17 18:54:26.813542 Анализируем удаление/добавление файлов
INFO:root:Дата 2019-09-17 18:54:26.816359 Анализируем удаление/добавление файлов
INFO:root:Дата 2019-09-17 18:54:26.820200 Анализируем удаление/добавление файлов
INFO:root:Дата 2019-09-17 18:54:26.823201 Анализируем удаление/добавление файлов
INFO:root:Дата 2019-09-17 18:54:26.826095 Анализируем удаление/добавление файлов
INFO:root:Дата 2019-09-17 18:54:26.828878 Анализируем удаление/добавление файлов
INFO:root:Дата 2019-09-17 18:54:26.831078 Анализируем удаление/добавление файлов
INFO:root:Дата 2019-09-17 18:54:26.833379 Анализируем удаление/добавление файлов
INFO:root:Дата 2019-09-17 18:54:26.836100 Анализируем удаление/добавление файлов
INFO:root:Дата 2019-09-17 18:54:26.838409 Анализируем удаление/добавление файлов
INFO:root:Дата 2019-09-17 18:54:26.840419 Анализируем удаление/добавление файлов
INFO:root:Дата 2019-09-17 18:54:26.842414 Анализируем удаление/добавление файлов
INFO:root:Дата 2019-09-17 18:54:26.844703 Анализируем удаление/добавление файлов
INFO:root:Дата 2019-09-17 18:54:26.847440 Анализируем удаление/добавление файлов
INFO:root:Дата 2019-09-17 18:54:26.849239 Анализируем удаление/добавление файлов
INFO:root:Дата 2019-09-17 18:54:26.851047 Анализируем удаление/добавление файлов
INFO:root:Дата 2019-09-17 18:54:26.853024 Анализируем удаление/добавление файлов
INFO:root:Дата 2019-09-17 18:54:26.856203 Анализируем удаление/добавление файлов
INFO:root:Дата 2019-09-17 18:54:26.858594 Анализируем удаление/добавление файлов
INFO:root:Дата 2019-09-17 18:54:26.860972 Анализируем удаление/добавление файлов
INFO:root:Дата 2019-09-17 18:54:26.863384 Анализируем удаление/добавление файлов
INFO:root:Дата 2019-09-17 18:54:26.865485 Анализируем удаление/добавление файлов
INFO:root:Дата 2019-09-17 18:54:26.867608 Анализируем удаление/добавление файлов
INFO:root:Дата 2019-09-17 18:54:26.869706 Анализируем удаление/добавление файлов
INFO:root:Дата 2019-09-17 18:54:26.878893 Анализируем удаление/добавление файлов
INFO:root:Дата 2019-09-17 18:54:26.888582 Анализируем удаление/добавление файлов
INFO:root:Дата 2019-09-17 18:54:26.897684 Анализируем удаление/добавление файлов
INFO:root:Дата 2019-09-17 18:54:26.901621 Анализируем удаление/добавление файлов
INFO:root:Дата 2019-09-17 18:54:26.912275 Анализируем удаление/добавление файлов
INFO:root:Дата 2019-09-17 18:54:26.914650 Анализируем удаление/добавление файлов
INFO:root:Дата 2019-09-17 18:54:26.917749 Анализируем удаление/добавление файлов
INFO:root:Дата 2019-09-17 18:54:26.920930 Анализируем удаление/добавление файлов
INFO:root:Дата 2019-09-17 18:54:26.924060 Анализируем удаление/добавление файлов
INFO:root:Дата 2019-09-17 18:54:26.926610 Анализируем удаление/добавление файлов
INFO:root:Дата 2019-09-17 18:54:26.928755 Анализируем удаление/добавление файлов
INFO:root:Дата 2019-09-17 18:54:26.931323 Анализируем удаление/добавление файлов
INFO:root:Дата 2019-09-17 18:54:26.938958 Анализируем удаление/добавление файлов
INFO:root:Дата 2019-09-17 18:54:26.943644 Анализируем удаление/добавление файлов
INFO:root:Дата 2019-09-17 18:54:26.947009 Анализируем удаление/добавление файлов
INFO:root:Дата 2019-09-17 18:54:26.949510 Анализируем удаление/добавление файлов
INFO:root:Дата 2019-09-17 18:54:26.952501 Анализируем удаление/добавление файлов
INFO:root:Дата 2019-09-17 18:54:26.954985 Анализируем удаление/добавление файлов
INFO:root:Дата 2019-09-17 18:54:26.957006 Анализируем удаление/добавление файлов
INFO:root:Дата 2019-09-17 18:54:26.959321 Анализируем удаление/добавление файлов
INFO:root:Дата 2019-09-17 18:54:26.962057 Анализируем удаление/добавление файлов
INFO:root:Дата 2019-09-17 18:54:26.964246 Анализируем удаление/добавление файлов
INFO:root:Дата 2019-09-17 18:54:26.966375 Анализируем удаление/добавление файлов
INFO:root:Дата 2019-09-17 18:54:26.969233 Анализируем удаление/добавление файлов
INFO:root:Дата 2019-09-17 18:54:26.972018 Анализируем удаление/добавление файлов
INFO:root:Дата 2019-09-17 18:54:26.973893 Анализируем удаление/добавление файлов
INFO:root:Дата 2019-09-17 18:54:26.976921 Анализируем удаление/добавление файлов
INFO:root:Дата 2019-09-17 18:54:26.980091 Анализируем удаление/добавление файлов
INFO:root:Дата 2019-09-17 18:54:26.982270 Анализируем удаление/добавление файлов
INFO:root:Дата 2019-09-17 18:54:26.985059 Анализируем удаление/добавление файлов
INFO:root:Дата 2019-09-17 18:54:26.988859 Анализируем удаление/добавление файлов
INFO:root:Дата 2019-09-17 18:54:26.994609 Анализируем удаление/добавление файлов
INFO:root:Дата 2019-09-17 18:54:26.997846 Анализируем удаление/добавление файлов
INFO:root:Дата 2019-09-17 18:54:27.001440 Анализируем удаление/добавление файлов
INFO:root:Дата 2019-09-17 18:54:27.004946 Анализируем удаление/добавление файлов
INFO:root:Дата 2019-09-17 18:54:27.008151 Анализируем удаление/добавление файлов
INFO:root:Дата 2019-09-17 18:54:27.010834 Анализируем удаление/добавление файлов
INFO:root:Дата 2019-09-17 18:54:27.013390 Анализируем удаление/добавление файлов
INFO:root:Дата 2019-09-17 18:54:27.016508 Анализируем удаление/добавление файлов
INFO:root:Дата 2019-09-17 18:54:27.019331 Анализируем удаление/добавление файлов
INFO:root:Дата 2019-09-17 18:54:27.023511 Анализируем удаление/добавление файлов
INFO:root:Дата 2019-09-17 18:54:27.029796 Анализируем удаление/добавление файлов
INFO:root:Дата 2019-09-17 18:54:27.042609 Анализируем удаление/добавление файлов
INFO:root:Дата 2019-09-17 18:54:27.050807 Анализируем удаление/добавление файлов
INFO:root:Дата 2019-09-17 18:54:27.057089 Анализируем удаление/добавление файлов
INFO:root:Дата 2019-09-17 18:54:27.059286 Анализируем удаление/добавление файлов
INFO:root:Дата 2019-09-17 18:54:27.061037 Анализируем удаление/добавление файлов
INFO:root:Дата 2019-09-17 18:54:27.062965 Анализируем удаление/добавление файлов
INFO:root:Дата 2019-09-17 18:54:27.065292 Анализируем удаление/добавление файлов
INFO:root:Дата 2019-09-17 18:54:27.067350 Анализируем удаление/добавление файлов
INFO:root:Дата 2019-09-17 18:54:27.069432 Анализируем удаление/добавление файлов
INFO:root:Дата 2019-09-17 18:54:27.071367 Анализируем удаление/добавление файлов
INFO:root:Дата 2019-09-17 18:54:27.074636 Анализируем удаление/добавление файлов
INFO:root:Дата 2019-09-17 18:54:27.076428 Анализируем удаление/добавление файлов
INFO:root:Дата 2019-09-17 18:54:27.078251 Анализируем удаление/добавление файлов
INFO:root:Дата 2019-09-17 18:54:27.080142 Анализируем удаление/добавление файлов
INFO:root:Дата 2019-09-17 18:54:27.082113 Анализируем удаление/добавление файлов
INFO:root:Дата 2019-09-17 18:54:27.084727 Анализируем удаление/добавление файлов
INFO:root:Дата 2019-09-17 18:54:27.087630 Анализируем удаление/добавление файлов
INFO:root:Дата 2019-09-17 18:54:27.089773 Анализируем удаление/добавление файлов
INFO:root:Дата 2019-09-17 18:54:27.091744 Анализируем удаление/добавление файлов
INFO:root:Дата 2019-09-17 18:54:27.093686 Анализируем удаление/добавление файлов
INFO:root:Дата 2019-09-17 18:54:27.097378 Анализируем удаление/добавление файлов
INFO:root:Дата 2019-09-17 18:54:27.100619 Анализируем удаление/добавление файлов
INFO:root:Дата 2019-09-17 18:54:27.103935 Анализируем удаление/добавление файлов
INFO:root:Дата 2019-09-17 18:54:27.106122 Анализируем удаление/добавление файлов
INFO:root:Дата 2019-09-17 18:54:27.108518 Анализируем удаление/добавление файлов
INFO:root:Дата 2019-09-17 18:54:27.110690 Анализируем удаление/добавление файлов
INFO:root:Дата 2019-09-17 18:54:27.112709 Анализируем удаление/добавление файлов
INFO:root:Дата 2019-09-17 18:54:27.115719 Анализируем удаление/добавление файлов
INFO:root:Дата 2019-09-17 18:54:27.118626 Анализируем удаление/добавление файлов
INFO:root:Дата 2019-09-17 18:54:27.124549 Анализируем удаление/добавление файлов
INFO:root:Дата 2019-09-17 18:54:27.126905 Анализируем удаление/добавление файлов
INFO:root:Дата 2019-09-17 18:54:27.128927 Анализируем удаление/добавление файлов
INFO:root:Дата 2019-09-17 18:54:27.131666 Анализируем удаление/добавление файлов
INFO:root:Дата 2019-09-17 18:54:27.135446 Анализируем удаление/добавление файлов
INFO:root:Дата 2019-09-17 18:54:27.139948 Анализируем удаление/добавление файлов
INFO:root:Дата 2019-09-17 18:54:27.142425 Анализируем удаление/добавление файлов
INFO:root:Дата 2019-09-17 18:54:27.145073 Анализируем удаление/добавление файлов
INFO:root:Дата 2019-09-17 18:54:27.147438 Анализируем удаление/добавление файлов
INFO:root:Дата 2019-09-17 18:54:27.150443 Анализируем удаление/добавление файлов
INFO:root:Дата 2019-09-17 18:54:27.154137 Анализируем удаление/добавление файлов
INFO:root:Дата 2019-09-17 18:54:27.156657 Анализируем удаление/добавление файлов
INFO:root:Дата 2019-09-17 18:54:27.159114 Анализируем удаление/добавление файлов
INFO:root:Дата 2019-09-17 18:54:27.164226 Анализируем удаление/добавление файлов
INFO:root:Дата 2019-09-17 18:54:27.168620 Анализируем удаление/добавление файлов
INFO:root:Дата 2019-09-17 18:54:27.171701 Анализируем удаление/добавление файлов
INFO:root:Дата 2019-09-17 18:54:27.173915 Анализируем удаление/добавление файлов
INFO:root:Дата 2019-09-17 18:54:27.179571 Анализируем удаление/добавление файлов
INFO:root:Дата 2019-09-17 18:54:27.182182 Анализируем удаление/добавление файлов
INFO:root:Дата 2019-09-17 18:54:27.192213 Анализируем удаление/добавление файлов
INFO:root:Дата 2019-09-17 18:54:27.194462 Анализируем удаление/добавление файлов
INFO:root:Дата 2019-09-17 18:54:27.200168 Анализируем удаление/добавление файлов
INFO:root:Дата 2019-09-17 18:54:27.202684 Анализируем удаление/добавление файлов
INFO:root:Дата 2019-09-17 18:54:27.205126 Анализируем удаление/добавление файлов
INFO:root:Дата 2019-09-17 18:54:27.208939 Анализируем удаление/добавление файлов
INFO:root:Дата 2019-09-17 18:54:27.212658 Анализируем удаление/добавление файлов
INFO:root:Дата 2019-09-17 18:54:27.218673 Анализируем удаление/добавление файлов
INFO:root:Дата 2019-09-17 18:54:27.221456 Анализируем удаление/добавление файлов
INFO:root:Дата 2019-09-17 18:54:27.230539 Анализируем удаление/добавление файлов
INFO:root:Дата 2019-09-17 18:54:27.238817 Анализируем удаление/добавление файлов
INFO:root:Дата 2019-09-17 18:54:27.243262 Анализируем удаление/добавление файлов
INFO:root:Дата 2019-09-17 18:54:27.246618 Анализируем удаление/добавление файлов
INFO:root:Дата 2019-09-17 18:54:27.249638 Анализируем удаление/добавление файлов
INFO:root:Дата 2019-09-17 18:54:27.252255 Анализируем удаление/добавление файлов
INFO:root:Дата 2019-09-17 18:54:27.254655 Анализируем удаление/добавление файлов
INFO:root:Дата 2019-09-17 18:54:27.257475 Анализируем удаление/добавление файлов
INFO:root:Дата 2019-09-17 18:54:27.260301 Анализируем удаление/добавление файлов
INFO:root:Дата 2019-09-17 18:54:27.263887 Анализируем удаление/добавление файлов
INFO:root:Дата 2019-09-17 18:54:27.265839 Анализируем удаление/добавление файлов
INFO:root:Дата 2019-09-17 18:54:27.268069 Анализируем удаление/добавление файлов
INFO:root:Дата 2019-09-17 18:54:27.274436 Анализируем удаление/добавление файлов
INFO:root:Дата 2019-09-17 18:54:27.276928 Анализируем удаление/добавление файлов
INFO:root:Дата 2019-09-17 18:54:27.278807 Анализируем удаление/добавление файлов
INFO:root:Дата 2019-09-17 18:54:27.280838 Анализируем удаление/добавление файлов
INFO:root:Дата 2019-09-17 18:54:27.283032 Анализируем удаление/добавление файлов
INFO:root:Дата 2019-09-17 18:54:27.285596 Анализируем удаление/добавление файлов
INFO:root:Дата 2019-09-17 18:54:27.288453 Анализируем удаление/добавление файлов
INFO:root:Дата 2019-09-17 18:54:27.290197 Анализируем удаление/добавление файлов
INFO:root:Дата 2019-09-17 18:54:27.292043 Анализируем удаление/добавление файлов
INFO:root:Дата 2019-09-17 18:54:27.294148 Анализируем удаление/добавление файлов
INFO:root:Дата 2019-09-17 18:54:27.297078 Анализируем удаление/добавление файлов
INFO:root:Дата 2019-09-17 18:54:27.299549 Анализируем удаление/добавление файлов
INFO:root:Дата 2019-09-17 18:54:27.302156 Анализируем удаление/добавление файлов
INFO:root:Дата 2019-09-17 18:54:27.305397 Анализируем удаление/добавление файлов
INFO:root:Дата 2019-09-17 18:54:27.308626 Анализируем удаление/добавление файлов
INFO:root:Дата 2019-09-17 18:54:27.310763 Анализируем удаление/добавление файлов
INFO:root:Дата 2019-09-17 18:54:27.312698 Анализируем удаление/добавление файлов
INFO:root:Дата 2019-09-17 18:54:27.314580 Анализируем удаление/добавление файлов
INFO:root:Дата 2019-09-17 18:54:27.317417 Анализируем удаление/добавление файлов
INFO:root:Дата 2019-09-17 18:54:27.324273 Анализируем удаление/добавление файлов
INFO:root:Дата 2019-09-17 18:54:27.326292 Анализируем удаление/добавление файлов
INFO:root:Дата 2019-09-17 18:54:27.328791 Анализируем удаление/добавление файлов
INFO:root:Дата 2019-09-17 18:54:27.331140 Анализируем удаление/добавление файлов
INFO:root:Дата 2019-09-17 18:54:27.342016 Анализируем удаление/добавление файлов
INFO:root:Дата 2019-09-17 18:54:27.346901 Анализируем удаление/добавление файлов
INFO:root:Дата 2019-09-17 18:54:27.357906 Анализируем удаление/добавление файлов
INFO:root:Дата 2019-09-17 18:54:27.368175 Анализируем удаление/добавление файлов
INFO:root:Дата 2019-09-17 18:54:27.387139 Анализируем удаление/добавление файлов
INFO:root:Дата 2019-09-17 18:54:27.390449 Анализируем удаление/добавление файлов
INFO:root:Дата 2019-09-17 18:54:27.394592 Анализируем удаление/добавление файлов
INFO:root:Дата 2019-09-17 18:54:27.396725 Анализируем удаление/добавление файлов
INFO:root:Дата 2019-09-17 18:54:27.398613 Анализируем удаление/добавление файлов
INFO:root:Дата 2019-09-17 18:54:27.400904 Анализируем удаление/добавление файлов
INFO:root:Дата 2019-09-17 18:54:27.403136 Анализируем удаление/добавление файлов
INFO:root:Дата 2019-09-17 18:54:27.405620 Анализируем удаление/добавление файлов
INFO:root:Дата 2019-09-17 18:54:27.407841 Анализируем удаление/добавление файлов
INFO:root:Дата 2019-09-17 18:54:27.409803 Анализируем удаление/добавление файлов
INFO:root:Дата 2019-09-17 18:54:27.412094 Анализируем удаление/добавление файлов
INFO:root:Дата 2019-09-17 18:54:27.414208 Анализируем удаление/добавление файлов
INFO:root:Дата 2019-09-17 18:54:27.422138 Анализируем удаление/добавление файлов
INFO:root:Дата 2019-09-17 18:54:27.425504 Анализируем удаление/добавление файлов
INFO:root:Дата 2019-09-17 18:54:27.428174 Анализируем удаление/добавление файлов
INFO:root:Дата 2019-09-17 18:54:27.430099 Анализируем удаление/добавление файлов
INFO:root:Дата 2019-09-17 18:54:27.432328 Анализируем удаление/добавление файлов
INFO:root:Дата 2019-09-17 18:54:27.434549 Анализируем удаление/добавление файлов
INFO:root:Дата 2019-09-17 18:54:27.436777 Анализируем удаление/добавление файлов
INFO:root:Дата 2019-09-17 18:54:27.438738 Анализируем удаление/добавление файлов
INFO:root:Дата 2019-09-17 18:54:27.440872 Анализируем удаление/добавление файлов
INFO:root:Дата 2019-09-17 18:54:27.442824 Анализируем удаление/добавление файлов
INFO:root:Дата 2019-09-17 18:54:27.445159 Анализируем удаление/добавление файлов
INFO:root:Дата 2019-09-17 18:54:27.447777 Анализируем удаление/добавление файлов
INFO:root:Дата 2019-09-17 18:54:27.450853 Анализируем удаление/добавление файлов
INFO:root:Дата 2019-09-17 18:54:27.452604 Анализируем удаление/добавление файлов
INFO:root:Дата 2019-09-17 18:54:27.454754 Анализируем удаление/добавление файлов
INFO:root:Дата 2019-09-17 18:54:27.457812 Анализируем удаление/добавление файлов
INFO:root:Дата 2019-09-17 18:54:27.459970 Анализируем удаление/добавление файлов
INFO:root:Дата 2019-09-17 18:54:27.461980 Анализируем удаление/добавление файлов
INFO:root:Дата 2019-09-17 18:54:27.463957 Анализируем удаление/добавление файлов
INFO:root:Дата 2019-09-17 18:54:27.465854 Анализируем удаление/добавление файлов
INFO:root:Дата 2019-09-17 18:54:27.467512 Анализируем удаление/добавление файлов
INFO:root:Дата 2019-09-17 18:54:27.469388 Анализируем удаление/добавление файлов
INFO:root:Дата 2019-09-17 18:54:27.471729 Анализируем удаление/добавление файлов
INFO:root:Дата 2019-09-17 18:54:27.474654 Анализируем удаление/добавление файлов
INFO:root:Дата 2019-09-17 18:54:27.476885 Анализируем удаление/добавление файлов
INFO:root:Дата 2019-09-17 18:54:27.479399 Анализируем удаление/добавление файлов
INFO:root:Дата 2019-09-17 18:54:27.481482 Анализируем удаление/добавление файлов
INFO:root:Дата 2019-09-17 18:54:27.484645 Анализируем удаление/добавление файлов
INFO:root:Дата 2019-09-17 18:54:27.487062 Анализируем удаление/добавление файлов
INFO:root:Дата 2019-09-17 18:54:27.489126 Анализируем удаление/добавление файлов
INFO:root:Дата 2019-09-17 18:54:27.491198 Анализируем удаление/добавление файлов
INFO:root:Дата 2019-09-17 18:54:27.493160 Анализируем удаление/добавление файлов
INFO:root:Дата 2019-09-17 18:54:27.495641 Анализируем удаление/добавление файлов
INFO:root:Дата 2019-09-17 18:54:27.499172 Анализируем удаление/добавление файлов
INFO:root:Дата 2019-09-17 18:54:27.502292 Анализируем удаление/добавление файлов
INFO:root:Дата 2019-09-17 18:54:27.505138 Анализируем удаление/добавление файлов
INFO:root:Дата 2019-09-17 18:54:27.509925 Анализируем удаление/добавление файлов
INFO:root:Дата 2019-09-17 18:54:27.512325 Анализируем удаление/добавление файлов
INFO:root:Дата 2019-09-17 18:54:27.514227 Анализируем удаление/добавление файлов
INFO:root:Дата 2019-09-17 18:54:27.517762 Анализируем удаление/добавление файлов
INFO:root:Дата 2019-09-17 18:54:27.522541 Анализируем удаление/добавление файлов
INFO:root:Дата 2019-09-17 18:54:27.525296 Анализируем удаление/добавление файлов
INFO:root:Дата 2019-09-17 18:54:27.531268 Анализируем удаление/добавление файлов
INFO:root:Дата 2019-09-17 18:54:27.543039 Анализируем удаление/добавление файлов
INFO:root:Дата 2019-09-17 18:54:27.553313 Анализируем удаление/добавление файлов
INFO:root:Дата 2019-09-17 18:54:27.558543 Анализируем удаление/добавление файлов
INFO:root:Дата 2019-09-17 18:54:27.560908 Анализируем удаление/добавление файлов
INFO:root:Дата 2019-09-17 18:54:27.563133 Анализируем удаление/добавление файлов
INFO:root:Дата 2019-09-17 18:54:27.565679 Анализируем удаление/добавление файлов
INFO:root:Дата 2019-09-17 18:54:27.567908 Анализируем удаление/добавление файлов
INFO:root:Дата 2019-09-17 18:54:27.569882 Анализируем удаление/добавление файлов
INFO:root:Дата 2019-09-17 18:54:27.572294 Анализируем удаление/добавление файлов
INFO:root:Дата 2019-09-17 18:54:27.574948 Анализируем удаление/добавление файлов
INFO:root:Дата 2019-09-17 18:54:27.577724 Анализируем удаление/добавление файлов
INFO:root:Дата 2019-09-17 18:54:27.580831 Анализируем удаление/добавление файлов
INFO:root:Дата 2019-09-17 18:54:27.584483 Анализируем удаление/добавление файлов
INFO:root:Дата 2019-09-17 18:54:27.588094 Анализируем удаление/добавление файлов
INFO:root:Дата 2019-09-17 18:54:27.590936 Анализируем удаление/добавление файлов
INFO:root:Дата 2019-09-17 18:54:27.593188 Анализируем удаление/добавление файлов
INFO:root:Дата 2019-09-17 18:54:27.596261 Анализируем удаление/добавление файлов
INFO:root:Дата 2019-09-17 18:54:27.598445 Анализируем удаление/добавление файлов
INFO:root:Дата 2019-09-17 18:54:27.600963 Анализируем удаление/добавление файлов
INFO:root:Дата 2019-09-17 18:54:27.603532 Анализируем удаление/добавление файлов
INFO:root:Дата 2019-09-17 18:54:27.605723 Анализируем удаление/добавление файлов
INFO:root:Дата 2019-09-17 18:54:27.608472 Анализируем удаление/добавление файлов
INFO:root:Дата 2019-09-17 18:54:27.611145 Анализируем удаление/добавление файлов
INFO:root:Дата 2019-09-17 18:54:27.613881 Анализируем удаление/добавление файлов
INFO:root:Дата 2019-09-17 18:54:27.617793 Анализируем удаление/добавление файлов
INFO:root:Дата 2019-09-17 18:54:27.625854 Анализируем удаление/добавление файлов
INFO:root:Дата 2019-09-17 18:54:27.629659 Анализируем удаление/добавление файлов
INFO:root:Дата 2019-09-17 18:54:27.632883 Анализируем удаление/добавление файлов
INFO:root:Дата 2019-09-17 18:54:27.636279 Анализируем удаление/добавление файлов
INFO:root:Дата 2019-09-17 18:54:27.639139 Анализируем удаление/добавление файлов
INFO:root:Дата 2019-09-17 18:54:27.641375 Анализируем удаление/добавление файлов
INFO:root:Дата 2019-09-17 18:54:27.643513 Анализируем удаление/добавление файлов
INFO:root:Дата 2019-09-17 18:54:27.645604 Анализируем удаление/добавление файлов
INFO:root:Дата 2019-09-17 18:54:27.648067 Анализируем удаление/добавление файлов
INFO:root:Дата 2019-09-17 18:54:27.651339 Анализируем удаление/добавление файлов
INFO:root:Дата 2019-09-17 18:54:27.659727 Анализируем удаление/добавление файлов
INFO:root:Дата 2019-09-17 18:54:27.662322 Анализируем удаление/добавление файлов
INFO:root:Дата 2019-09-17 18:54:27.664637 Анализируем удаление/добавление файлов
INFO:root:Дата 2019-09-17 18:54:27.667498 Анализируем удаление/добавление файлов
INFO:root:Дата 2019-09-17 18:54:27.670195 Анализируем удаление/добавление файлов
INFO:root:Дата 2019-09-17 18:54:27.672832 Анализируем удаление/добавление файлов
INFO:root:Дата 2019-09-17 18:54:27.675955 Анализируем удаление/добавление файлов
INFO:root:Дата 2019-09-17 18:54:27.678406 Анализируем удаление/добавление файлов
INFO:root:Дата 2019-09-17 18:54:27.681377 Анализируем удаление/добавление файлов
INFO:root:Дата 2019-09-17 18:54:27.684859 Анализируем удаление/добавление файлов
INFO:root:Дата 2019-09-17 18:54:27.688433 Анализируем удаление/добавление файлов
INFO:root:Дата 2019-09-17 18:54:27.690720 Анализируем удаление/добавление файлов
INFO:root:Дата 2019-09-17 18:54:27.695035 Анализируем удаление/добавление файлов
INFO:root:Дата 2019-09-17 18:54:27.710360 Анализируем удаление/добавление файлов
INFO:root:Дата 2019-09-17 18:54:27.722573 Анализируем удаление/добавление файлов
INFO:root:Дата 2019-09-17 18:54:27.731183 Анализируем удаление/добавление файлов
INFO:root:Дата 2019-09-17 18:54:27.735381 Анализируем удаление/добавление файлов
INFO:root:Дата 2019-09-17 18:54:27.739344 Анализируем удаление/добавление файлов
INFO:root:Дата 2019-09-17 18:54:27.747240 Анализируем удаление/добавление файлов
INFO:root:Дата 2019-09-17 18:54:27.751399 Анализируем удаление/добавление файлов
INFO:root:Дата 2019-09-17 18:54:27.757211 Анализируем удаление/добавление файлов
INFO:root:Дата 2019-09-17 18:54:27.759854 Анализируем удаление/добавление файлов
INFO:root:Дата 2019-09-17 18:54:27.762434 Анализируем удаление/добавление файлов
INFO:root:Дата 2019-09-17 18:54:27.766218 Анализируем удаление/добавление файлов
INFO:root:Дата 2019-09-17 18:54:27.771260 Анализируем удаление/добавление файлов
INFO:root:Дата 2019-09-17 18:54:27.773580 Анализируем удаление/добавление файлов
INFO:root:Дата 2019-09-17 18:54:27.782429 Анализируем удаление/добавление файлов
INFO:root:Дата 2019-09-17 18:54:27.785432 Анализируем удаление/добавление файлов
INFO:root:Дата 2019-09-17 18:54:27.788891 Анализируем удаление/добавление файлов
INFO:root:Дата 2019-09-17 18:54:27.792621 Анализируем удаление/добавление файлов
INFO:root:Дата 2019-09-17 18:54:27.796794 Анализируем удаление/добавление файлов
INFO:root:Дата 2019-09-17 18:54:27.800708 Анализируем удаление/добавление файлов
INFO:root:Дата 2019-09-17 18:54:27.804105 Анализируем удаление/добавление файлов
INFO:root:Дата 2019-09-17 18:54:27.806650 Анализируем удаление/добавление файлов
INFO:root:Дата 2019-09-17 18:54:27.811061 Анализируем удаление/добавление файлов
INFO:root:Дата 2019-09-17 18:54:27.812988 Анализируем удаление/добавление файлов
INFO:root:Дата 2019-09-17 18:54:27.815315 Анализируем удаление/добавление файлов
INFO:root:Дата 2019-09-17 18:54:27.819488 Анализируем удаление/добавление файлов
INFO:root:Дата 2019-09-17 18:54:27.822329 Анализируем удаление/добавление файлов
INFO:root:Дата 2019-09-17 18:54:27.825310 Анализируем удаление/добавление файлов
INFO:root:Дата 2019-09-17 18:54:27.828630 Анализируем удаление/добавление файлов
INFO:root:Дата 2019-09-17 18:54:27.830710 Анализируем удаление/добавление файлов
INFO:root:Дата 2019-09-17 18:54:27.832789 Анализируем удаление/добавление файлов
INFO:root:Дата 2019-09-17 18:54:27.835493 Анализируем удаление/добавление файлов
INFO:root:Дата 2019-09-17 18:54:27.837685 Анализируем удаление/добавление файлов
INFO:root:Дата 2019-09-17 18:54:27.839739 Анализируем удаление/добавление файлов
INFO:root:Дата 2019-09-17 18:54:27.841646 Анализируем удаление/добавление файлов
INFO:root:Дата 2019-09-17 18:54:27.844352 Анализируем удаление/добавление файлов
INFO:root:Дата 2019-09-17 18:54:27.853374 Анализируем удаление/добавление файлов
INFO:root:Дата 2019-09-17 18:54:27.862533 Анализируем удаление/добавление файлов
INFO:root:Дата 2019-09-17 18:54:27.869439 Анализируем удаление/добавление файлов
INFO:root:Дата 2019-09-17 18:54:27.876044 Анализируем удаление/добавление файлов
INFO:root:Дата 2019-09-17 18:54:27.878112 Анализируем удаление/добавление файлов
INFO:root:Дата 2019-09-17 18:54:27.880089 Анализируем удаление/добавление файлов
INFO:root:Дата 2019-09-17 18:54:27.882449 Анализируем удаление/добавление файлов
INFO:root:Дата 2019-09-17 18:54:27.885176 Анализируем удаление/добавление файлов
INFO:root:Дата 2019-09-17 18:54:27.887705 Анализируем удаление/добавление файлов
INFO:root:Дата 2019-09-17 18:54:27.889579 Анализируем удаление/добавление файлов
INFO:root:Дата 2019-09-17 18:54:27.891283 Анализируем удаление/добавление файлов
INFO:root:Дата 2019-09-17 18:54:27.893020 Анализируем удаление/добавление файлов
INFO:root:Дата 2019-09-17 18:54:27.900913 Анализируем удаление/добавление файлов
INFO:root:Дата 2019-09-17 18:54:27.904658 Анализируем удаление/добавление файлов
INFO:root:Дата 2019-09-17 18:54:27.907653 Анализируем удаление/добавление файлов
INFO:root:Дата 2019-09-17 18:54:27.910925 Анализируем удаление/добавление файлов
INFO:root:Дата 2019-09-17 18:54:27.914027 Анализируем удаление/добавление файлов
INFO:root:Дата 2019-09-17 18:54:27.916124 Анализируем удаление/добавление файлов
INFO:root:Дата 2019-09-17 18:54:27.918655 Анализируем удаление/добавление файлов
INFO:root:Дата 2019-09-17 18:54:27.921479 Анализируем удаление/добавление файлов
INFO:root:Дата 2019-09-17 18:54:27.923780 Анализируем удаление/добавление файлов
INFO:root:Дата 2019-09-17 18:54:27.926137 Анализируем удаление/добавление файлов
INFO:root:Дата 2019-09-17 18:54:27.937328 Анализируем удаление/добавление файлов
INFO:root:Дата 2019-09-17 18:54:27.942393 Анализируем удаление/добавление файлов
INFO:root:Дата 2019-09-17 18:54:27.947898 Анализируем удаление/добавление файлов
INFO:root:Дата 2019-09-17 18:54:27.951427 Анализируем удаление/добавление файлов
INFO:root:Дата 2019-09-17 18:54:27.954087 Анализируем удаление/добавление файлов
INFO:root:Дата 2019-09-17 18:54:27.956507 Анализируем удаление/добавление файлов
INFO:root:Дата 2019-09-17 18:54:27.958811 Анализируем удаление/добавление файлов
INFO:root:Дата 2019-09-17 18:54:27.961194 Анализируем удаление/добавление файлов
INFO:root:Дата 2019-09-17 18:54:27.963222 Анализируем удаление/добавление файлов
INFO:root:Дата 2019-09-17 18:54:27.965177 Анализируем удаление/добавление файлов
INFO:root:Дата 2019-09-17 18:54:27.968588 Анализируем удаление/добавление файлов
INFO:root:Дата 2019-09-17 18:54:27.972766 Анализируем удаление/добавление файлов
INFO:root:Дата 2019-09-17 18:54:27.977131 Анализируем удаление/добавление файлов
INFO:root:Дата 2019-09-17 18:54:27.982673 Анализируем удаление/добавление файлов
INFO:root:Дата 2019-09-17 18:54:27.988814 Анализируем удаление/добавление файлов
INFO:root:Дата 2019-09-17 18:54:28.012172 Анализируем удаление/добавление файлов
INFO:root:Дата 2019-09-17 18:54:28.029316 Анализируем удаление/добавление файлов
INFO:root:Дата 2019-09-17 18:54:28.035125 Анализируем удаление/добавление файлов
INFO:root:Дата 2019-09-17 18:54:28.038394 Анализируем удаление/добавление файлов
INFO:root:Дата 2019-09-17 18:54:28.040548 Анализируем удаление/добавление файлов
INFO:root:Дата 2019-09-17 18:54:28.042592 Анализируем удаление/добавление файлов
INFO:root:Дата 2019-09-17 18:54:28.044688 Анализируем удаление/добавление файлов
INFO:root:Дата 2019-09-17 18:54:28.047454 Анализируем удаление/добавление файлов
INFO:root:Дата 2019-09-17 18:54:28.049881 Анализируем удаление/добавление файлов
INFO:root:Дата 2019-09-17 18:54:28.052080 Анализируем удаление/добавление файлов
INFO:root:Дата 2019-09-17 18:54:28.054390 Анализируем удаление/добавление файлов
INFO:root:Дата 2019-09-17 18:54:28.056655 Анализируем удаление/добавление файлов
INFO:root:Дата 2019-09-17 18:54:28.059761 Анализируем удаление/добавление файлов
INFO:root:Дата 2019-09-17 18:54:28.071566 Анализируем удаление/добавление файлов
INFO:root:Дата 2019-09-17 18:54:28.075233 Анализируем удаление/добавление файлов
INFO:root:Дата 2019-09-17 18:54:28.077281 Анализируем удаление/добавление файлов
INFO:root:Дата 2019-09-17 18:54:28.079228 Анализируем удаление/добавление файлов
INFO:root:Дата 2019-09-17 18:54:28.081079 Анализируем удаление/добавление файлов
INFO:root:Дата 2019-09-17 18:54:28.083168 Анализируем удаление/добавление файлов
INFO:root:Дата 2019-09-17 18:54:28.085311 Анализируем удаление/добавление файлов
INFO:root:Дата 2019-09-17 18:54:28.088286 Анализируем удаление/добавление файлов
INFO:root:Дата 2019-09-17 18:54:28.090358 Анализируем удаление/добавление файлов
INFO:root:Дата 2019-09-17 18:54:28.092395 Анализируем удаление/добавление файлов
INFO:root:Дата 2019-09-17 18:54:28.094124 Анализируем удаление/добавление файлов
INFO:root:Дата 2019-09-17 18:54:28.096780 Анализируем удаление/добавление файлов
INFO:root:Дата 2019-09-17 18:54:28.099010 Анализируем удаление/добавление файлов
INFO:root:Дата 2019-09-17 18:54:28.101432 Анализируем удаление/добавление файлов
INFO:root:Дата 2019-09-17 18:54:28.104097 Анализируем удаление/добавление файлов
INFO:root:Дата 2019-09-17 18:54:28.106592 Анализируем удаление/добавление файлов
INFO:root:Дата 2019-09-17 18:54:28.109677 Анализируем удаление/добавление файлов
INFO:root:Дата 2019-09-17 18:54:28.111782 Анализируем удаление/добавление файлов
INFO:root:Дата 2019-09-17 18:54:28.113660 Анализируем удаление/добавление файлов
INFO:root:Дата 2019-09-17 18:54:28.115618 Анализируем удаление/добавление файлов
INFO:root:Дата 2019-09-17 18:54:28.118940 Анализируем удаление/добавление файлов
INFO:root:Дата 2019-09-17 18:54:28.121071 Анализируем удаление/добавление файлов
INFO:root:Дата 2019-09-17 18:54:28.123042 Анализируем удаление/добавление файлов
INFO:root:Дата 2019-09-17 18:54:28.124913 Анализируем удаление/добавление файлов
INFO:root:Дата 2019-09-17 18:54:28.127040 Анализируем удаление/добавление файлов
INFO:root:Дата 2019-09-17 18:54:28.129483 Анализируем удаление/добавление файлов
INFO:root:Дата 2019-09-17 18:54:28.132099 Анализируем удаление/добавление файлов
INFO:root:Дата 2019-09-17 18:54:28.134800 Анализируем удаление/добавление файлов
INFO:root:Дата 2019-09-17 18:54:28.139989 Анализируем удаление/добавление файлов
INFO:root:Дата 2019-09-17 18:54:28.143739 Анализируем удаление/добавление файлов
INFO:root:Дата 2019-09-17 18:54:28.147159 Анализируем удаление/добавление файлов
INFO:root:Дата 2019-09-17 18:54:28.150180 Анализируем удаление/добавление файлов
INFO:root:Дата 2019-09-17 18:54:28.153045 Анализируем удаление/добавление файлов
INFO:root:Дата 2019-09-17 18:54:28.155131 Анализируем удаление/добавление файлов
INFO:root:Дата 2019-09-17 18:54:28.157431 Анализируем удаление/добавление файлов
INFO:root:Дата 2019-09-17 18:54:28.159830 Анализируем удаление/добавление файлов
INFO:root:Дата 2019-09-17 18:54:28.161777 Анализируем удаление/добавление файлов
INFO:root:Дата 2019-09-17 18:54:28.164133 Анализируем удаление/добавление файлов
INFO:root:Дата 2019-09-17 18:54:28.166470 Анализируем удаление/добавление файлов
INFO:root:Дата 2019-09-17 18:54:28.175455 Анализируем удаление/добавление файлов
INFO:root:Дата 2019-09-17 18:54:28.186982 Анализируем удаление/добавление файлов
INFO:root:Дата 2019-09-17 18:54:28.195387 Анализируем удаление/добавление файлов
INFO:root:Дата 2019-09-17 18:54:28.201594 Анализируем удаление/добавление файлов
INFO:root:Дата 2019-09-17 18:54:28.205910 Анализируем удаление/добавление файлов
INFO:root:Дата 2019-09-17 18:54:28.209445 Анализируем удаление/добавление файлов
INFO:root:Дата 2019-09-17 18:54:28.212049 Анализируем удаление/добавление файлов
INFO:root:Дата 2019-09-17 18:54:28.215629 Анализируем удаление/добавление файлов
INFO:root:Дата 2019-09-17 18:54:28.221243 Анализируем удаление/добавление файлов
INFO:root:Дата 2019-09-17 18:54:28.224080 Анализируем удаление/добавление файлов
INFO:root:Дата 2019-09-17 18:54:28.227254 Анализируем удаление/добавление файлов
INFO:root:Дата 2019-09-17 18:54:28.229534 Анализируем удаление/добавление файлов
INFO:root:Дата 2019-09-17 18:54:28.234785 Анализируем удаление/добавление файлов
INFO:root:Дата 2019-09-17 18:54:28.237665 Анализируем удаление/добавление файлов
INFO:root:Дата 2019-09-17 18:54:28.240261 Анализируем удаление/добавление файлов
INFO:root:Дата 2019-09-17 18:54:28.243097 Анализируем удаление/добавление файлов
INFO:root:Дата 2019-09-17 18:54:28.245891 Анализируем удаление/добавление файлов
INFO:root:Дата 2019-09-17 18:54:28.248694 Анализируем удаление/добавление файлов
INFO:root:Дата 2019-09-17 18:54:28.251238 Анализируем удаление/добавление файлов
INFO:root:Дата 2019-09-17 18:54:28.253359 Анализируем удаление/добавление файлов
INFO:root:Дата 2019-09-17 18:54:28.259586 Анализируем удаление/добавление файлов
INFO:root:Дата 2019-09-17 18:54:28.261705 Анализируем удаление/добавление файлов
INFO:root:Дата 2019-09-17 18:54:28.263724 Анализируем удаление/добавление файлов
INFO:root:Дата 2019-09-17 18:54:28.265399 Анализируем удаление/добавление файлов
INFO:root:Дата 2019-09-17 18:54:28.267379 Анализируем удаление/добавление файлов
INFO:root:Дата 2019-09-17 18:54:28.269412 Анализируем удаление/добавление файлов
INFO:root:Дата 2019-09-17 18:54:28.271570 Анализируем удаление/добавление файлов
INFO:root:Дата 2019-09-17 18:54:28.275154 Анализируем удаление/добавление файлов
INFO:root:Дата 2019-09-17 18:54:28.276820 Анализируем удаление/добавление файлов
INFO:root:Дата 2019-09-17 18:54:28.278632 Анализируем удаление/добавление файлов
INFO:root:Дата 2019-09-17 18:54:28.280648 Анализируем удаление/добавление файлов
INFO:root:Дата 2019-09-17 18:54:28.283645 Анализируем удаление/добавление файлов
INFO:root:Дата 2019-09-17 18:54:28.286125 Анализируем удаление/добавление файлов
INFO:root:Дата 2019-09-17 18:54:28.288524 Анализируем удаление/добавление файлов
INFO:root:Дата 2019-09-17 18:54:28.290715 Анализируем удаление/добавление файлов
INFO:root:Дата 2019-09-17 18:54:28.292645 Анализируем удаление/добавление файлов
INFO:root:Дата 2019-09-17 18:54:28.295619 Анализируем удаление/добавление файлов
INFO:root:Дата 2019-09-17 18:54:28.298085 Анализируем удаление/добавление файлов
INFO:root:Дата 2019-09-17 18:54:28.300650 Анализируем удаление/добавление файлов
INFO:root:Дата 2019-09-17 18:54:28.302798 Анализируем удаление/добавление файлов
INFO:root:Дата 2019-09-17 18:54:28.305206 Анализируем удаление/добавление файлов
INFO:root:Дата 2019-09-17 18:54:28.308043 Анализируем удаление/добавление файлов
INFO:root:Дата 2019-09-17 18:54:28.310369 Анализируем удаление/добавление файлов
INFO:root:Дата 2019-09-17 18:54:28.312388 Анализируем удаление/добавление файлов
INFO:root:Дата 2019-09-17 18:54:28.314587 Анализируем удаление/добавление файлов
INFO:root:Дата 2019-09-17 18:54:28.318150 Анализируем удаление/добавление файлов
INFO:root:Дата 2019-09-17 18:54:28.321760 Анализируем удаление/добавление файлов
INFO:root:Дата 2019-09-17 18:54:28.324298 Анализируем удаление/добавление файлов
INFO:root:Дата 2019-09-17 18:54:28.326410 Анализируем удаление/добавление файлов
INFO:root:Дата 2019-09-17 18:54:28.328445 Анализируем удаление/добавление файлов
INFO:root:Дата 2019-09-17 18:54:28.336232 Анализируем удаление/добавление файлов
INFO:root:Дата 2019-09-17 18:54:28.344023 Анализируем удаление/добавление файлов
INFO:root:Дата 2019-09-17 18:54:28.347720 Анализируем удаление/добавление файлов
INFO:root:Дата 2019-09-17 18:54:28.350385 Анализируем удаление/добавление файлов
INFO:root:Дата 2019-09-17 18:54:28.361013 Анализируем удаление/добавление файлов
INFO:root:Дата 2019-09-17 18:54:28.368465 Анализируем удаление/добавление файлов
INFO:root:Дата 2019-09-17 18:54:28.370868 Анализируем удаление/добавление файлов
INFO:root:Дата 2019-09-17 18:54:28.373229 Анализируем удаление/добавление файлов
INFO:root:Дата 2019-09-17 18:54:28.383016 Анализируем удаление/добавление файлов
INFO:root:Дата 2019-09-17 18:54:28.385152 Анализируем удаление/добавление файлов
INFO:root:Дата 2019-09-17 18:54:28.390735 Анализируем удаление/добавление файлов
INFO:root:Дата 2019-09-17 18:54:28.392902 Анализируем удаление/добавление файлов
INFO:root:Дата 2019-09-17 18:54:28.395549 Анализируем удаление/добавление файлов
INFO:root:Дата 2019-09-17 18:54:28.397625 Анализируем удаление/добавление файлов
INFO:root:Дата 2019-09-17 18:54:28.400245 Анализируем удаление/добавление файлов
INFO:root:Дата 2019-09-17 18:54:28.402656 Анализируем удаление/добавление файлов
INFO:root:Дата 2019-09-17 18:54:28.405644 Анализируем удаление/добавление файлов
INFO:root:Дата 2019-09-17 18:54:28.408383 Анализируем удаление/добавление файлов
INFO:root:Дата 2019-09-17 18:54:28.410333 Анализируем удаление/добавление файлов
INFO:root:Дата 2019-09-17 18:54:28.412119 Анализируем удаление/добавление файлов
INFO:root:Дата 2019-09-17 18:54:28.414192 Анализируем удаление/добавление файлов
INFO:root:Дата 2019-09-17 18:54:28.417503 Анализируем удаление/добавление файлов
INFO:root:Дата 2019-09-17 18:54:28.423231 Анализируем удаление/добавление файлов
INFO:root:Дата 2019-09-17 18:54:28.425885 Анализируем удаление/добавление файлов
INFO:root:Дата 2019-09-17 18:54:28.428260 Анализируем удаление/добавление файлов
INFO:root:Дата 2019-09-17 18:54:28.431164 Анализируем удаление/добавление файлов
INFO:root:Дата 2019-09-17 18:54:28.434014 Анализируем удаление/добавление файлов
INFO:root:Дата 2019-09-17 18:54:28.436604 Анализируем удаление/добавление файлов
INFO:root:Дата 2019-09-17 18:54:28.438946 Анализируем удаление/добавление файлов
INFO:root:Дата 2019-09-17 18:54:28.441005 Анализируем удаление/добавление файлов
INFO:root:Дата 2019-09-17 18:54:28.442989 Анализируем удаление/добавление файлов
INFO:root:Дата 2019-09-17 18:54:28.444886 Анализируем удаление/добавление файлов
INFO:root:Дата 2019-09-17 18:54:28.446913 Анализируем удаление/добавление файлов
INFO:root:Дата 2019-09-17 18:54:28.449062 Анализируем удаление/добавление файлов
INFO:root:Дата 2019-09-17 18:54:28.451051 Анализируем удаление/добавление файлов
INFO:root:Дата 2019-09-17 18:54:28.453518 Анализируем удаление/добавление файлов
INFO:root:Дата 2019-09-17 18:54:28.458082 Анализируем удаление/добавление файлов
INFO:root:Дата 2019-09-17 18:54:28.460727 Анализируем удаление/добавление файлов
INFO:root:Дата 2019-09-17 18:54:28.463984 Анализируем удаление/добавление файлов
INFO:root:Дата 2019-09-17 18:54:28.467113 Анализируем удаление/добавление файлов
INFO:root:Дата 2019-09-17 18:54:28.470596 Анализируем удаление/добавление файлов
INFO:root:Дата 2019-09-17 18:54:28.473165 Анализируем удаление/добавление файлов
INFO:root:Дата 2019-09-17 18:54:28.476998 Анализируем удаление/добавление файлов
INFO:root:Дата 2019-09-17 18:54:28.479087 Анализируем удаление/добавление файлов
INFO:root:Дата 2019-09-17 18:54:28.481129 Анализируем удаление/добавление файлов
INFO:root:Дата 2019-09-17 18:54:28.483682 Анализируем удаление/добавление файлов
INFO:root:Дата 2019-09-17 18:54:28.486310 Анализируем удаление/добавление файлов
INFO:root:Дата 2019-09-17 18:54:28.488406 Анализируем удаление/добавление файлов
INFO:root:Дата 2019-09-17 18:54:28.490491 Анализируем удаление/добавление файлов
INFO:root:Дата 2019-09-17 18:54:28.493434 Анализируем удаление/добавление файлов
INFO:root:Дата 2019-09-17 18:54:28.496910 Анализируем удаление/добавление файлов
INFO:root:Дата 2019-09-17 18:54:28.507061 Анализируем удаление/добавление файлов
INFO:root:Дата 2019-09-17 18:54:28.514734 Анализируем удаление/добавление файлов
INFO:root:Дата 2019-09-17 18:54:28.521909 Анализируем удаление/добавление файлов
INFO:root:Дата 2019-09-17 18:54:28.524182 Анализируем удаление/добавление файлов
INFO:root:Дата 2019-09-17 18:54:28.526137 Анализируем удаление/добавление файлов
INFO:root:Дата 2019-09-17 18:54:28.528074 Анализируем удаление/добавление файлов
INFO:root:Дата 2019-09-17 18:54:28.530122 Анализируем удаление/добавление файлов
INFO:root:Дата 2019-09-17 18:54:28.532020 Анализируем удаление/добавление файлов
INFO:root:Дата 2019-09-17 18:54:28.534227 Анализируем удаление/добавление файлов
INFO:root:Дата 2019-09-17 18:54:28.536981 Анализируем удаление/добавление файлов
INFO:root:Дата 2019-09-17 18:54:28.540269 Анализируем удаление/добавление файлов
INFO:root:Дата 2019-09-17 18:54:28.545796 Анализируем удаление/добавление файлов
INFO:root:Дата 2019-09-17 18:54:28.549052 Анализируем удаление/добавление файлов
INFO:root:Дата 2019-09-17 18:54:28.559021 Анализируем удаление/добавление файлов
INFO:root:Дата 2019-09-17 18:54:28.561107 Анализируем удаление/добавление файлов
INFO:root:Дата 2019-09-17 18:54:28.563371 Анализируем удаление/добавление файлов
INFO:root:Дата 2019-09-17 18:54:28.565672 Анализируем удаление/добавление файлов
INFO:root:Дата 2019-09-17 18:54:28.571611 Анализируем удаление/добавление файлов
INFO:root:Дата 2019-09-17 18:54:28.574712 Анализируем удаление/добавление файлов
INFO:root:Дата 2019-09-17 18:54:28.578588 Анализируем удаление/добавление файлов
INFO:root:Дата 2019-09-17 18:54:28.581135 Анализируем удаление/добавление файлов
INFO:root:Дата 2019-09-17 18:54:28.584831 Анализируем удаление/добавление файлов
INFO:root:Дата 2019-09-17 18:54:28.588643 Анализируем удаление/добавление файлов
INFO:root:Дата 2019-09-17 18:54:28.593626 Анализируем удаление/добавление файлов
INFO:root:Дата 2019-09-17 18:54:28.596420 Анализируем удаление/добавление файлов
INFO:root:Дата 2019-09-17 18:54:28.599011 Анализируем удаление/добавление файлов
INFO:root:Дата 2019-09-17 18:54:28.602089 Анализируем удаление/добавление файлов
INFO:root:Дата 2019-09-17 18:54:28.605421 Анализируем удаление/добавление файлов
INFO:root:Дата 2019-09-17 18:54:28.608540 Анализируем удаление/добавление файлов
INFO:root:Дата 2019-09-17 18:54:28.610749 Анализируем удаление/добавление файлов
INFO:root:Дата 2019-09-17 18:54:28.613143 Анализируем удаление/добавление файлов
INFO:root:Дата 2019-09-17 18:54:28.618236 Анализируем удаление/добавление файлов
INFO:root:Дата 2019-09-17 18:54:28.621885 Анализируем удаление/добавление файлов
INFO:root:Дата 2019-09-17 18:54:28.624778 Анализируем удаление/добавление файлов
INFO:root:Дата 2019-09-17 18:54:28.627626 Анализируем удаление/добавление файлов
INFO:root:Дата 2019-09-17 18:54:28.633304 Анализируем удаление/добавление файлов
INFO:root:Дата 2019-09-17 18:54:28.638533 Анализируем удаление/добавление файлов
INFO:root:Дата 2019-09-17 18:54:28.641545 Анализируем удаление/добавление файлов
INFO:root:Дата 2019-09-17 18:54:28.655657 Анализируем удаление/добавление файлов
INFO:root:Дата 2019-09-17 18:54:28.666691 Анализируем удаление/добавление файлов
INFO:root:Дата 2019-09-17 18:54:28.677491 Анализируем удаление/добавление файлов
INFO:root:Дата 2019-09-17 18:54:28.680336 Анализируем удаление/добавление файлов
INFO:root:Дата 2019-09-17 18:54:28.682561 Анализируем удаление/добавление файлов
INFO:root:Дата 2019-09-17 18:54:28.685177 Анализируем удаление/добавление файлов
INFO:root:Дата 2019-09-17 18:54:28.687979 Анализируем удаление/добавление файлов
INFO:root:Дата 2019-09-17 18:54:28.690100 Анализируем удаление/добавление файлов
INFO:root:Дата 2019-09-17 18:54:28.692289 Анализируем удаление/добавление файлов
INFO:root:Дата 2019-09-17 18:54:28.696894 Анализируем удаление/добавление файлов
INFO:root:Дата 2019-09-17 18:54:28.701188 Анализируем удаление/добавление файлов
INFO:root:Дата 2019-09-17 18:54:28.708205 Анализируем удаление/добавление файлов
INFO:root:Дата 2019-09-17 18:54:28.710419 Анализируем удаление/добавление файлов
INFO:root:Дата 2019-09-17 18:54:28.712378 Анализируем удаление/добавление файлов
INFO:root:Дата 2019-09-17 18:54:28.714129 Анализируем удаление/добавление файлов
INFO:root:Дата 2019-09-17 18:54:28.716802 Анализируем удаление/добавление файлов
INFO:root:Дата 2019-09-17 18:54:28.720506 Анализируем удаление/добавление файлов
INFO:root:Дата 2019-09-17 18:54:28.722573 Анализируем удаление/добавление файлов
INFO:root:Дата 2019-09-17 18:54:28.724437 Анализируем удаление/добавление файлов
INFO:root:Дата 2019-09-17 18:54:28.726235 Анализируем удаление/добавление файлов
INFO:root:Дата 2019-09-17 18:54:28.728309 Анализируем удаление/добавление файлов
INFO:root:Дата 2019-09-17 18:54:28.730356 Анализируем удаление/добавление файлов
INFO:root:Дата 2019-09-17 18:54:28.732143 Анализируем удаление/добавление файлов
INFO:root:Дата 2019-09-17 18:54:28.734047 Анализируем удаление/добавление файлов
INFO:root:Дата 2019-09-17 18:54:28.738796 Анализируем удаление/добавление файлов
INFO:root:Дата 2019-09-17 18:54:28.741901 Анализируем удаление/добавление файлов
INFO:root:Дата 2019-09-17 18:54:28.744359 Анализируем удаление/добавление файлов
INFO:root:Дата 2019-09-17 18:54:28.746154 Анализируем удаление/добавление файлов
INFO:root:Дата 2019-09-17 18:54:28.749827 Анализируем удаление/добавление файлов
INFO:root:Дата 2019-09-17 18:54:28.754789 Анализируем удаление/добавление файлов
INFO:root:Дата 2019-09-17 18:54:28.757432 Анализируем удаление/добавление файлов
INFO:root:Дата 2019-09-17 18:54:28.759759 Анализируем удаление/добавление файлов
INFO:root:Дата 2019-09-17 18:54:28.761908 Анализируем удаление/добавление файлов
INFO:root:Дата 2019-09-17 18:54:28.763967 Анализируем удаление/добавление файлов
INFO:root:Дата 2019-09-17 18:54:28.766942 Анализируем удаление/добавление файлов
INFO:root:Дата 2019-09-17 18:54:28.769399 Анализируем удаление/добавление файлов
INFO:root:Дата 2019-09-17 18:54:28.771883 Анализируем удаление/добавление файлов
INFO:root:Дата 2019-09-17 18:54:28.774092 Анализируем удаление/добавление файлов
INFO:root:Дата 2019-09-17 18:54:28.778293 Анализируем удаление/добавление файлов
INFO:root:Дата 2019-09-17 18:54:28.780647 Анализируем удаление/добавление файлов
INFO:root:Дата 2019-09-17 18:54:28.784166 Анализируем удаление/добавление файлов
INFO:root:Дата 2019-09-17 18:54:28.790461 Анализируем удаление/добавление файлов
INFO:root:Дата 2019-09-17 18:54:28.808141 Анализируем удаление/добавление файлов
INFO:root:Дата 2019-09-17 18:54:28.825728 Анализируем удаление/добавление файлов
INFO:root:Дата 2019-09-17 18:54:28.828920 Анализируем удаление/добавление файлов
INFO:root:Дата 2019-09-17 18:54:28.833851 Анализируем удаление/добавление файлов
INFO:root:Дата 2019-09-17 18:54:28.842196 Анализируем удаление/добавление файлов
INFO:root:Дата 2019-09-17 18:54:28.849257 Анализируем удаление/добавление файлов
INFO:root:Дата 2019-09-17 18:54:28.855037 Анализируем удаление/добавление файлов
INFO:root:Дата 2019-09-17 18:54:28.859466 Анализируем удаление/добавление файлов
INFO:root:Дата 2019-09-17 18:54:28.864167 Анализируем удаление/добавление файлов
INFO:root:Дата 2019-09-17 18:54:28.867102 Анализируем удаление/добавление файлов
INFO:root:Дата 2019-09-17 18:54:28.870512 Анализируем удаление/добавление файлов
INFO:root:Дата 2019-09-17 18:54:28.872899 Анализируем удаление/добавление файлов
INFO:root:Дата 2019-09-17 18:54:28.875519 Анализируем удаление/добавление файлов
INFO:root:Дата 2019-09-17 18:54:28.878091 Анализируем удаление/добавление файлов
INFO:root:Дата 2019-09-17 18:54:28.880298 Анализируем удаление/добавление файлов
INFO:root:Дата 2019-09-17 18:54:28.882430 Анализируем удаление/добавление файлов
INFO:root:Дата 2019-09-17 18:54:28.886284 Анализируем удаление/добавление файлов
INFO:root:Дата 2019-09-17 18:54:28.888547 Анализируем удаление/добавление файлов
INFO:root:Дата 2019-09-17 18:54:28.891298 Анализируем удаление/добавление файлов
INFO:root:Дата 2019-09-17 18:54:28.893171 Анализируем удаление/добавление файлов
INFO:root:Дата 2019-09-17 18:54:28.896667 Анализируем удаление/добавление файлов
INFO:root:Дата 2019-09-17 18:54:28.898603 Анализируем удаление/добавление файлов
INFO:root:Дата 2019-09-17 18:54:28.900530 Анализируем удаление/добавление файлов
INFO:root:Дата 2019-09-17 18:54:28.902190 Анализируем удаление/добавление файлов
INFO:root:Дата 2019-09-17 18:54:28.904498 Анализируем удаление/добавление файлов
INFO:root:Дата 2019-09-17 18:54:28.907741 Анализируем удаление/добавление файлов
INFO:root:Дата 2019-09-17 18:54:28.909773 Анализируем удаление/добавление файлов
INFO:root:Дата 2019-09-17 18:54:28.911988 Анализируем удаление/добавление файлов
INFO:root:Дата 2019-09-17 18:54:28.914081 Анализируем удаление/добавление файлов
INFO:root:Дата 2019-09-17 18:54:28.916860 Анализируем удаление/добавление файлов
INFO:root:Дата 2019-09-17 18:54:28.921101 Анализируем удаление/добавление файлов
INFO:root:Дата 2019-09-17 18:54:28.923295 Анализируем удаление/добавление файлов
INFO:root:Дата 2019-09-17 18:54:28.925330 Анализируем удаление/добавление файлов
INFO:root:Дата 2019-09-17 18:54:28.927339 Анализируем удаление/добавление файлов
INFO:root:Дата 2019-09-17 18:54:28.929331 Анализируем удаление/добавление файлов
INFO:root:Дата 2019-09-17 18:54:28.931315 Анализируем удаление/добавление файлов
INFO:root:Дата 2019-09-17 18:54:28.933167 Анализируем удаление/добавление файлов
INFO:root:Дата 2019-09-17 18:54:28.942876 Анализируем удаление/добавление файлов
INFO:root:Дата 2019-09-17 18:54:28.946382 Анализируем удаление/добавление файлов
INFO:root:Дата 2019-09-17 18:54:28.949021 Анализируем удаление/добавление файлов
INFO:root:Дата 2019-09-17 18:54:28.958779 Анализируем удаление/добавление файлов
INFO:root:Дата 2019-09-17 18:54:28.961131 Анализируем удаление/добавление файлов
INFO:root:Дата 2019-09-17 18:54:28.963834 Анализируем удаление/добавление файлов
INFO:root:Дата 2019-09-17 18:54:28.966752 Анализируем удаление/добавление файлов
INFO:root:Дата 2019-09-17 18:54:28.970716 Анализируем удаление/добавление файлов
INFO:root:Дата 2019-09-17 18:54:28.981239 Анализируем удаление/добавление файлов
INFO:root:Дата 2019-09-17 18:54:28.992428 Анализируем удаление/добавление файлов
INFO:root:Дата 2019-09-17 18:54:29.000702 Анализируем удаление/добавление файлов
INFO:root:Дата 2019-09-17 18:54:29.004741 Анализируем удаление/добавление файлов
INFO:root:Дата 2019-09-17 18:54:29.010889 Анализируем удаление/добавление файлов
INFO:root:Дата 2019-09-17 18:54:29.014290 Анализируем удаление/добавление файлов
INFO:root:Дата 2019-09-17 18:54:29.024418 Анализируем удаление/добавление файлов
INFO:root:Дата 2019-09-17 18:54:29.028145 Анализируем удаление/добавление файлов
INFO:root:Дата 2019-09-17 18:54:29.039416 Анализируем удаление/добавление файлов
INFO:root:Дата 2019-09-17 18:54:29.043512 Анализируем удаление/добавление файлов
INFO:root:Дата 2019-09-17 18:54:29.046542 Анализируем удаление/добавление файлов
INFO:root:Дата 2019-09-17 18:54:29.048769 Анализируем удаление/добавление файлов
INFO:root:Дата 2019-09-17 18:54:29.052465 Анализируем удаление/добавление файлов
INFO:root:Дата 2019-09-17 18:54:29.057313 Анализируем удаление/добавление файлов
INFO:root:Дата 2019-09-17 18:54:29.060565 Анализируем удаление/добавление файлов
INFO:root:Дата 2019-09-17 18:54:29.063247 Анализируем удаление/добавление файлов
INFO:root:Дата 2019-09-17 18:54:29.066103 Анализируем удаление/добавление файлов
INFO:root:Дата 2019-09-17 18:54:29.069674 Анализируем удаление/добавление файлов
INFO:root:Дата 2019-09-17 18:54:29.072161 Анализируем удаление/добавление файлов
INFO:root:Дата 2019-09-17 18:54:29.074674 Анализируем удаление/добавление файлов
INFO:root:Дата 2019-09-17 18:54:29.076884 Анализируем удаление/добавление файлов
INFO:root:Дата 2019-09-17 18:54:29.079024 Анализируем удаление/добавление файлов
INFO:root:Дата 2019-09-17 18:54:29.081346 Анализируем удаление/добавление файлов
INFO:root:Дата 2019-09-17 18:54:29.084409 Анализируем удаление/добавление файлов
INFO:root:Дата 2019-09-17 18:54:29.086782 Анализируем удаление/добавление файлов
INFO:root:Дата 2019-09-17 18:54:29.088579 Анализируем удаление/добавление файлов
INFO:root:Дата 2019-09-17 18:54:29.090452 Анализируем удаление/добавление файлов
INFO:root:Дата 2019-09-17 18:54:29.092700 Анализируем удаление/добавление файлов
INFO:root:Дата 2019-09-17 18:54:29.098817 Анализируем удаление/добавление файлов
INFO:root:Дата 2019-09-17 18:54:29.100913 Анализируем удаление/добавление файлов
INFO:root:Дата 2019-09-17 18:54:29.103140 Анализируем удаление/добавление файлов
INFO:root:Дата 2019-09-17 18:54:29.105694 Анализируем удаление/добавление файлов
INFO:root:Дата 2019-09-17 18:54:29.108488 Анализируем удаление/добавление файлов
INFO:root:Дата 2019-09-17 18:54:29.110507 Анализируем удаление/добавление файлов
INFO:root:Дата 2019-09-17 18:54:29.112544 Анализируем удаление/добавление файлов
INFO:root:Дата 2019-09-17 18:54:29.121648 Анализируем удаление/добавление файлов
INFO:root:Дата 2019-09-17 18:54:29.131508 Анализируем удаление/добавление файлов
INFO:root:Дата 2019-09-17 18:54:29.143567 Анализируем удаление/добавление файлов
INFO:root:Дата 2019-09-17 18:54:29.145859 Анализируем удаление/добавление файлов
INFO:root:Дата 2019-09-17 18:54:29.148032 Анализируем удаление/добавление файлов
INFO:root:Дата 2019-09-17 18:54:29.150533 Анализируем удаление/добавление файлов
INFO:root:Дата 2019-09-17 18:54:29.153361 Анализируем удаление/добавление файлов
INFO:root:Дата 2019-09-17 18:54:29.155668 Анализируем удаление/добавление файлов
INFO:root:Дата 2019-09-17 18:54:29.157861 Анализируем удаление/добавление файлов
INFO:root:Дата 2019-09-17 18:54:29.160774 Анализируем удаление/добавление файлов
INFO:root:Дата 2019-09-17 18:54:29.162926 Анализируем удаление/добавление файлов
INFO:root:Дата 2019-09-17 18:54:29.164921 Анализируем удаление/добавление файлов
INFO:root:Дата 2019-09-17 18:54:29.167901 Анализируем удаление/добавление файлов
INFO:root:Дата 2019-09-17 18:54:29.171714 Анализируем удаление/добавление файлов
INFO:root:Дата 2019-09-17 18:54:29.174715 Анализируем удаление/добавление файлов
INFO:root:Дата 2019-09-17 18:54:29.177380 Анализируем удаление/добавление файлов
INFO:root:Дата 2019-09-17 18:54:29.180179 Анализируем удаление/добавление файлов
INFO:root:Дата 2019-09-17 18:54:29.186128 Анализируем удаление/добавление файлов
INFO:root:Дата 2019-09-17 18:54:29.188719 Анализируем удаление/добавление файлов
INFO:root:Дата 2019-09-17 18:54:29.192805 Анализируем удаление/добавление файлов
INFO:root:Дата 2019-09-17 18:54:29.195466 Анализируем удаление/добавление файлов
INFO:root:Дата 2019-09-17 18:54:29.198153 Анализируем удаление/добавление файлов
INFO:root:Дата 2019-09-17 18:54:29.201275 Анализируем удаление/добавление файлов
INFO:root:Дата 2019-09-17 18:54:29.203851 Анализируем удаление/добавление файлов
INFO:root:Дата 2019-09-17 18:54:29.206591 Анализируем удаление/добавление файлов
INFO:root:Дата 2019-09-17 18:54:29.210054 Анализируем удаление/добавление файлов
INFO:root:Дата 2019-09-17 18:54:29.212928 Анализируем удаление/добавление файлов
INFO:root:Дата 2019-09-17 18:54:29.215445 Анализируем удаление/добавление файлов
INFO:root:Дата 2019-09-17 18:54:29.220170 Анализируем удаление/добавление файлов
INFO:root:Дата 2019-09-17 18:54:29.223186 Анализируем удаление/добавление файлов
INFO:root:Дата 2019-09-17 18:54:29.233723 Анализируем удаление/добавление файлов
INFO:root:Дата 2019-09-17 18:54:29.241197 Анализируем удаление/добавление файлов
INFO:root:Дата 2019-09-17 18:54:29.250431 Анализируем удаление/добавление файлов
INFO:root:Дата 2019-09-17 18:54:29.261585 Анализируем удаление/добавление файлов
INFO:root:Дата 2019-09-17 18:54:29.263876 Анализируем удаление/добавление файлов
INFO:root:Дата 2019-09-17 18:54:29.265836 Анализируем удаление/добавление файлов
INFO:root:Дата 2019-09-17 18:54:29.268383 Анализируем удаление/добавление файлов
INFO:root:Дата 2019-09-17 18:54:29.270089 Анализируем удаление/добавление файлов
INFO:root:Дата 2019-09-17 18:54:29.272115 Анализируем удаление/добавление файлов
INFO:root:Дата 2019-09-17 18:54:29.274569 Анализируем удаление/добавление файлов
INFO:root:Дата 2019-09-17 18:54:29.276604 Анализируем удаление/добавление файлов
INFO:root:Дата 2019-09-17 18:54:29.278389 Анализируем удаление/добавление файлов
INFO:root:Дата 2019-09-17 18:54:29.280426 Анализируем удаление/добавление файлов
INFO:root:Дата 2019-09-17 18:54:29.282934 Анализируем удаление/добавление файлов
INFO:root:Дата 2019-09-17 18:54:29.286584 Анализируем удаление/добавление файлов
INFO:root:Дата 2019-09-17 18:54:29.288607 Анализируем удаление/добавление файлов
INFO:root:Дата 2019-09-17 18:54:29.290517 Анализируем удаление/добавление файлов
INFO:root:Дата 2019-09-17 18:54:29.292415 Анализируем удаление/добавление файлов
INFO:root:Дата 2019-09-17 18:54:29.294402 Анализируем удаление/добавление файлов
INFO:root:Дата 2019-09-17 18:54:29.298094 Анализируем удаление/добавление файлов
INFO:root:Дата 2019-09-17 18:54:29.300556 Анализируем удаление/добавление файлов
INFO:root:Дата 2019-09-17 18:54:29.303198 Анализируем удаление/добавление файлов
INFO:root:Дата 2019-09-17 18:54:29.305917 Анализируем удаление/добавление файлов
INFO:root:Дата 2019-09-17 18:54:29.309598 Анализируем удаление/добавление файлов
INFO:root:Дата 2019-09-17 18:54:29.311659 Анализируем удаление/добавление файлов
INFO:root:Дата 2019-09-17 18:54:29.313647 Анализируем удаление/добавление файлов
INFO:root:Дата 2019-09-17 18:54:29.315892 Анализируем удаление/добавление файлов
INFO:root:Дата 2019-09-17 18:54:29.318752 Анализируем удаление/добавление файлов
INFO:root:Дата 2019-09-17 18:54:29.321367 Анализируем удаление/добавление файлов
INFO:root:Дата 2019-09-17 18:54:29.323501 Анализируем удаление/добавление файлов
INFO:root:Дата 2019-09-17 18:54:29.326093 Анализируем удаление/добавление файлов
INFO:root:Дата 2019-09-17 18:54:29.328016 Анализируем удаление/добавление файлов
INFO:root:Дата 2019-09-17 18:54:29.330038 Анализируем удаление/добавление файлов
INFO:root:Дата 2019-09-17 18:54:29.332003 Анализируем удаление/добавление файлов
INFO:root:Дата 2019-09-17 18:54:29.334142 Анализируем удаление/добавление файлов
INFO:root:Дата 2019-09-17 18:54:29.337593 Анализируем удаление/добавление файлов
INFO:root:Дата 2019-09-17 18:54:29.341636 Анализируем удаление/добавление файлов
INFO:root:Дата 2019-09-17 18:54:29.344083 Анализируем удаление/добавление файлов
INFO:root:Дата 2019-09-17 18:54:29.346078 Анализируем удаление/добавление файлов
INFO:root:Дата 2019-09-17 18:54:29.348017 Анализируем удаление/добавление файлов
INFO:root:Дата 2019-09-17 18:54:29.350849 Анализируем удаление/добавление файлов
INFO:root:Дата 2019-09-17 18:54:29.353658 Анализируем удаление/добавление файлов
INFO:root:Дата 2019-09-17 18:54:29.357153 Анализируем удаление/добавление файлов
INFO:root:Дата 2019-09-17 18:54:29.360966 Анализируем удаление/добавление файлов
INFO:root:Дата 2019-09-17 18:54:29.375423 Анализируем удаление/добавление файлов
INFO:root:Дата 2019-09-17 18:54:29.391981 Анализируем удаление/добавление файлов
INFO:root:Дата 2019-09-17 18:54:29.407924 Анализируем удаление/добавление файлов
INFO:root:Дата 2019-09-17 18:54:29.412204 Анализируем удаление/добавление файлов
INFO:root:Дата 2019-09-17 18:54:29.416330 Анализируем удаление/добавление файлов
INFO:root:Дата 2019-09-17 18:54:29.419566 Анализируем удаление/добавление файлов
INFO:root:Дата 2019-09-17 18:54:29.422396 Анализируем удаление/добавление файлов
INFO:root:Дата 2019-09-17 18:54:29.429928 Анализируем удаление/добавление файлов
INFO:root:Дата 2019-09-17 18:54:29.435135 Анализируем удаление/добавление файлов
INFO:root:Дата 2019-09-17 18:54:29.438421 Анализируем удаление/добавление файлов
INFO:root:Дата 2019-09-17 18:54:29.441897 Анализируем удаление/добавление файлов
INFO:root:Дата 2019-09-17 18:54:29.446099 Анализируем удаление/добавление файлов
INFO:root:Дата 2019-09-17 18:54:29.448665 Анализируем удаление/добавление файлов
INFO:root:Дата 2019-09-17 18:54:29.452983 Анализируем удаление/добавление файлов
INFO:root:Дата 2019-09-17 18:54:29.457028 Анализируем удаление/добавление файлов
INFO:root:Дата 2019-09-17 18:54:29.460189 Анализируем удаление/добавление файлов
INFO:root:Дата 2019-09-17 18:54:29.462779 Анализируем удаление/добавление файлов
INFO:root:Дата 2019-09-17 18:54:29.464973 Анализируем удаление/добавление файлов
INFO:root:Дата 2019-09-17 18:54:29.468178 Анализируем удаление/добавление файлов
INFO:root:Дата 2019-09-17 18:54:29.475644 Анализируем удаление/добавление файлов
INFO:root:Дата 2019-09-17 18:54:29.478137 Анализируем удаление/добавление файлов
INFO:root:Дата 2019-09-17 18:54:29.480652 Анализируем удаление/добавление файлов
INFO:root:Дата 2019-09-17 18:54:29.484827 Анализируем удаление/добавление файлов
INFO:root:Дата 2019-09-17 18:54:29.487956 Анализируем удаление/добавление файлов
INFO:root:Дата 2019-09-17 18:54:29.490397 Анализируем удаление/добавление файлов
INFO:root:Дата 2019-09-17 18:54:29.492710 Анализируем удаление/добавление файлов
INFO:root:Дата 2019-09-17 18:54:29.496351 Анализируем удаление/добавление файлов
INFO:root:Дата 2019-09-17 18:54:29.499419 Анализируем удаление/добавление файлов
INFO:root:Дата 2019-09-17 18:54:29.508813 Анализируем удаление/добавление файлов
INFO:root:Дата 2019-09-17 18:54:29.524895 Анализируем удаление/добавление файлов
INFO:root:Дата 2019-09-17 18:54:29.532422 Анализируем удаление/добавление файлов
INFO:root:Дата 2019-09-17 18:54:29.536511 Анализируем удаление/добавление файлов
INFO:root:Дата 2019-09-17 18:54:29.540789 Анализируем удаление/добавление файлов
INFO:root:Дата 2019-09-17 18:54:29.544904 Анализируем удаление/добавление файлов
INFO:root:Дата 2019-09-17 18:54:29.547186 Анализируем удаление/добавление файлов
INFO:root:Дата 2019-09-17 18:54:29.549358 Анализируем удаление/добавление файлов
INFO:root:Дата 2019-09-17 18:54:29.551939 Анализируем удаление/добавление файлов
INFO:root:Дата 2019-09-17 18:54:29.554468 Анализируем удаление/добавление файлов
INFO:root:Дата 2019-09-17 18:54:29.557184 Анализируем удаление/добавление файлов
INFO:root:Дата 2019-09-17 18:54:29.559712 Анализируем удаление/добавление файлов
INFO:root:Дата 2019-09-17 18:54:29.561722 Анализируем удаление/добавление файлов
INFO:root:Дата 2019-09-17 18:54:29.563973 Анализируем удаление/добавление файлов
INFO:root:Дата 2019-09-17 18:54:29.565983 Анализируем удаление/добавление файлов
INFO:root:Дата 2019-09-17 18:54:29.568018 Анализируем удаление/добавление файлов
INFO:root:Дата 2019-09-17 18:54:29.570083 Анализируем удаление/добавление файлов
INFO:root:Дата 2019-09-17 18:54:29.572140 Анализируем удаление/добавление файлов
INFO:root:Дата 2019-09-17 18:54:29.573872 Анализируем удаление/добавление файлов
INFO:root:Дата 2019-09-17 18:54:29.577030 Анализируем удаление/добавление файлов
INFO:root:Дата 2019-09-17 18:54:29.579903 Анализируем удаление/добавление файлов
INFO:root:Дата 2019-09-17 18:54:29.582067 Анализируем удаление/добавление файлов
INFO:root:Дата 2019-09-17 18:54:29.584873 Анализируем удаление/добавление файлов
INFO:root:Дата 2019-09-17 18:54:29.587730 Анализируем удаление/добавление файлов
INFO:root:Дата 2019-09-17 18:54:29.590037 Анализируем удаление/добавление файлов
INFO:root:Дата 2019-09-17 18:54:29.593736 Анализируем удаление/добавление файлов
INFO:root:Дата 2019-09-17 18:54:29.596146 Анализируем удаление/добавление файлов
INFO:root:Дата 2019-09-17 18:54:29.598440 Анализируем удаление/добавление файлов
INFO:root:Дата 2019-09-17 18:54:29.601119 Анализируем удаление/добавление файлов
INFO:root:Дата 2019-09-17 18:54:29.603752 Анализируем удаление/добавление файлов
INFO:root:Дата 2019-09-17 18:54:29.606033 Анализируем удаление/добавление файлов
INFO:root:Дата 2019-09-17 18:54:29.608699 Анализируем удаление/добавление файлов
INFO:root:Дата 2019-09-17 18:54:29.610865 Анализируем удаление/добавление файлов
INFO:root:Дата 2019-09-17 18:54:29.613661 Анализируем удаление/добавление файлов
INFO:root:Дата 2019-09-17 18:54:29.616750 Анализируем удаление/добавление файлов
INFO:root:Дата 2019-09-17 18:54:29.620694 Анализируем удаление/добавление файлов
INFO:root:Дата 2019-09-17 18:54:29.623618 Анализируем удаление/добавление файлов
INFO:root:Дата 2019-09-17 18:54:29.627552 Анализируем удаление/добавление файлов
INFO:root:Дата 2019-09-17 18:54:29.629726 Анализируем удаление/добавление файлов
INFO:root:Дата 2019-09-17 18:54:29.632489 Анализируем удаление/добавление файлов
INFO:root:Дата 2019-09-17 18:54:29.635113 Анализируем удаление/добавление файлов
INFO:root:Дата 2019-09-17 18:54:29.639016 Анализируем удаление/добавление файлов
INFO:root:Дата 2019-09-17 18:54:29.642233 Анализируем удаление/добавление файлов
INFO:root:Дата 2019-09-17 18:54:29.644531 Анализируем удаление/добавление файлов
INFO:root:Дата 2019-09-17 18:54:29.646465 Анализируем удаление/добавление файлов
INFO:root:Дата 2019-09-17 18:54:29.648230 Анализируем удаление/добавление файлов
INFO:root:Дата 2019-09-17 18:54:29.650097 Анализируем удаление/добавление файлов
INFO:root:Дата 2019-09-17 18:54:29.652267 Анализируем удаление/добавление файлов
INFO:root:Дата 2019-09-17 18:54:29.655837 Анализируем удаление/добавление файлов
INFO:root:Дата 2019-09-17 18:54:29.658550 Анализируем удаление/добавление файлов
INFO:root:Дата 2019-09-17 18:54:29.661529 Анализируем удаление/добавление файлов
INFO:root:Дата 2019-09-17 18:54:29.664065 Анализируем удаление/добавление файлов
INFO:root:Дата 2019-09-17 18:54:29.668545 Анализируем удаление/добавление файлов
INFO:root:Дата 2019-09-17 18:54:29.678706 Анализируем удаление/добавление файлов
INFO:root:Дата 2019-09-17 18:54:29.687200 Анализируем удаление/добавление файлов
INFO:root:Дата 2019-09-17 18:54:29.691754 Анализируем удаление/добавление файлов
INFO:root:Дата 2019-09-17 18:54:29.694795 Анализируем удаление/добавление файлов
INFO:root:Дата 2019-09-17 18:54:29.697305 Анализируем удаление/добавление файлов
INFO:root:Дата 2019-09-17 18:54:29.699646 Анализируем удаление/добавление файлов
INFO:root:Дата 2019-09-17 18:54:29.701680 Анализируем удаление/добавление файлов
INFO:root:Дата 2019-09-17 18:54:29.707352 Анализируем удаление/добавление файлов
INFO:root:Дата 2019-09-17 18:54:29.709389 Анализируем удаление/добавление файлов
INFO:root:Дата 2019-09-17 18:54:29.711212 Анализируем удаление/добавление файлов
INFO:root:Дата 2019-09-17 18:54:29.713051 Анализируем удаление/добавление файлов
INFO:root:Дата 2019-09-17 18:54:29.715024 Анализируем удаление/добавление файлов
INFO:root:Дата 2019-09-17 18:54:29.717424 Анализируем удаление/добавление файлов
INFO:root:Дата 2019-09-17 18:54:29.719816 Анализируем удаление/добавление файлов
INFO:root:Дата 2019-09-17 18:54:29.721679 Анализируем удаление/добавление файлов
INFO:root:Дата 2019-09-17 18:54:29.723531 Анализируем удаление/добавление файлов
INFO:root:Дата 2019-09-17 18:54:29.725632 Анализируем удаление/добавление файлов
INFO:root:Дата 2019-09-17 18:54:29.728187 Анализируем удаление/добавление файлов
INFO:root:Дата 2019-09-17 18:54:29.730187 Анализируем удаление/добавление файлов
INFO:root:Дата 2019-09-17 18:54:29.732242 Анализируем удаление/добавление файлов
INFO:root:Дата 2019-09-17 18:54:29.734799 Анализируем удаление/добавление файлов
INFO:root:Дата 2019-09-17 18:54:29.737454 Анализируем удаление/добавление файлов
INFO:root:Дата 2019-09-17 18:54:29.739616 Анализируем удаление/добавление файлов
INFO:root:Дата 2019-09-17 18:54:29.741742 Анализируем удаление/добавление файлов
INFO:root:Дата 2019-09-17 18:54:29.744116 Анализируем удаление/добавление файлов
INFO:root:Дата 2019-09-17 18:54:29.746314 Анализируем удаление/добавление файлов
INFO:root:Дата 2019-09-17 18:54:29.748137 Анализируем удаление/добавление файлов
INFO:root:Дата 2019-09-17 18:54:29.750320 Анализируем удаление/добавление файлов
INFO:root:Дата 2019-09-17 18:54:29.753017 Анализируем удаление/добавление файлов
INFO:root:Дата 2019-09-17 18:54:29.755216 Анализируем удаление/добавление файлов
INFO:root:Дата 2019-09-17 18:54:29.757646 Анализируем удаление/добавление файлов
INFO:root:Дата 2019-09-17 18:54:29.759736 Анализируем удаление/добавление файлов
INFO:root:Дата 2019-09-17 18:54:29.761549 Анализируем удаление/добавление файлов
INFO:root:Дата 2019-09-17 18:54:29.764892 Анализируем удаление/добавление файлов
INFO:root:Дата 2019-09-17 18:54:29.767999 Анализируем удаление/добавление файлов
INFO:root:Дата 2019-09-17 18:54:29.770882 Анализируем удаление/добавление файлов
INFO:root:Дата 2019-09-17 18:54:29.773485 Анализируем удаление/добавление файлов
INFO:root:Дата 2019-09-17 18:54:29.787066 Анализируем удаление/добавление файлов
INFO:root:Дата 2019-09-17 18:54:29.789927 Анализируем удаление/добавление файлов
INFO:root:Дата 2019-09-17 18:54:29.793137 Анализируем удаление/добавление файлов
INFO:root:Дата 2019-09-17 18:54:29.796102 Анализируем удаление/добавление файлов
INFO:root:Дата 2019-09-17 18:54:29.800269 Анализируем удаление/добавление файлов
INFO:root:Дата 2019-09-17 18:54:29.805900 Анализируем удаление/добавление файлов
INFO:root:Дата 2019-09-17 18:54:29.818622 Анализируем удаление/добавление файлов
INFO:root:Дата 2019-09-17 18:54:29.825237 Анализируем удаление/добавление файлов
INFO:root:Дата 2019-09-17 18:54:29.829584 Анализируем удаление/добавление файлов
INFO:root:Дата 2019-09-17 18:54:29.836002 Анализируем удаление/добавление файлов
INFO:root:Дата 2019-09-17 18:54:29.845371 Анализируем удаление/добавление файлов
INFO:root:Дата 2019-09-17 18:54:29.847815 Анализируем удаление/добавление файлов
INFO:root:Дата 2019-09-17 18:54:29.850290 Анализируем удаление/добавление файлов
INFO:root:Дата 2019-09-17 18:54:29.857621 Анализируем удаление/добавление файлов
INFO:root:Дата 2019-09-17 18:54:29.859795 Анализируем удаление/добавление файлов
INFO:root:Дата 2019-09-17 18:54:29.861606 Анализируем удаление/добавление файлов
INFO:root:Дата 2019-09-17 18:54:29.864422 Анализируем удаление/добавление файлов
INFO:root:Дата 2019-09-17 18:54:29.867286 Анализируем удаление/добавление файлов
INFO:root:Дата 2019-09-17 18:54:29.873680 Анализируем удаление/добавление файлов
INFO:root:Дата 2019-09-17 18:54:29.876365 Анализируем удаление/добавление файлов
INFO:root:Дата 2019-09-17 18:54:29.878368 Анализируем удаление/добавление файлов
INFO:root:Дата 2019-09-17 18:54:29.880691 Анализируем удаление/добавление файлов
INFO:root:Дата 2019-09-17 18:54:29.882639 Анализируем удаление/добавление файлов
INFO:root:Дата 2019-09-17 18:54:29.885151 Анализируем удаление/добавление файлов
INFO:root:Дата 2019-09-17 18:54:29.887961 Анализируем удаление/добавление файлов
INFO:root:Дата 2019-09-17 18:54:29.889874 Анализируем удаление/добавление файлов
INFO:root:Дата 2019-09-17 18:54:29.892639 Анализируем удаление/добавление файлов
INFO:root:Дата 2019-09-17 18:54:29.903437 Анализируем удаление/добавление файлов
INFO:root:Дата 2019-09-17 18:54:29.906413 Анализируем удаление/добавление файлов
INFO:root:Дата 2019-09-17 18:54:29.910094 Анализируем удаление/добавление файлов
INFO:root:Дата 2019-09-17 18:54:29.912695 Анализируем удаление/добавление файлов
INFO:root:Дата 2019-09-17 18:54:29.914827 Анализируем удаление/добавление файлов
INFO:root:Дата 2019-09-17 18:54:29.917639 Анализируем удаление/добавление файлов
INFO:root:Дата 2019-09-17 18:54:29.920441 Анализируем удаление/добавление файлов
INFO:root:Дата 2019-09-17 18:54:29.922604 Анализируем удаление/добавление файлов
INFO:root:Дата 2019-09-17 18:54:29.924689 Анализируем удаление/добавление файлов
INFO:root:Дата 2019-09-17 18:54:29.926603 Анализируем удаление/добавление файлов
INFO:root:Дата 2019-09-17 18:54:29.928583 Анализируем удаление/добавление файлов
INFO:root:Дата 2019-09-17 18:54:29.930291 Анализируем удаление/добавление файлов
INFO:root:Дата 2019-09-17 18:54:29.932652 Анализируем удаление/добавление файлов
INFO:root:Дата 2019-09-17 18:54:29.935032 Анализируем удаление/добавление файлов
INFO:root:Дата 2019-09-17 18:54:29.937106 Анализируем удаление/добавление файлов
INFO:root:Дата 2019-09-17 18:54:29.939726 Анализируем удаление/добавление файлов
INFO:root:Дата 2019-09-17 18:54:29.942102 Анализируем удаление/добавление файлов
INFO:root:Дата 2019-09-17 18:54:29.944284 Анализируем удаление/добавление файлов
INFO:root:Дата 2019-09-17 18:54:29.946414 Анализируем удаление/добавление файлов
INFO:root:Дата 2019-09-17 18:54:29.948390 Анализируем удаление/добавление файлов
INFO:root:Дата 2019-09-17 18:54:29.955072 Анализируем удаление/добавление файлов
INFO:root:Дата 2019-09-17 18:54:29.961651 Анализируем удаление/добавление файлов
INFO:root:Дата 2019-09-17 18:54:29.971816 Анализируем удаление/добавление файлов
INFO:root:Дата 2019-09-17 18:54:29.974672 Анализируем удаление/добавление файлов
INFO:root:Дата 2019-09-17 18:54:29.978639 Анализируем удаление/добавление файлов
INFO:root:Дата 2019-09-17 18:54:29.981676 Анализируем удаление/добавление файлов
INFO:root:Дата 2019-09-17 18:54:29.988742 Анализируем удаление/добавление файлов
INFO:root:Дата 2019-09-17 18:54:29.991433 Анализируем удаление/добавление файлов
INFO:root:Дата 2019-09-17 18:54:29.994688 Анализируем удаление/добавление файлов
INFO:root:Дата 2019-09-17 18:54:29.997305 Анализируем удаление/добавление файлов
INFO:root:Дата 2019-09-17 18:54:29.999738 Анализируем удаление/добавление файлов
INFO:root:Дата 2019-09-17 18:54:30.001983 Анализируем удаление/добавление файлов
INFO:root:Дата 2019-09-17 18:54:30.004834 Анализируем удаление/добавление файлов
INFO:root:Дата 2019-09-17 18:54:30.008511 Анализируем удаление/добавление файлов
INFO:root:Дата 2019-09-17 18:54:30.011610 Анализируем удаление/добавление файлов
INFO:root:Дата 2019-09-17 18:54:30.013867 Анализируем удаление/добавление файлов
INFO:root:Дата 2019-09-17 18:54:30.020507 Анализируем удаление/добавление файлов
INFO:root:Дата 2019-09-17 18:54:30.022908 Анализируем удаление/добавление файлов
INFO:root:Дата 2019-09-17 18:54:30.026783 Анализируем удаление/добавление файлов
INFO:root:Дата 2019-09-17 18:54:30.031688 Анализируем удаление/добавление файлов
INFO:root:Дата 2019-09-17 18:54:30.034852 Анализируем удаление/добавление файлов
INFO:root:Дата 2019-09-17 18:54:30.038034 Анализируем удаление/добавление файлов
INFO:root:Дата 2019-09-17 18:54:30.040606 Анализируем удаление/добавление файлов
INFO:root:Дата 2019-09-17 18:54:30.043560 Анализируем удаление/добавление файлов
INFO:root:Дата 2019-09-17 18:54:30.047054 Анализируем удаление/добавление файлов
INFO:root:Дата 2019-09-17 18:54:30.049138 Анализируем удаление/добавление файлов
INFO:root:Дата 2019-09-17 18:54:30.051816 Анализируем удаление/добавление файлов
INFO:root:Дата 2019-09-17 18:54:30.055523 Анализируем удаление/добавление файлов
INFO:root:Дата 2019-09-17 18:54:30.064507 Анализируем удаление/добавление файлов
INFO:root:Дата 2019-09-17 18:54:30.069014 Анализируем удаление/добавление файлов
INFO:root:Дата 2019-09-17 18:54:30.072484 Анализируем удаление/добавление файлов
INFO:root:Дата 2019-09-17 18:54:30.076977 Анализируем удаление/добавление файлов
INFO:root:Дата 2019-09-17 18:54:30.080171 Анализируем удаление/добавление файлов
INFO:root:Дата 2019-09-17 18:54:30.084379 Анализируем удаление/добавление файлов
INFO:root:Дата 2019-09-17 18:54:30.087297 Анализируем удаление/добавление файлов
INFO:root:Дата 2019-09-17 18:54:30.092928 Анализируем удаление/добавление файлов
INFO:root:Дата 2019-09-17 18:54:30.097325 Анализируем удаление/добавление файлов
INFO:root:Дата 2019-09-17 18:54:30.101291 Анализируем удаление/добавление файлов
INFO:root:Дата 2019-09-17 18:54:30.106715 Анализируем удаление/добавление файлов
INFO:root:Дата 2019-09-17 18:54:30.112560 Анализируем удаление/добавление файлов
INFO:root:Дата 2019-09-17 18:54:30.120972 Анализируем удаление/добавление файлов
INFO:root:Дата 2019-09-17 18:54:30.132092 Анализируем удаление/добавление файлов
INFO:root:Дата 2019-09-17 18:54:30.143575 Анализируем удаление/добавление файлов
INFO:root:Дата 2019-09-17 18:54:30.147431 Анализируем удаление/добавление файлов
INFO:root:Дата 2019-09-17 18:54:30.151527 Анализируем удаление/добавление файлов
INFO:root:Дата 2019-09-17 18:54:30.154385 Анализируем удаление/добавление файлов
INFO:root:Дата 2019-09-17 18:54:30.156846 Анализируем удаление/добавление файлов
INFO:root:Дата 2019-09-17 18:54:30.159247 Анализируем удаление/добавление файлов
INFO:root:Дата 2019-09-17 18:54:30.162217 Анализируем удаление/добавление файлов
INFO:root:Дата 2019-09-17 18:54:30.164371 Анализируем удаление/добавление файлов
INFO:root:Дата 2019-09-17 18:54:30.168468 Анализируем удаление/добавление файлов
INFO:root:Дата 2019-09-17 18:54:30.171181 Анализируем удаление/добавление файлов
INFO:root:Дата 2019-09-17 18:54:30.176736 Анализируем удаление/добавление файлов
INFO:root:Дата 2019-09-17 18:54:30.180618 Анализируем удаление/добавление файлов
INFO:root:Дата 2019-09-17 18:54:30.185257 Анализируем удаление/добавление файлов
INFO:root:Дата 2019-09-17 18:54:30.188783 Анализируем удаление/добавление файлов
INFO:root:Дата 2019-09-17 18:54:30.192999 Анализируем удаление/добавление файлов
INFO:root:Дата 2019-09-17 18:54:30.195349 Анализируем удаление/добавление файлов
INFO:root:Дата 2019-09-17 18:54:30.197574 Анализируем удаление/добавление файлов
INFO:root:Дата 2019-09-17 18:54:30.202842 Анализируем удаление/добавление файлов
INFO:root:Дата 2019-09-17 18:54:30.205471 Анализируем удаление/добавление файлов
INFO:root:Дата 2019-09-17 18:54:30.207801 Анализируем удаление/добавление файлов
INFO:root:Дата 2019-09-17 18:54:30.212013 Анализируем удаление/добавление файлов
INFO:root:Дата 2019-09-17 18:54:30.215435 Анализируем удаление/добавление файлов
INFO:root:Дата 2019-09-17 18:54:30.228647 Анализируем удаление/добавление файлов
INFO:root:Дата 2019-09-17 18:54:30.237178 Анализируем удаление/добавление файлов
INFO:root:Дата 2019-09-17 18:54:30.251660 Анализируем удаление/добавление файлов
INFO:root:Дата 2019-09-17 18:54:30.265154 Анализируем удаление/добавление файлов
INFO:root:Дата 2019-09-17 18:54:30.280926 Анализируем удаление/добавление файлов
INFO:root:Дата 2019-09-17 18:54:30.288574 Анализируем удаление/добавление файлов
INFO:root:Дата 2019-09-17 18:54:30.291553 Анализируем удаление/добавление файлов
INFO:root:Дата 2019-09-17 18:54:30.293844 Анализируем удаление/добавление файлов
INFO:root:Дата 2019-09-17 18:54:30.300229 Анализируем удаление/добавление файлов
INFO:root:Дата 2019-09-17 18:54:30.302591 Анализируем удаление/добавление файлов
INFO:root:Дата 2019-09-17 18:54:30.311126 Анализируем удаление/добавление файлов
INFO:root:Дата 2019-09-17 18:54:30.313502 Анализируем удаление/добавление файлов
INFO:root:Дата 2019-09-17 18:54:30.316941 Анализируем удаление/добавление файлов
INFO:root:Дата 2019-09-17 18:54:30.319600 Анализируем удаление/добавление файлов
INFO:root:Дата 2019-09-17 18:54:30.322339 Анализируем удаление/добавление файлов
INFO:root:Дата 2019-09-17 18:54:30.324857 Анализируем удаление/добавление файлов
INFO:root:Дата 2019-09-17 18:54:30.327195 Анализируем удаление/добавление файлов
INFO:root:Дата 2019-09-17 18:54:30.329416 Анализируем удаление/добавление файлов
INFO:root:Дата 2019-09-17 18:54:30.332432 Анализируем удаление/добавление файлов
INFO:root:Дата 2019-09-17 18:54:30.340626 Анализируем удаление/добавление файлов
INFO:root:Дата 2019-09-17 18:54:30.343872 Анализируем удаление/добавление файлов
INFO:root:Дата 2019-09-17 18:54:30.346325 Анализируем удаление/добавление файлов
INFO:root:Дата 2019-09-17 18:54:30.348759 Анализируем удаление/добавление файлов
INFO:root:Дата 2019-09-17 18:54:30.352107 Анализируем удаление/добавление файлов
INFO:root:Дата 2019-09-17 18:54:30.355232 Анализируем удаление/добавление файлов
INFO:root:Дата 2019-09-17 18:54:30.357624 Анализируем удаление/добавление файлов
INFO:root:Дата 2019-09-17 18:54:30.359866 Анализируем удаление/добавление файлов
INFO:root:Дата 2019-09-17 18:54:30.361800 Анализируем удаление/добавление файлов
INFO:root:Дата 2019-09-17 18:54:30.364613 Анализируем удаление/добавление файлов
INFO:root:Дата 2019-09-17 18:54:30.366810 Анализируем удаление/добавление файлов
INFO:root:Дата 2019-09-17 18:54:30.368786 Анализируем удаление/добавление файлов
INFO:root:Дата 2019-09-17 18:54:30.370970 Анализируем удаление/добавление файлов
INFO:root:Дата 2019-09-17 18:54:30.379592 Анализируем удаление/добавление файлов
INFO:root:Дата 2019-09-17 18:54:30.384181 Анализируем удаление/добавление файлов
INFO:root:Дата 2019-09-17 18:54:30.387003 Анализируем удаление/добавление файлов
INFO:root:Дата 2019-09-17 18:54:30.390445 Анализируем удаление/добавление файлов
INFO:root:Дата 2019-09-17 18:54:30.399074 Анализируем удаление/добавление файлов
INFO:root:Дата 2019-09-17 18:54:30.407775 Анализируем удаление/добавление файлов
INFO:root:Дата 2019-09-17 18:54:30.415202 Анализируем удаление/добавление файлов
INFO:root:Дата 2019-09-17 18:54:30.417364 Анализируем удаление/добавление файлов
INFO:root:Дата 2019-09-17 18:54:30.422894 Анализируем удаление/добавление файлов
INFO:root:Дата 2019-09-17 18:54:30.427170 Анализируем удаление/добавление файлов
INFO:root:Дата 2019-09-17 18:54:30.429719 Анализируем удаление/добавление файлов
INFO:root:Дата 2019-09-17 18:54:30.433742 Анализируем удаление/добавление файлов
INFO:root:Дата 2019-09-17 18:54:30.439383 Анализируем удаление/добавление файлов
INFO:root:Дата 2019-09-17 18:54:30.441871 Анализируем удаление/добавление файлов
INFO:root:Дата 2019-09-17 18:54:30.445509 Анализируем удаление/добавление файлов
INFO:root:Дата 2019-09-17 18:54:30.448115 Анализируем удаление/добавление файлов
INFO:root:Дата 2019-09-17 18:54:30.452421 Анализируем удаление/добавление файлов
INFO:root:Дата 2019-09-17 18:54:30.462884 Анализируем удаление/добавление файлов
INFO:root:Дата 2019-09-17 18:54:30.465744 Анализируем удаление/добавление файлов
INFO:root:Дата 2019-09-17 18:54:30.470304 Анализируем удаление/добавление файлов
INFO:root:Дата 2019-09-17 18:54:30.477065 Анализируем удаление/добавление файлов
INFO:root:Дата 2019-09-17 18:54:30.480173 Анализируем удаление/добавление файлов
INFO:root:Дата 2019-09-17 18:54:30.484425 Анализируем удаление/добавление файлов
INFO:root:Дата 2019-09-17 18:54:30.488105 Анализируем удаление/добавление файлов
INFO:root:Дата 2019-09-17 18:54:30.497935 Анализируем удаление/добавление файлов
INFO:root:Дата 2019-09-17 18:54:30.501629 Анализируем удаление/добавление файлов
INFO:root:Дата 2019-09-17 18:54:30.504757 Анализируем удаление/добавление файлов
INFO:root:Дата 2019-09-17 18:54:30.510256 Анализируем удаление/добавление файлов
INFO:root:Дата 2019-09-17 18:54:30.512699 Анализируем удаление/добавление файлов
INFO:root:Дата 2019-09-17 18:54:30.517637 Анализируем удаление/добавление файлов
INFO:root:Дата 2019-09-17 18:54:30.521224 Анализируем удаление/добавление файлов
INFO:root:Дата 2019-09-17 18:54:30.523686 Анализируем удаление/добавление файлов
INFO:root:Дата 2019-09-17 18:54:30.525768 Анализируем удаление/добавление файлов
INFO:root:Дата 2019-09-17 18:54:30.527900 Анализируем удаление/добавление файлов
INFO:root:Дата 2019-09-17 18:54:30.530217 Анализируем удаление/добавление файлов
INFO:root:Дата 2019-09-17 18:54:30.532449 Анализируем удаление/добавление файлов
INFO:root:Дата 2019-09-17 18:54:30.536141 Анализируем удаление/добавление файлов
INFO:root:Дата 2019-09-17 18:54:30.540277 Анализируем удаление/добавление файлов
INFO:root:Дата 2019-09-17 18:54:30.543564 Анализируем удаление/добавление файлов
INFO:root:Дата 2019-09-17 18:54:30.549779 Анализируем удаление/добавление файлов
INFO:root:Дата 2019-09-17 18:54:30.557225 Анализируем удаление/добавление файлов
INFO:root:Дата 2019-09-17 18:54:30.567419 Анализируем удаление/добавление файлов
INFO:root:Дата 2019-09-17 18:54:30.571450 Анализируем удаление/добавление файлов
INFO:root:Дата 2019-09-17 18:54:30.573444 Анализируем удаление/добавление файлов
INFO:root:Дата 2019-09-17 18:54:30.581166 Анализируем удаление/добавление файлов
INFO:root:Дата 2019-09-17 18:54:30.592244 Анализируем удаление/добавление файлов
INFO:root:Дата 2019-09-17 18:54:30.595337 Анализируем удаление/добавление файлов
INFO:root:Дата 2019-09-17 18:54:30.597794 Анализируем удаление/добавление файлов
INFO:root:Дата 2019-09-17 18:54:30.601097 Анализируем удаление/добавление файлов
INFO:root:Дата 2019-09-17 18:54:30.604518 Анализируем удаление/добавление файлов
INFO:root:Дата 2019-09-17 18:54:30.607075 Анализируем удаление/добавление файлов
INFO:root:Дата 2019-09-17 18:54:30.610311 Анализируем удаление/добавление файлов
INFO:root:Дата 2019-09-17 18:54:30.613221 Анализируем удаление/добавление файлов
INFO:root:Дата 2019-09-17 18:54:30.624264 Анализируем удаление/добавление файлов
INFO:root:Дата 2019-09-17 18:54:30.628863 Анализируем удаление/добавление файлов
INFO:root:Дата 2019-09-17 18:54:30.633133 Анализируем удаление/добавление файлов
INFO:root:Дата 2019-09-17 18:54:30.636795 Анализируем удаление/добавление файлов
INFO:root:Дата 2019-09-17 18:54:30.639302 Анализируем удаление/добавление файлов
INFO:root:Дата 2019-09-17 18:54:30.641400 Анализируем удаление/добавление файлов
INFO:root:Дата 2019-09-17 18:54:30.643561 Анализируем удаление/добавление файлов
INFO:root:Дата 2019-09-17 18:54:30.645917 Анализируем удаление/добавление файлов
INFO:root:Дата 2019-09-17 18:54:30.648432 Анализируем удаление/добавление файлов
INFO:root:Дата 2019-09-17 18:54:30.651055 Анализируем удаление/добавление файлов
INFO:root:Дата 2019-09-17 18:54:30.655399 Анализируем удаление/добавление файлов
INFO:root:Дата 2019-09-17 18:54:30.658630 Анализируем удаление/добавление файлов
INFO:root:Дата 2019-09-17 18:54:30.662011 Анализируем удаление/добавление файлов
INFO:root:Дата 2019-09-17 18:54:30.664859 Анализируем удаление/добавление файлов
INFO:root:Дата 2019-09-17 18:54:30.670845 Анализируем удаление/добавление файлов
INFO:root:Дата 2019-09-17 18:54:30.673358 Анализируем удаление/добавление файлов
INFO:root:Дата 2019-09-17 18:54:30.676811 Анализируем удаление/добавление файлов
INFO:root:Дата 2019-09-17 18:54:30.689943 Анализируем удаление/добавление файлов
INFO:root:Дата 2019-09-17 18:54:30.698753 Анализируем удаление/добавление файлов
INFO:root:Дата 2019-09-17 18:54:30.710281 Анализируем удаление/добавление файлов
INFO:root:Дата 2019-09-17 18:54:30.722841 Анализируем удаление/добавление файлов
INFO:root:Дата 2019-09-17 18:54:30.725606 Анализируем удаление/добавление файлов
INFO:root:Дата 2019-09-17 18:54:30.728588 Анализируем удаление/добавление файлов
INFO:root:Дата 2019-09-17 18:54:30.731172 Анализируем удаление/добавление файлов
INFO:root:Дата 2019-09-17 18:54:30.734450 Анализируем удаление/добавление файлов
INFO:root:Дата 2019-09-17 18:54:30.737375 Анализируем удаление/добавление файлов
INFO:root:Дата 2019-09-17 18:54:30.740582 Анализируем удаление/добавление файлов
INFO:root:Дата 2019-09-17 18:54:30.743801 Анализируем удаление/добавление файлов
INFO:root:Дата 2019-09-17 18:54:30.746239 Анализируем удаление/добавление файлов
INFO:root:Дата 2019-09-17 18:54:30.748454 Анализируем удаление/добавление файлов
INFO:root:Дата 2019-09-17 18:54:30.751214 Анализируем удаление/добавление файлов
INFO:root:Дата 2019-09-17 18:54:30.753514 Анализируем удаление/добавление файлов
INFO:root:Дата 2019-09-17 18:54:30.755880 Анализируем удаление/добавление файлов
INFO:root:Дата 2019-09-17 18:54:30.758618 Анализируем удаление/добавление файлов
INFO:root:Дата 2019-09-17 18:54:30.761414 Анализируем удаление/добавление файлов
INFO:root:Дата 2019-09-17 18:54:30.763992 Анализируем удаление/добавление файлов
INFO:root:Дата 2019-09-17 18:54:30.766113 Анализируем удаление/добавление файлов
INFO:root:Дата 2019-09-17 18:54:30.768979 Анализируем удаление/добавление файлов
INFO:root:Дата 2019-09-17 18:54:30.771581 Анализируем удаление/добавление файлов
INFO:root:Дата 2019-09-17 18:54:30.773679 Анализируем удаление/добавление файлов
INFO:root:Дата 2019-09-17 18:54:30.781080 Анализируем удаление/добавление файлов
INFO:root:Дата 2019-09-17 18:54:30.783835 Анализируем удаление/добавление файлов
INFO:root:Дата 2019-09-17 18:54:30.786663 Анализируем удаление/добавление файлов
INFO:root:Дата 2019-09-17 18:54:30.789492 Анализируем удаление/добавление файлов
INFO:root:Дата 2019-09-17 18:54:30.796063 Анализируем удаление/добавление файлов
INFO:root:Дата 2019-09-17 18:54:30.799874 Анализируем удаление/добавление файлов
INFO:root:Дата 2019-09-17 18:54:30.802738 Анализируем удаление/добавление файлов
INFO:root:Дата 2019-09-17 18:54:30.805026 Анализируем удаление/добавление файлов
INFO:root:Дата 2019-09-17 18:54:30.807698 Анализируем удаление/добавление файлов
INFO:root:Дата 2019-09-17 18:54:30.809717 Анализируем удаление/добавление файлов
INFO:root:Дата 2019-09-17 18:54:30.811803 Анализируем удаление/добавление файлов
INFO:root:Дата 2019-09-17 18:54:30.813806 Анализируем удаление/добавление файлов
INFO:root:Дата 2019-09-17 18:54:30.817118 Анализируем удаление/добавление файлов
INFO:root:Дата 2019-09-17 18:54:30.822215 Анализируем удаление/добавление файлов
INFO:root:Дата 2019-09-17 18:54:30.826558 Анализируем удаление/добавление файлов
INFO:root:Дата 2019-09-17 18:54:30.830655 Анализируем удаление/добавление файлов
INFO:root:Дата 2019-09-17 18:54:30.834590 Анализируем удаление/добавление файлов
INFO:root:Дата 2019-09-17 18:54:30.837225 Анализируем удаление/добавление файлов
INFO:root:Дата 2019-09-17 18:54:30.840090 Анализируем удаление/добавление файлов
INFO:root:Дата 2019-09-17 18:54:30.844170 Анализируем удаление/добавление файлов
INFO:root:Дата 2019-09-17 18:54:30.846577 Анализируем удаление/добавление файлов
INFO:root:Дата 2019-09-17 18:54:30.848555 Анализируем удаление/добавление файлов
INFO:root:Дата 2019-09-17 18:54:30.851226 Анализируем удаление/добавление файлов
INFO:root:Дата 2019-09-17 18:54:30.857389 Анализируем удаление/добавление файлов
INFO:root:Дата 2019-09-17 18:54:30.860705 Анализируем удаление/добавление файлов
INFO:root:Дата 2019-09-17 18:54:30.863704 Анализируем удаление/добавление файлов
INFO:root:Дата 2019-09-17 18:54:30.866851 Анализируем удаление/добавление файлов
INFO:root:Дата 2019-09-17 18:54:30.869782 Анализируем удаление/добавление файлов
INFO:root:Дата 2019-09-17 18:54:30.879562 Анализируем удаление/добавление файлов
INFO:root:Дата 2019-09-17 18:54:30.888507 Анализируем удаление/добавление файлов
INFO:root:Дата 2019-09-17 18:54:30.891374 Анализируем удаление/добавление файлов
INFO:root:Дата 2019-09-17 18:54:30.897312 Анализируем удаление/добавление файлов
INFO:root:Дата 2019-09-17 18:54:30.900661 Анализируем удаление/добавление файлов
INFO:root:Дата 2019-09-17 18:54:30.903204 Анализируем удаление/добавление файлов
INFO:root:Дата 2019-09-17 18:54:30.905188 Анализируем удаление/добавление файлов
INFO:root:Дата 2019-09-17 18:54:30.908432 Анализируем удаление/добавление файлов
INFO:root:Дата 2019-09-17 18:54:30.910738 Анализируем удаление/добавление файлов
INFO:root:Дата 2019-09-17 18:54:30.913492 Анализируем удаление/добавление файлов
INFO:root:Дата 2019-09-17 18:54:30.915926 Анализируем удаление/добавление файлов
INFO:root:Дата 2019-09-17 18:54:30.918633 Анализируем удаление/добавление файлов
INFO:root:Дата 2019-09-17 18:54:30.921487 Анализируем удаление/добавление файлов
INFO:root:Дата 2019-09-17 18:54:30.923729 Анализируем удаление/добавление файлов
INFO:root:Дата 2019-09-17 18:54:30.925743 Анализируем удаление/добавление файлов
INFO:root:Дата 2019-09-17 18:54:30.928395 Анализируем удаление/добавление файлов
INFO:root:Дата 2019-09-17 18:54:30.930954 Анализируем удаление/добавление файлов
INFO:root:Дата 2019-09-17 18:54:30.932918 Анализируем удаление/добавление файлов
INFO:root:Дата 2019-09-17 18:54:30.942221 Анализируем удаление/добавление файлов
INFO:root:Дата 2019-09-17 18:54:30.944883 Анализируем удаление/добавление файлов
INFO:root:Дата 2019-09-17 18:54:30.947095 Анализируем удаление/добавление файлов
INFO:root:Дата 2019-09-17 18:54:30.949709 Анализируем удаление/добавление файлов
INFO:root:Дата 2019-09-17 18:54:30.951809 Анализируем удаление/добавление файлов
INFO:root:Дата 2019-09-17 18:54:30.953931 Анализируем удаление/добавление файлов
INFO:root:Дата 2019-09-17 18:54:30.956014 Анализируем удаление/добавление файлов
INFO:root:Дата 2019-09-17 18:54:30.957792 Анализируем удаление/добавление файлов
INFO:root:Дата 2019-09-17 18:54:30.959677 Анализируем удаление/добавление файлов
INFO:root:Дата 2019-09-17 18:54:30.961902 Анализируем удаление/добавление файлов
INFO:root:Дата 2019-09-17 18:54:30.964488 Анализируем удаление/добавление файлов
INFO:root:Дата 2019-09-17 18:54:30.966770 Анализируем удаление/добавление файлов
INFO:root:Дата 2019-09-17 18:54:30.968940 Анализируем удаление/добавление файлов
INFO:root:Дата 2019-09-17 18:54:30.972377 Анализируем удаление/добавление файлов
INFO:root:Дата 2019-09-17 18:54:30.974204 Анализируем удаление/добавление файлов
INFO:root:Дата 2019-09-17 18:54:30.977275 Анализируем удаление/добавление файлов
INFO:root:Дата 2019-09-17 18:54:30.980190 Анализируем удаление/добавление файлов
INFO:root:Дата 2019-09-17 18:54:30.982304 Анализируем удаление/добавление файлов
INFO:root:Дата 2019-09-17 18:54:30.984141 Анализируем удаление/добавление файлов
INFO:root:Дата 2019-09-17 18:54:30.986206 Анализируем удаление/добавление файлов
INFO:root:Дата 2019-09-17 18:54:30.996889 Анализируем удаление/добавление файлов
INFO:root:Дата 2019-09-17 18:54:31.003974 Анализируем удаление/добавление файлов
INFO:root:Дата 2019-09-17 18:54:31.009287 Анализируем удаление/добавление файлов
INFO:root:Дата 2019-09-17 18:54:31.013530 Анализируем удаление/добавление файлов
INFO:root:Дата 2019-09-17 18:54:31.033531 Анализируем удаление/добавление файлов
INFO:root:Дата 2019-09-17 18:54:31.045109 Анализируем удаление/добавление файлов
INFO:root:Дата 2019-09-17 18:54:31.048475 Анализируем удаление/добавление файлов
INFO:root:Дата 2019-09-17 18:54:31.050944 Анализируем удаление/добавление файлов
INFO:root:Дата 2019-09-17 18:54:31.054788 Анализируем удаление/добавление файлов
INFO:root:Дата 2019-09-17 18:54:31.059710 Анализируем удаление/добавление файлов
INFO:root:Дата 2019-09-17 18:54:31.062412 Анализируем удаление/добавление файлов
INFO:root:Дата 2019-09-17 18:54:31.065523 Анализируем удаление/добавление файлов
INFO:root:Дата 2019-09-17 18:54:31.069381 Анализируем удаление/добавление файлов
INFO:root:Дата 2019-09-17 18:54:31.073046 Анализируем удаление/добавление файлов
INFO:root:Дата 2019-09-17 18:54:31.077412 Анализируем удаление/добавление файлов
INFO:root:Дата 2019-09-17 18:54:31.080704 Анализируем удаление/добавление файлов
INFO:root:Дата 2019-09-17 18:54:31.085079 Анализируем удаление/добавление файлов
INFO:root:Дата 2019-09-17 18:54:31.089517 Анализируем удаление/добавление файлов
INFO:root:Дата 2019-09-17 18:54:31.092390 Анализируем удаление/добавление файлов
INFO:root:Дата 2019-09-17 18:54:31.096322 Анализируем удаление/добавление файлов
INFO:root:Дата 2019-09-17 18:54:31.100994 Анализируем удаление/добавление файлов
INFO:root:Дата 2019-09-17 18:54:31.109686 Анализируем удаление/добавление файлов
INFO:root:Дата 2019-09-17 18:54:31.112776 Анализируем удаление/добавление файлов
INFO:root:Дата 2019-09-17 18:54:31.115158 Анализируем удаление/добавление файлов
INFO:root:Дата 2019-09-17 18:54:31.118896 Анализируем удаление/добавление файлов
INFO:root:Дата 2019-09-17 18:54:31.122393 Анализируем удаление/добавление файлов
INFO:root:Дата 2019-09-17 18:54:31.125311 Анализируем удаление/добавление файлов
INFO:root:Дата 2019-09-17 18:54:31.127414 Анализируем удаление/добавление файлов
INFO:root:Дата 2019-09-17 18:54:31.129356 Анализируем удаление/добавление файлов
INFO:root:Дата 2019-09-17 18:54:31.131259 Анализируем удаление/добавление файлов
INFO:root:Дата 2019-09-17 18:54:31.133055 Анализируем удаление/добавление файлов
INFO:root:Дата 2019-09-17 18:54:31.136284 Анализируем удаление/добавление файлов
INFO:root:Дата 2019-09-17 18:54:31.139525 Анализируем удаление/добавление файлов
INFO:root:Дата 2019-09-17 18:54:31.142269 Анализируем удаление/добавление файлов
INFO:root:Дата 2019-09-17 18:54:31.145131 Анализируем удаление/добавление файлов
INFO:root:Дата 2019-09-17 18:54:31.151341 Анализируем удаление/добавление файлов
INFO:root:Дата 2019-09-17 18:54:31.159418 Анализируем удаление/добавление файлов
INFO:root:Дата 2019-09-17 18:54:31.164786 Анализируем удаление/добавление файлов
INFO:root:Дата 2019-09-17 18:54:31.166948 Анализируем удаление/добавление файлов
INFO:root:Дата 2019-09-17 18:54:31.168709 Анализируем удаление/добавление файлов
INFO:root:Дата 2019-09-17 18:54:31.170506 Анализируем удаление/добавление файлов
INFO:root:Дата 2019-09-17 18:54:31.172435 Анализируем удаление/добавление файлов
INFO:root:Дата 2019-09-17 18:54:31.179065 Анализируем удаление/добавление файлов
INFO:root:Дата 2019-09-17 18:54:31.181854 Анализируем удаление/добавление файлов
INFO:root:Дата 2019-09-17 18:54:31.184699 Анализируем удаление/добавление файлов
INFO:root:Дата 2019-09-17 18:54:31.190934 Анализируем удаление/добавление файлов
INFO:root:Дата 2019-09-17 18:54:31.194038 Анализируем удаление/добавление файлов
INFO:root:Дата 2019-09-17 18:54:31.196080 Анализируем удаление/добавление файлов
INFO:root:Дата 2019-09-17 18:54:31.198012 Анализируем удаление/добавление файлов
INFO:root:Дата 2019-09-17 18:54:31.201656 Анализируем удаление/добавление файлов
INFO:root:Дата 2019-09-17 18:54:31.205918 Анализируем удаление/добавление файлов
INFO:root:Дата 2019-09-17 18:54:31.209163 Анализируем удаление/добавление файлов
INFO:root:Дата 2019-09-17 18:54:31.211182 Анализируем удаление/добавление файлов
INFO:root:Дата 2019-09-17 18:54:31.213303 Анализируем удаление/добавление файлов
INFO:root:Дата 2019-09-17 18:54:31.215914 Анализируем удаление/добавление файлов
INFO:root:Дата 2019-09-17 18:54:31.218647 Анализируем удаление/добавление файлов
INFO:root:Дата 2019-09-17 18:54:31.222259 Анализируем удаление/добавление файлов
INFO:root:Дата 2019-09-17 18:54:31.225638 Анализируем удаление/добавление файлов
INFO:root:Дата 2019-09-17 18:54:31.228071 Анализируем удаление/добавление файлов
INFO:root:Дата 2019-09-17 18:54:31.230613 Анализируем удаление/добавление файлов
INFO:root:Дата 2019-09-17 18:54:31.233806 Анализируем удаление/добавление файлов
INFO:root:Дата 2019-09-17 18:54:31.236159 Анализируем удаление/добавление файлов
INFO:root:Дата 2019-09-17 18:54:31.238432 Анализируем удаление/добавление файлов
INFO:root:Дата 2019-09-17 18:54:31.240553 Анализируем удаление/добавление файлов
INFO:root:Дата 2019-09-17 18:54:31.243194 Анализируем удаление/добавление файлов
INFO:root:Дата 2019-09-17 18:54:31.245846 Анализируем удаление/добавление файлов
INFO:root:Дата 2019-09-17 18:54:31.248002 Анализируем удаление/добавление файлов
INFO:root:Дата 2019-09-17 18:54:31.250715 Анализируем удаление/добавление файлов
INFO:root:Дата 2019-09-17 18:54:31.254207 Анализируем удаление/добавление файлов
INFO:root:Дата 2019-09-17 18:54:31.265075 Анализируем удаление/добавление файлов
INFO:root:Дата 2019-09-17 18:54:31.272445 Анализируем удаление/добавление файлов
INFO:root:Дата 2019-09-17 18:54:31.280953 Анализируем удаление/добавление файлов
INFO:root:Дата 2019-09-17 18:54:31.291076 Анализируем удаление/добавление файлов
INFO:root:Дата 2019-09-17 18:54:31.293562 Анализируем удаление/добавление файлов
INFO:root:Дата 2019-09-17 18:54:31.296888 Анализируем удаление/добавление файлов
INFO:root:Дата 2019-09-17 18:54:31.300676 Анализируем удаление/добавление файлов
INFO:root:Дата 2019-09-17 18:54:31.306899 Анализируем удаление/добавление файлов
INFO:root:Дата 2019-09-17 18:54:31.309500 Анализируем удаление/добавление файлов
INFO:root:Дата 2019-09-17 18:54:31.311651 Анализируем удаление/добавление файлов
INFO:root:Дата 2019-09-17 18:54:31.313739 Анализируем удаление/добавление файлов
INFO:root:Дата 2019-09-17 18:54:31.315905 Анализируем удаление/добавление файлов
INFO:root:Дата 2019-09-17 18:54:31.319471 Анализируем удаление/добавление файлов
INFO:root:Дата 2019-09-17 18:54:31.321813 Анализируем удаление/добавление файлов
INFO:root:Дата 2019-09-17 18:54:31.324604 Анализируем удаление/добавление файлов
INFO:root:Дата 2019-09-17 18:54:31.327086 Анализируем удаление/добавление файлов
INFO:root:Дата 2019-09-17 18:54:31.329121 Анализируем удаление/добавление файлов
INFO:root:Дата 2019-09-17 18:54:31.331222 Анализируем удаление/добавление файлов
INFO:root:Дата 2019-09-17 18:54:31.333090 Анализируем удаление/добавление файлов
INFO:root:Дата 2019-09-17 18:54:31.336275 Анализируем удаление/добавление файлов
INFO:root:Дата 2019-09-17 18:54:31.339626 Анализируем удаление/добавление файлов
INFO:root:Дата 2019-09-17 18:54:31.344089 Анализируем удаление/добавление файлов
INFO:root:Дата 2019-09-17 18:54:31.346361 Анализируем удаление/добавление файлов
INFO:root:Дата 2019-09-17 18:54:31.348996 Анализируем удаление/добавление файлов
INFO:root:Дата 2019-09-17 18:54:31.351721 Анализируем удаление/добавление файлов
INFO:root:Дата 2019-09-17 18:54:31.354522 Анализируем удаление/добавление файлов
INFO:root:Дата 2019-09-17 18:54:31.357153 Анализируем удаление/добавление файлов
INFO:root:Дата 2019-09-17 18:54:31.359520 Анализируем удаление/добавление файлов
INFO:root:Дата 2019-09-17 18:54:31.361806 Анализируем удаление/добавление файлов
INFO:root:Дата 2019-09-17 18:54:31.364074 Анализируем удаление/добавление файлов
INFO:root:Дата 2019-09-17 18:54:31.366441 Анализируем удаление/добавление файлов
INFO:root:Дата 2019-09-17 18:54:31.368540 Анализируем удаление/добавление файлов
INFO:root:Дата 2019-09-17 18:54:31.371070 Анализируем удаление/добавление файлов
INFO:root:Дата 2019-09-17 18:54:31.373051 Анализируем удаление/добавление файлов
INFO:root:Дата 2019-09-17 18:54:31.377180 Анализируем удаление/добавление файлов
INFO:root:Дата 2019-09-17 18:54:31.379722 Анализируем удаление/добавление файлов
INFO:root:Дата 2019-09-17 18:54:31.381934 Анализируем удаление/добавление файлов
INFO:root:Дата 2019-09-17 18:54:31.383753 Анализируем удаление/добавление файлов
INFO:root:Дата 2019-09-17 18:54:31.385585 Анализируем удаление/добавление файлов
INFO:root:Дата 2019-09-17 18:54:31.388069 Анализируем удаление/добавление файлов
INFO:root:Дата 2019-09-17 18:54:31.391870 Анализируем удаление/добавление файлов
INFO:root:Дата 2019-09-17 18:54:31.393901 Анализируем удаление/добавление файлов
INFO:root:Дата 2019-09-17 18:54:31.396370 Анализируем удаление/добавление файлов
INFO:root:Дата 2019-09-17 18:54:31.398340 Анализируем удаление/добавление файлов
INFO:root:Дата 2019-09-17 18:54:31.401207 Анализируем удаление/добавление файлов
INFO:root:Дата 2019-09-17 18:54:31.410219 Анализируем удаление/добавление файлов
INFO:root:Дата 2019-09-17 18:54:31.422526 Анализируем удаление/добавление файлов
INFO:root:Дата 2019-09-17 18:54:31.433507 Анализируем удаление/добавление файлов
INFO:root:Дата 2019-09-17 18:54:31.442160 Анализируем удаление/добавление файлов
INFO:root:Дата 2019-09-17 18:54:31.444424 Анализируем удаление/добавление файлов
INFO:root:Дата 2019-09-17 18:54:31.446488 Анализируем удаление/добавление файлов
INFO:root:Дата 2019-09-17 18:54:31.448583 Анализируем удаление/добавление файлов
INFO:root:Дата 2019-09-17 18:54:31.451141 Анализируем удаление/добавление файлов
INFO:root:Дата 2019-09-17 18:54:31.453660 Анализируем удаление/добавление файлов
INFO:root:Дата 2019-09-17 18:54:31.457681 Анализируем удаление/добавление файлов
INFO:root:Дата 2019-09-17 18:54:31.461104 Анализируем удаление/добавление файлов
INFO:root:Дата 2019-09-17 18:54:31.463571 Анализируем удаление/добавление файлов
INFO:root:Дата 2019-09-17 18:54:31.465346 Анализируем удаление/добавление файлов
INFO:root:Дата 2019-09-17 18:54:31.472688 Анализируем удаление/добавление файлов
INFO:root:Дата 2019-09-17 18:54:31.475755 Анализируем удаление/добавление файлов
INFO:root:Дата 2019-09-17 18:54:31.481339 Анализируем удаление/добавление файлов
INFO:root:Дата 2019-09-17 18:54:31.484614 Анализируем удаление/добавление файлов
INFO:root:Дата 2019-09-17 18:54:31.500820 Анализируем удаление/добавление файлов
INFO:root:Дата 2019-09-17 18:54:31.505988 Анализируем удаление/добавление файлов
INFO:root:Дата 2019-09-17 18:54:31.508953 Анализируем удаление/добавление файлов
INFO:root:Дата 2019-09-17 18:54:31.511265 Анализируем удаление/добавление файлов
INFO:root:Дата 2019-09-17 18:54:31.513322 Анализируем удаление/добавление файлов
INFO:root:Дата 2019-09-17 18:54:31.515326 Анализируем удаление/добавление файлов
INFO:root:Дата 2019-09-17 18:54:31.518126 Анализируем удаление/добавление файлов
INFO:root:Дата 2019-09-17 18:54:31.520704 Анализируем удаление/добавление файлов
INFO:root:Дата 2019-09-17 18:54:31.523378 Анализируем удаление/добавление файлов
INFO:root:Дата 2019-09-17 18:54:31.525440 Анализируем удаление/добавление файлов
INFO:root:Дата 2019-09-17 18:54:31.527388 Анализируем удаление/добавление файлов
INFO:root:Дата 2019-09-17 18:54:31.529324 Анализируем удаление/добавление файлов
INFO:root:Дата 2019-09-17 18:54:31.531631 Анализируем удаление/добавление файлов
INFO:root:Дата 2019-09-17 18:54:31.534569 Анализируем удаление/добавление файлов
INFO:root:Дата 2019-09-17 18:54:31.538847 Анализируем удаление/добавление файлов
INFO:root:Дата 2019-09-17 18:54:31.541999 Анализируем удаление/добавление файлов
INFO:root:Дата 2019-09-17 18:54:31.544252 Анализируем удаление/добавление файлов
INFO:root:Дата 2019-09-17 18:54:31.547442 Анализируем удаление/добавление файлов
INFO:root:Дата 2019-09-17 18:54:31.549518 Анализируем удаление/добавление файлов
INFO:root:Дата 2019-09-17 18:54:31.555778 Анализируем удаление/добавление файлов
INFO:root:Дата 2019-09-17 18:54:31.562241 Анализируем удаление/добавление файлов
INFO:root:Дата 2019-09-17 18:54:31.570405 Анализируем удаление/добавление файлов
INFO:root:Дата 2019-09-17 18:54:31.574134 Анализируем удаление/добавление файлов
INFO:root:Дата 2019-09-17 18:54:31.577832 Анализируем удаление/добавление файлов
INFO:root:Дата 2019-09-17 18:54:31.581005 Анализируем удаление/добавление файлов
INFO:root:Дата 2019-09-17 18:54:31.583711 Анализируем удаление/добавление файлов
INFO:root:Дата 2019-09-17 18:54:31.585664 Анализируем удаление/добавление файлов
INFO:root:Дата 2019-09-17 18:54:31.587758 Анализируем удаление/добавление файлов
INFO:root:Дата 2019-09-17 18:54:31.591936 Анализируем удаление/добавление файлов
INFO:root:Дата 2019-09-17 18:54:31.594034 Анализируем удаление/добавление файлов
INFO:root:Дата 2019-09-17 18:54:31.595910 Анализируем удаление/добавление файлов
INFO:root:Дата 2019-09-17 18:54:31.597516 Анализируем удаление/добавление файлов
INFO:root:Дата 2019-09-17 18:54:31.599932 Анализируем удаление/добавление файлов
INFO:root:Дата 2019-09-17 18:54:31.602448 Анализируем удаление/добавление файлов
INFO:root:Дата 2019-09-17 18:54:31.605542 Анализируем удаление/добавление файлов
INFO:root:Дата 2019-09-17 18:54:31.608354 Анализируем удаление/добавление файлов
INFO:root:Дата 2019-09-17 18:54:31.611832 Анализируем удаление/добавление файлов
INFO:root:Дата 2019-09-17 18:54:31.614454 Анализируем удаление/добавление файлов
INFO:root:Дата 2019-09-17 18:54:31.618461 Анализируем удаление/добавление файлов
INFO:root:Дата 2019-09-17 18:54:31.621231 Анализируем удаление/добавление файлов
INFO:root:Дата 2019-09-17 18:54:31.625415 Анализируем удаление/добавление файлов
INFO:root:Дата 2019-09-17 18:54:31.627535 Анализируем удаление/добавление файлов
INFO:root:Дата 2019-09-17 18:54:31.630055 Анализируем удаление/добавление файлов
INFO:root:Дата 2019-09-17 18:54:31.633809 Анализируем удаление/добавление файлов
INFO:root:Дата 2019-09-17 18:54:31.636418 Анализируем удаление/добавление файлов
INFO:root:Дата 2019-09-17 18:54:31.639115 Анализируем удаление/добавление файлов
INFO:root:Дата 2019-09-17 18:54:31.641166 Анализируем удаление/добавление файлов
INFO:root:Дата 2019-09-17 18:54:31.644348 Анализируем удаление/добавление файлов
INFO:root:Дата 2019-09-17 18:54:31.647250 Анализируем удаление/добавление файлов
INFO:root:Дата 2019-09-17 18:54:31.649944 Анализируем удаление/добавление файлов
INFO:root:Дата 2019-09-17 18:54:31.653349 Анализируем удаление/добавление файлов
INFO:root:Дата 2019-09-17 18:54:31.657810 Анализируем удаление/добавление файлов
INFO:root:Дата 2019-09-17 18:54:31.661583 Анализируем удаление/добавление файлов
INFO:root:Дата 2019-09-17 18:54:31.664219 Анализируем удаление/добавление файлов
INFO:root:Дата 2019-09-17 18:54:31.670272 Анализируем удаление/добавление файлов
INFO:root:Дата 2019-09-17 18:54:31.672979 Анализируем удаление/добавление файлов
INFO:root:Дата 2019-09-17 18:54:31.679982 Анализируем удаление/добавление файлов
INFO:root:Дата 2019-09-17 18:54:31.689236 Анализируем удаление/добавление файлов
INFO:root:Дата 2019-09-17 18:54:31.696130 Анализируем удаление/добавление файлов
INFO:root:Дата 2019-09-17 18:54:31.703135 Анализируем удаление/добавление файлов
INFO:root:Дата 2019-09-17 18:54:31.705195 Анализируем удаление/добавление файлов
INFO:root:Дата 2019-09-17 18:54:31.707390 Анализируем удаление/добавление файлов
INFO:root:Дата 2019-09-17 18:54:31.709530 Анализируем удаление/добавление файлов
INFO:root:Дата 2019-09-17 18:54:31.711836 Анализируем удаление/добавление файлов
INFO:root:Дата 2019-09-17 18:54:31.714028 Анализируем удаление/добавление файлов
INFO:root:Дата 2019-09-17 18:54:31.716632 Анализируем удаление/добавление файлов
INFO:root:Дата 2019-09-17 18:54:31.718693 Анализируем удаление/добавление файлов
INFO:root:Дата 2019-09-17 18:54:31.720953 Анализируем удаление/добавление файлов
INFO:root:Дата 2019-09-17 18:54:31.722704 Анализируем удаление/добавление файлов
INFO:root:Дата 2019-09-17 18:54:31.724651 Анализируем удаление/добавление файлов
INFO:root:Дата 2019-09-17 18:54:31.726515 Анализируем удаление/добавление файлов
INFO:root:Дата 2019-09-17 18:54:31.728410 Анализируем удаление/добавление файлов
INFO:root:Дата 2019-09-17 18:54:31.730874 Анализируем удаление/добавление файлов
INFO:root:Дата 2019-09-17 18:54:31.732698 Анализируем удаление/добавление файлов
INFO:root:Дата 2019-09-17 18:54:31.743354 Анализируем удаление/добавление файлов
INFO:root:Дата 2019-09-17 18:54:31.745712 Анализируем удаление/добавление файлов
INFO:root:Дата 2019-09-17 18:54:31.747603 Анализируем удаление/добавление файлов
INFO:root:Дата 2019-09-17 18:54:31.749499 Анализируем удаление/добавление файлов
INFO:root:Дата 2019-09-17 18:54:31.751741 Анализируем удаление/добавление файлов
INFO:root:Дата 2019-09-17 18:54:31.754184 Анализируем удаление/добавление файлов
INFO:root:Дата 2019-09-17 18:54:31.756035 Анализируем удаление/добавление файлов
INFO:root:Дата 2019-09-17 18:54:31.758476 Анализируем удаление/добавление файлов
INFO:root:Дата 2019-09-17 18:54:31.760642 Анализируем удаление/добавление файлов
INFO:root:Дата 2019-09-17 18:54:31.762654 Анализируем удаление/добавление файлов
INFO:root:Дата 2019-09-17 18:54:31.764384 Анализируем удаление/добавление файлов
INFO:root:Дата 2019-09-17 18:54:31.766447 Анализируем удаление/добавление файлов
INFO:root:Дата 2019-09-17 18:54:31.768479 Анализируем удаление/добавление файлов
INFO:root:Дата 2019-09-17 18:54:31.770470 Анализируем удаление/добавление файлов
INFO:root:Дата 2019-09-17 18:54:31.772425 Анализируем удаление/добавление файлов
INFO:root:Дата 2019-09-17 18:54:31.774249 Анализируем удаление/добавление файлов
INFO:root:Дата 2019-09-17 18:54:31.777088 Анализируем удаление/добавление файлов
INFO:root:Дата 2019-09-17 18:54:31.780319 Анализируем удаление/добавление файлов
INFO:root:Дата 2019-09-17 18:54:31.782562 Анализируем удаление/добавление файлов
INFO:root:Дата 2019-09-17 18:54:31.784780 Анализируем удаление/добавление файлов
INFO:root:Дата 2019-09-17 18:54:31.786998 Анализируем удаление/добавление файлов
INFO:root:Дата 2019-09-17 18:54:31.789545 Анализируем удаление/добавление файлов
INFO:root:Дата 2019-09-17 18:54:31.792379 Анализируем удаление/добавление файлов
INFO:root:Дата 2019-09-17 18:54:31.794691 Анализируем удаление/добавление файлов
INFO:root:Дата 2019-09-17 18:54:31.796794 Анализируем удаление/добавление файлов
INFO:root:Дата 2019-09-17 18:54:31.798855 Анализируем удаление/добавление файлов
INFO:root:Дата 2019-09-17 18:54:31.801217 Анализируем удаление/добавление файлов
INFO:root:Дата 2019-09-17 18:54:31.803869 Анализируем удаление/добавление файлов
INFO:root:Дата 2019-09-17 18:54:31.810288 Анализируем удаление/добавление файлов
INFO:root:Дата 2019-09-17 18:54:31.813421 Анализируем удаление/добавление файлов
INFO:root:Дата 2019-09-17 18:54:31.827549 Анализируем удаление/добавление файлов
INFO:root:Дата 2019-09-17 18:54:31.835435 Анализируем удаление/добавление файлов
INFO:root:Дата 2019-09-17 18:54:31.844438 Анализируем удаление/добавление файлов
INFO:root:Дата 2019-09-17 18:54:31.859045 Анализируем удаление/добавление файлов
INFO:root:Дата 2019-09-17 18:54:31.861502 Анализируем удаление/добавление файлов
INFO:root:Дата 2019-09-17 18:54:31.864140 Анализируем удаление/добавление файлов
INFO:root:Дата 2019-09-17 18:54:31.866204 Анализируем удаление/добавление файлов
INFO:root:Дата 2019-09-17 18:54:31.871871 Анализируем удаление/добавление файлов
INFO:root:Дата 2019-09-17 18:54:31.875200 Анализируем удаление/добавление файлов
INFO:root:Дата 2019-09-17 18:54:31.876882 Анализируем удаление/добавление файлов
INFO:root:Дата 2019-09-17 18:54:31.878470 Анализируем удаление/добавление файлов
INFO:root:Дата 2019-09-17 18:54:31.881500 Анализируем удаление/добавление файлов
INFO:root:Дата 2019-09-17 18:54:31.884322 Анализируем удаление/добавление файлов
INFO:root:Дата 2019-09-17 18:54:31.886903 Анализируем удаление/добавление файлов
INFO:root:Дата 2019-09-17 18:54:31.888797 Анализируем удаление/добавление файлов
INFO:root:Дата 2019-09-17 18:54:31.891019 Анализируем удаление/добавление файлов
INFO:root:Дата 2019-09-17 18:54:31.893548 Анализируем удаление/добавление файлов
INFO:root:Дата 2019-09-17 18:54:31.896914 Анализируем удаление/добавление файлов
INFO:root:Дата 2019-09-17 18:54:31.900338 Анализируем удаление/добавление файлов
INFO:root:Дата 2019-09-17 18:54:31.907626 Анализируем удаление/добавление файлов
INFO:root:Дата 2019-09-17 18:54:31.909812 Анализируем удаление/добавление файлов
INFO:root:Дата 2019-09-17 18:54:31.912126 Анализируем удаление/добавление файлов
INFO:root:Дата 2019-09-17 18:54:31.914101 Анализируем удаление/добавление файлов
INFO:root:Дата 2019-09-17 18:54:31.917213 Анализируем удаление/добавление файлов
INFO:root:Дата 2019-09-17 18:54:31.919496 Анализируем удаление/добавление файлов
INFO:root:Дата 2019-09-17 18:54:31.921524 Анализируем удаление/добавление файлов
INFO:root:Дата 2019-09-17 18:54:31.923589 Анализируем удаление/добавление файлов
INFO:root:Дата 2019-09-17 18:54:31.925683 Анализируем удаление/добавление файлов
INFO:root:Дата 2019-09-17 18:54:31.927615 Анализируем удаление/добавление файлов
INFO:root:Дата 2019-09-17 18:54:31.929482 Анализируем удаление/добавление файлов
INFO:root:Дата 2019-09-17 18:54:31.932132 Анализируем удаление/добавление файлов
INFO:root:Дата 2019-09-17 18:54:31.935066 Анализируем удаление/добавление файлов
INFO:root:Дата 2019-09-17 18:54:31.937609 Анализируем удаление/добавление файлов
INFO:root:Дата 2019-09-17 18:54:31.941110 Анализируем удаление/добавление файлов
INFO:root:Дата 2019-09-17 18:54:31.944085 Анализируем удаление/добавление файлов
INFO:root:Дата 2019-09-17 18:54:31.945843 Анализируем удаление/добавление файлов
INFO:root:Дата 2019-09-17 18:54:31.947987 Анализируем удаление/добавление файлов
INFO:root:Дата 2019-09-17 18:54:31.950274 Анализируем удаление/добавление файлов
INFO:root:Дата 2019-09-17 18:54:31.954223 Анализируем удаление/добавление файлов
INFO:root:Дата 2019-09-17 18:54:31.961179 Анализируем удаление/добавление файлов
INFO:root:Дата 2019-09-17 18:54:31.967132 Анализируем удаление/добавление файлов
INFO:root:Дата 2019-09-17 18:54:31.972071 Анализируем удаление/добавление файлов
INFO:root:Дата 2019-09-17 18:54:31.974447 Анализируем удаление/добавление файлов
INFO:root:Дата 2019-09-17 18:54:31.977344 Анализируем удаление/добавление файлов
INFO:root:Дата 2019-09-17 18:54:31.979669 Анализируем удаление/добавление файлов
INFO:root:Дата 2019-09-17 18:54:31.982134 Анализируем удаление/добавление файлов
INFO:root:Дата 2019-09-17 18:54:31.984087 Анализируем удаление/добавление файлов
INFO:root:Дата 2019-09-17 18:54:31.986078 Анализируем удаление/добавление файлов
INFO:root:Дата 2019-09-17 18:54:31.988483 Анализируем удаление/добавление файлов
INFO:root:Дата 2019-09-17 18:54:31.993259 Анализируем удаление/добавление файлов
INFO:root:Дата 2019-09-17 18:54:31.995621 Анализируем удаление/добавление файлов
INFO:root:Дата 2019-09-17 18:54:31.998763 Анализируем удаление/добавление файлов
INFO:root:Дата 2019-09-17 18:54:32.002666 Анализируем удаление/добавление файлов
INFO:root:Дата 2019-09-17 18:54:32.006046 Анализируем удаление/добавление файлов
INFO:root:Дата 2019-09-17 18:54:32.008677 Анализируем удаление/добавление файлов
INFO:root:Дата 2019-09-17 18:54:32.011442 Анализируем удаление/добавление файлов
INFO:root:Дата 2019-09-17 18:54:32.015015 Анализируем удаление/добавление файлов
INFO:root:Дата 2019-09-17 18:54:32.027670 Анализируем удаление/добавление файлов
INFO:root:Дата 2019-09-17 18:54:32.030889 Анализируем удаление/добавление файлов
INFO:root:Дата 2019-09-17 18:54:32.035275 Анализируем удаление/добавление файлов
INFO:root:Дата 2019-09-17 18:54:32.039613 Анализируем удаление/добавление файлов
INFO:root:Дата 2019-09-17 18:54:32.042584 Анализируем удаление/добавление файлов
INFO:root:Дата 2019-09-17 18:54:32.045456 Анализируем удаление/добавление файлов
INFO:root:Дата 2019-09-17 18:54:32.048253 Анализируем удаление/добавление файлов
INFO:root:Дата 2019-09-17 18:54:32.052667 Анализируем удаление/добавление файлов
INFO:root:Дата 2019-09-17 18:54:32.057047 Анализируем удаление/добавление файлов
INFO:root:Дата 2019-09-17 18:54:32.074812 Анализируем удаление/добавление файлов
INFO:root:Дата 2019-09-17 18:54:32.082121 Анализируем удаление/добавление файлов
INFO:root:Дата 2019-09-17 18:54:32.086125 Анализируем удаление/добавление файлов
INFO:root:Дата 2019-09-17 18:54:32.094484 Анализируем удаление/добавление файлов
INFO:root:Дата 2019-09-17 18:54:32.109892 Анализируем удаление/добавление файлов
INFO:root:Дата 2019-09-17 18:54:32.113056 Анализируем удаление/добавление файлов
INFO:root:Дата 2019-09-17 18:54:32.115508 Анализируем удаление/добавление файлов
INFO:root:Дата 2019-09-17 18:54:32.117927 Анализируем удаление/добавление файлов
INFO:root:Дата 2019-09-17 18:54:32.121850 Анализируем удаление/добавление файлов
INFO:root:Дата 2019-09-17 18:54:32.129068 Анализируем удаление/добавление файлов
INFO:root:Дата 2019-09-17 18:54:32.133139 Анализируем удаление/добавление файлов
INFO:root:Дата 2019-09-17 18:54:32.143317 Анализируем удаление/добавление файлов
INFO:root:Дата 2019-09-17 18:54:32.151284 Анализируем удаление/добавление файлов
INFO:root:Дата 2019-09-17 18:54:32.155374 Анализируем удаление/добавление файлов
INFO:root:Дата 2019-09-17 18:54:32.158537 Анализируем удаление/добавление файлов
INFO:root:Дата 2019-09-17 18:54:32.161151 Анализируем удаление/добавление файлов
INFO:root:Дата 2019-09-17 18:54:32.164583 Анализируем удаление/добавление файлов
INFO:root:Дата 2019-09-17 18:54:32.168497 Анализируем удаление/добавление файлов
INFO:root:Дата 2019-09-17 18:54:32.172221 Анализируем удаление/добавление файлов
INFO:root:Дата 2019-09-17 18:54:32.174761 Анализируем удаление/добавление файлов
INFO:root:Дата 2019-09-17 18:54:32.177770 Анализируем удаление/добавление файлов
INFO:root:Дата 2019-09-17 18:54:32.180268 Анализируем удаление/добавление файлов
INFO:root:Дата 2019-09-17 18:54:32.183197 Анализируем удаление/добавление файлов
INFO:root:Дата 2019-09-17 18:54:32.185498 Анализируем удаление/добавление файлов
INFO:root:Дата 2019-09-17 18:54:32.187917 Анализируем удаление/добавление файлов
INFO:root:Дата 2019-09-17 18:54:32.191426 Анализируем удаление/добавление файлов
INFO:root:Дата 2019-09-17 18:54:32.194470 Анализируем удаление/добавление файлов
INFO:root:Дата 2019-09-17 18:54:32.196967 Анализируем удаление/добавление файлов
INFO:root:Дата 2019-09-17 18:54:32.200248 Анализируем удаление/добавление файлов
INFO:root:Дата 2019-09-17 18:54:32.204829 Анализируем удаление/добавление файлов
INFO:root:Дата 2019-09-17 18:54:32.207342 Анализируем удаление/добавление файлов
INFO:root:Дата 2019-09-17 18:54:32.209795 Анализируем удаление/добавление файлов
INFO:root:Дата 2019-09-17 18:54:32.212738 Анализируем удаление/добавление файлов
INFO:root:Дата 2019-09-17 18:54:32.216916 Анализируем удаление/добавление файлов
INFO:root:Дата 2019-09-17 18:54:32.224077 Анализируем удаление/добавление файлов
INFO:root:Дата 2019-09-17 18:54:32.244934 Анализируем удаление/добавление файлов
INFO:root:Дата 2019-09-17 18:54:32.260191 Анализируем удаление/добавление файлов
INFO:root:Дата 2019-09-17 18:54:32.269720 Анализируем удаление/добавление файлов
INFO:root:Дата 2019-09-17 18:54:32.284643 Анализируем удаление/добавление файлов
INFO:root:Дата 2019-09-17 18:54:32.288201 Анализируем удаление/добавление файлов
INFO:root:Дата 2019-09-17 18:54:32.291688 Анализируем удаление/добавление файлов
INFO:root:Дата 2019-09-17 18:54:32.294078 Анализируем удаление/добавление файлов
INFO:root:Дата 2019-09-17 18:54:32.297590 Анализируем удаление/добавление файлов
INFO:root:Дата 2019-09-17 18:54:32.300710 Анализируем удаление/добавление файлов
INFO:root:Дата 2019-09-17 18:54:32.307812 Анализируем удаление/добавление файлов
INFO:root:Дата 2019-09-17 18:54:32.312696 Анализируем удаление/добавление файлов
INFO:root:Дата 2019-09-17 18:54:32.315449 Анализируем удаление/добавление файлов
INFO:root:Дата 2019-09-17 18:54:32.320478 Анализируем удаление/добавление файлов
INFO:root:Дата 2019-09-17 18:54:32.325404 Анализируем удаление/добавление файлов
INFO:root:Дата 2019-09-17 18:54:32.327969 Анализируем удаление/добавление файлов
INFO:root:Дата 2019-09-17 18:54:32.330290 Анализируем удаление/добавление файлов
INFO:root:Дата 2019-09-17 18:54:32.332774 Анализируем удаление/добавление файлов
INFO:root:Дата 2019-09-17 18:54:32.344123 Анализируем удаление/добавление файлов
INFO:root:Дата 2019-09-17 18:54:32.347477 Анализируем удаление/добавление файлов
INFO:root:Дата 2019-09-17 18:54:32.351147 Анализируем удаление/добавление файлов
INFO:root:Дата 2019-09-17 18:54:32.354364 Анализируем удаление/добавление файлов
INFO:root:Дата 2019-09-17 18:54:32.356908 Анализируем удаление/добавление файлов
INFO:root:Дата 2019-09-17 18:54:32.359798 Анализируем удаление/добавление файлов
INFO:root:Дата 2019-09-17 18:54:32.362095 Анализируем удаление/добавление файлов
INFO:root:Дата 2019-09-17 18:54:32.364487 Анализируем удаление/добавление файлов
INFO:root:Дата 2019-09-17 18:54:32.367094 Анализируем удаление/добавление файлов
INFO:root:Дата 2019-09-17 18:54:32.369979 Анализируем удаление/добавление файлов
INFO:root:Дата 2019-09-17 18:54:32.375197 Анализируем удаление/добавление файлов
INFO:root:Дата 2019-09-17 18:54:32.378258 Анализируем удаление/добавление файлов
INFO:root:Дата 2019-09-17 18:54:32.381408 Анализируем удаление/добавление файлов
INFO:root:Дата 2019-09-17 18:54:32.384817 Анализируем удаление/добавление файлов
INFO:root:Дата 2019-09-17 18:54:32.387868 Анализируем удаление/добавление файлов
INFO:root:Дата 2019-09-17 18:54:32.390995 Анализируем удаление/добавление файлов
INFO:root:Дата 2019-09-17 18:54:32.393503 Анализируем удаление/добавление файлов
INFO:root:Дата 2019-09-17 18:54:32.396533 Анализируем удаление/добавление файлов
INFO:root:Дата 2019-09-17 18:54:32.399257 Анализируем удаление/добавление файлов
INFO:root:Дата 2019-09-17 18:54:32.401680 Анализируем удаление/добавление файлов
INFO:root:Дата 2019-09-17 18:54:32.404888 Анализируем удаление/добавление файлов
INFO:root:Дата 2019-09-17 18:54:32.407523 Анализируем удаление/добавление файлов
INFO:root:Дата 2019-09-17 18:54:32.410104 Анализируем удаление/добавление файлов
INFO:root:Дата 2019-09-17 18:54:32.412741 Анализируем удаление/добавление файлов
INFO:root:Дата 2019-09-17 18:54:32.417626 Анализируем удаление/добавление файлов
INFO:root:Дата 2019-09-17 18:54:32.420495 Анализируем удаление/добавление файлов
INFO:root:Дата 2019-09-17 18:54:32.425133 Анализируем удаление/добавление файлов
INFO:root:Дата 2019-09-17 18:54:32.429896 Анализируем удаление/добавление файлов
INFO:root:Дата 2019-09-17 18:54:32.432637 Анализируем удаление/добавление файлов
INFO:root:Дата 2019-09-17 18:54:32.440307 Анализируем удаление/добавление файлов
INFO:root:Дата 2019-09-17 18:54:32.449187 Анализируем удаление/добавление файлов
INFO:root:Дата 2019-09-17 18:54:32.456111 Анализируем удаление/добавление файлов
INFO:root:Дата 2019-09-17 18:54:32.458629 Анализируем удаление/добавление файлов
INFO:root:Дата 2019-09-17 18:54:32.461204 Анализируем удаление/добавление файлов
INFO:root:Дата 2019-09-17 18:54:32.467710 Анализируем удаление/добавление файлов
INFO:root:Дата 2019-09-17 18:54:32.471213 Анализируем удаление/добавление файлов
INFO:root:Дата 2019-09-17 18:54:32.473830 Анализируем удаление/добавление файлов
INFO:root:Дата 2019-09-17 18:54:32.476862 Анализируем удаление/добавление файлов
INFO:root:Дата 2019-09-17 18:54:32.479499 Анализируем удаление/добавление файлов
INFO:root:Дата 2019-09-17 18:54:32.481342 Анализируем удаление/добавление файлов
INFO:root:Дата 2019-09-17 18:54:32.484473 Анализируем удаление/добавление файлов
INFO:root:Дата 2019-09-17 18:54:32.488996 Анализируем удаление/добавление файлов
INFO:root:Дата 2019-09-17 18:54:32.492053 Анализируем удаление/добавление файлов
INFO:root:Дата 2019-09-17 18:54:32.495860 Анализируем удаление/добавление файлов
INFO:root:Дата 2019-09-17 18:54:32.505088 Анализируем удаление/добавление файлов
INFO:root:Дата 2019-09-17 18:54:32.513831 Анализируем удаление/добавление файлов
INFO:root:Дата 2019-09-17 18:54:32.515721 Анализируем удаление/добавление файлов
INFO:root:Дата 2019-09-17 18:54:32.517596 Анализируем удаление/добавление файлов
INFO:root:Дата 2019-09-17 18:54:32.520036 Анализируем удаление/добавление файлов
INFO:root:Дата 2019-09-17 18:54:32.522214 Анализируем удаление/добавление файлов
INFO:root:Дата 2019-09-17 18:54:32.524151 Анализируем удаление/добавление файлов
INFO:root:Дата 2019-09-17 18:54:32.526296 Анализируем удаление/добавление файлов
INFO:root:Дата 2019-09-17 18:54:32.528581 Анализируем удаление/добавление файлов
INFO:root:Дата 2019-09-17 18:54:32.530700 Анализируем удаление/добавление файлов
INFO:root:Дата 2019-09-17 18:54:32.533007 Анализируем удаление/добавление файлов
INFO:root:Дата 2019-09-17 18:54:32.536013 Анализируем удаление/добавление файлов
INFO:root:Дата 2019-09-17 18:54:32.538622 Анализируем удаление/добавление файлов
INFO:root:Дата 2019-09-17 18:54:32.543378 Анализируем удаление/добавление файлов
INFO:root:Дата 2019-09-17 18:54:32.545452 Анализируем удаление/добавление файлов
INFO:root:Дата 2019-09-17 18:54:32.547374 Анализируем удаление/добавление файлов
INFO:root:Дата 2019-09-17 18:54:32.549247 Анализируем удаление/добавление файлов
INFO:root:Дата 2019-09-17 18:54:32.551631 Анализируем удаление/добавление файлов
INFO:root:Дата 2019-09-17 18:54:32.554344 Анализируем удаление/добавление файлов
INFO:root:Дата 2019-09-17 18:54:32.556464 Анализируем удаление/добавление файлов
INFO:root:Дата 2019-09-17 18:54:32.558685 Анализируем удаление/добавление файлов
INFO:root:Дата 2019-09-17 18:54:32.560773 Анализируем удаление/добавление файлов
INFO:root:Дата 2019-09-17 18:54:32.562855 Анализируем удаление/добавление файлов
INFO:root:Дата 2019-09-17 18:54:32.564742 Анализируем удаление/добавление файлов
INFO:root:Дата 2019-09-17 18:54:32.567161 Анализируем удаление/добавление файлов
INFO:root:Дата 2019-09-17 18:54:32.569088 Анализируем удаление/добавление файлов
INFO:root:Дата 2019-09-17 18:54:32.572268 Анализируем удаление/добавление файлов
INFO:root:Дата 2019-09-17 18:54:32.574347 Анализируем удаление/добавление файлов
INFO:root:Дата 2019-09-17 18:54:32.577240 Анализируем удаление/добавление файлов
INFO:root:Дата 2019-09-17 18:54:32.579392 Анализируем удаление/добавление файлов
INFO:root:Дата 2019-09-17 18:54:32.581201 Анализируем удаление/добавление файлов
INFO:root:Дата 2019-09-17 18:54:32.582813 Анализируем удаление/добавление файлов
INFO:root:Дата 2019-09-17 18:54:32.584680 Анализируем удаление/добавление файлов
INFO:root:Дата 2019-09-17 18:54:32.586706 Анализируем удаление/добавление файлов
INFO:root:Дата 2019-09-17 18:54:32.589605 Анализируем удаление/добавление файлов
INFO:root:Дата 2019-09-17 18:54:32.591909 Анализируем удаление/добавление файлов
INFO:root:Дата 2019-09-17 18:54:32.593825 Анализируем удаление/добавление файлов
INFO:root:Дата 2019-09-17 18:54:32.595828 Анализируем удаление/добавление файлов
INFO:root:Дата 2019-09-17 18:54:32.597580 Анализируем удаление/добавление файлов
INFO:root:Дата 2019-09-17 18:54:32.600963 Анализируем удаление/добавление файлов
INFO:root:Дата 2019-09-17 18:54:32.603561 Анализируем удаление/добавление файлов
INFO:root:Дата 2019-09-17 18:54:32.605748 Анализируем удаление/добавление файлов
INFO:root:Дата 2019-09-17 18:54:32.607989 Анализируем удаление/добавление файлов
INFO:root:Дата 2019-09-17 18:54:32.609835 Анализируем удаление/добавление файлов
INFO:root:Дата 2019-09-17 18:54:32.611764 Анализируем удаление/добавление файлов
INFO:root:Дата 2019-09-17 18:54:32.613516 Анализируем удаление/добавление файлов
INFO:root:Дата 2019-09-17 18:54:32.618779 Анализируем удаление/добавление файлов
INFO:root:Дата 2019-09-17 18:54:32.621331 Анализируем удаление/добавление файлов
INFO:root:Дата 2019-09-17 18:54:32.624364 Анализируем удаление/добавление файлов
INFO:root:Дата 2019-09-17 18:54:32.628223 Анализируем удаление/добавление файлов
INFO:root:Дата 2019-09-17 18:54:32.630652 Анализируем удаление/добавление файлов
INFO:root:Дата 2019-09-17 18:54:32.633734 Анализируем удаление/добавление файлов
INFO:root:Дата 2019-09-17 18:54:32.636853 Анализируем удаление/добавление файлов
INFO:root:Дата 2019-09-17 18:54:32.641683 Анализируем удаление/добавление файлов
INFO:root:Дата 2019-09-17 18:54:32.644049 Анализируем удаление/добавление файлов
INFO:root:Дата 2019-09-17 18:54:32.645654 Анализируем удаление/добавление файлов
INFO:root:Дата 2019-09-17 18:54:32.655184 Анализируем удаление/добавление файлов
INFO:root:Дата 2019-09-17 18:54:32.657807 Анализируем удаление/добавление файлов
INFO:root:Дата 2019-09-17 18:54:32.659876 Анализируем удаление/добавление файлов
INFO:root:Дата 2019-09-17 18:54:32.662123 Анализируем удаление/добавление файлов
INFO:root:Дата 2019-09-17 18:54:32.681039 Анализируем удаление/добавление файлов
INFO:root:Дата 2019-09-17 18:54:32.694406 Анализируем удаление/добавление файлов
INFO:root:Дата 2019-09-17 18:54:32.708113 Анализируем удаление/добавление файлов
INFO:root:Дата 2019-09-17 18:54:32.710579 Анализируем удаление/добавление файлов
INFO:root:Дата 2019-09-17 18:54:32.713913 Анализируем удаление/добавление файлов
INFO:root:Дата 2019-09-17 18:54:32.717154 Анализируем удаление/добавление файлов
INFO:root:Дата 2019-09-17 18:54:32.719273 Анализируем удаление/добавление файлов
INFO:root:Дата 2019-09-17 18:54:32.721630 Анализируем удаление/добавление файлов
INFO:root:Дата 2019-09-17 18:54:32.723712 Анализируем удаление/добавление файлов
INFO:root:Дата 2019-09-17 18:54:32.726300 Анализируем удаление/добавление файлов
INFO:root:Дата 2019-09-17 18:54:32.728675 Анализируем удаление/добавление файлов
INFO:root:Дата 2019-09-17 18:54:32.730733 Анализируем удаление/добавление файлов
INFO:root:Дата 2019-09-17 18:54:32.733353 Анализируем удаление/добавление файлов
INFO:root:Дата 2019-09-17 18:54:32.735880 Анализируем удаление/добавление файлов
INFO:root:Дата 2019-09-17 18:54:32.738292 Анализируем удаление/добавление файлов
INFO:root:Дата 2019-09-17 18:54:32.741074 Анализируем удаление/добавление файлов
INFO:root:Дата 2019-09-17 18:54:32.749114 Анализируем удаление/добавление файлов
INFO:root:Дата 2019-09-17 18:54:32.751420 Анализируем удаление/добавление файлов
INFO:root:Дата 2019-09-17 18:54:32.754185 Анализируем удаление/добавление файлов
INFO:root:Дата 2019-09-17 18:54:32.756491 Анализируем удаление/добавление файлов
INFO:root:Дата 2019-09-17 18:54:32.758452 Анализируем удаление/добавление файлов
INFO:root:Дата 2019-09-17 18:54:32.760469 Анализируем удаление/добавление файлов
INFO:root:Дата 2019-09-17 18:54:32.762795 Анализируем удаление/добавление файлов
INFO:root:Дата 2019-09-17 18:54:32.764633 Анализируем удаление/добавление файлов
INFO:root:Дата 2019-09-17 18:54:32.766401 Анализируем удаление/добавление файлов
INFO:root:Дата 2019-09-17 18:54:32.768078 Анализируем удаление/добавление файлов
INFO:root:Дата 2019-09-17 18:54:32.770257 Анализируем удаление/добавление файлов
INFO:root:Дата 2019-09-17 18:54:32.772339 Анализируем удаление/добавление файлов
INFO:root:Дата 2019-09-17 18:54:32.775728 Анализируем удаление/добавление файлов
INFO:root:Дата 2019-09-17 18:54:32.777726 Анализируем удаление/добавление файлов
INFO:root:Дата 2019-09-17 18:54:32.780159 Анализируем удаление/добавление файлов
INFO:root:Дата 2019-09-17 18:54:32.782084 Анализируем удаление/добавление файлов
INFO:root:Дата 2019-09-17 18:54:32.784287 Анализируем удаление/добавление файлов
INFO:root:Дата 2019-09-17 18:54:32.786540 Анализируем удаление/добавление файлов
INFO:root:Дата 2019-09-17 18:54:32.789039 Анализируем удаление/добавление файлов
INFO:root:Дата 2019-09-17 18:54:32.792027 Анализируем удаление/добавление файлов
INFO:root:Дата 2019-09-17 18:54:32.794256 Анализируем удаление/добавление файлов
INFO:root:Дата 2019-09-17 18:54:32.796483 Анализируем удаление/добавление файлов
INFO:root:Дата 2019-09-17 18:54:32.798888 Анализируем удаление/добавление файлов
INFO:root:Дата 2019-09-17 18:54:32.802108 Анализируем удаление/добавление файлов
INFO:root:Дата 2019-09-17 18:54:32.804488 Анализируем удаление/добавление файлов
INFO:root:Дата 2019-09-17 18:54:32.806293 Анализируем удаление/добавление файлов
INFO:root:Дата 2019-09-17 18:54:32.808166 Анализируем удаление/добавление файлов
INFO:root:Дата 2019-09-17 18:54:32.810330 Анализируем удаление/добавление файлов
INFO:root:Дата 2019-09-17 18:54:32.812502 Анализируем удаление/добавление файлов
INFO:root:Дата 2019-09-17 18:54:32.816752 Анализируем удаление/добавление файлов
INFO:root:Дата 2019-09-17 18:54:32.828756 Анализируем удаление/добавление файлов
INFO:root:Дата 2019-09-17 18:54:32.842953 Анализируем удаление/добавление файлов
INFO:root:Дата 2019-09-17 18:54:32.846385 Анализируем удаление/добавление файлов
INFO:root:Дата 2019-09-17 18:54:32.848574 Анализируем удаление/добавление файлов
INFO:root:Дата 2019-09-17 18:54:32.851003 Анализируем удаление/добавление файлов
INFO:root:Дата 2019-09-17 18:54:32.853380 Анализируем удаление/добавление файлов
INFO:root:Дата 2019-09-17 18:54:32.855796 Анализируем удаление/добавление файлов
INFO:root:Дата 2019-09-17 18:54:32.857989 Анализируем удаление/добавление файлов
INFO:root:Дата 2019-09-17 18:54:32.860644 Анализируем удаление/добавление файлов
INFO:root:Дата 2019-09-17 18:54:32.863276 Анализируем удаление/добавление файлов
INFO:root:Дата 2019-09-17 18:54:32.865620 Анализируем удаление/добавление файлов
INFO:root:Дата 2019-09-17 18:54:32.867988 Анализируем удаление/добавление файлов
INFO:root:Дата 2019-09-17 18:54:32.870258 Анализируем удаление/добавление файлов
INFO:root:Дата 2019-09-17 18:54:32.872537 Анализируем удаление/добавление файлов
INFO:root:Дата 2019-09-17 18:54:32.875837 Анализируем удаление/добавление файлов
INFO:root:Дата 2019-09-17 18:54:32.878337 Анализируем удаление/добавление файлов
INFO:root:Дата 2019-09-17 18:54:32.880396 Анализируем удаление/добавление файлов
INFO:root:Дата 2019-09-17 18:54:32.882253 Анализируем удаление/добавление файлов
INFO:root:Дата 2019-09-17 18:54:32.885101 Анализируем удаление/добавление файлов
INFO:root:Дата 2019-09-17 18:54:32.891466 Анализируем удаление/добавление файлов
INFO:root:Дата 2019-09-17 18:54:32.893384 Анализируем удаление/добавление файлов
INFO:root:Дата 2019-09-17 18:54:32.896357 Анализируем удаление/добавление файлов
INFO:root:Дата 2019-09-17 18:54:32.899077 Анализируем удаление/добавление файлов
INFO:root:Дата 2019-09-17 18:54:32.902834 Анализируем удаление/добавление файлов
INFO:root:Дата 2019-09-17 18:54:32.905851 Анализируем удаление/добавление файлов
INFO:root:Дата 2019-09-17 18:54:32.908491 Анализируем удаление/добавление файлов
INFO:root:Дата 2019-09-17 18:54:32.912914 Анализируем удаление/добавление файлов
INFO:root:Дата 2019-09-17 18:54:32.914878 Анализируем удаление/добавление файлов
INFO:root:Дата 2019-09-17 18:54:32.918208 Анализируем удаление/добавление файлов
INFO:root:Дата 2019-09-17 18:54:32.920558 Анализируем удаление/добавление файлов
INFO:root:Дата 2019-09-17 18:54:32.922662 Анализируем удаление/добавление файлов
INFO:root:Дата 2019-09-17 18:54:32.925392 Анализируем удаление/добавление файлов
INFO:root:Дата 2019-09-17 18:54:32.927736 Анализируем удаление/добавление файлов
INFO:root:Дата 2019-09-17 18:54:32.929728 Анализируем удаление/добавление файлов
INFO:root:Дата 2019-09-17 18:54:32.931794 Анализируем удаление/добавление файлов
INFO:root:Дата 2019-09-17 18:54:32.937451 Анализируем удаление/добавление файлов
INFO:root:Дата 2019-09-17 18:54:32.940132 Анализируем удаление/добавление файлов
INFO:root:Дата 2019-09-17 18:54:32.942741 Анализируем удаление/добавление файлов
INFO:root:Дата 2019-09-17 18:54:32.945076 Анализируем удаление/добавление файлов
INFO:root:Дата 2019-09-17 18:54:32.948183 Анализируем удаление/добавление файлов
INFO:root:Дата 2019-09-17 18:54:32.950956 Анализируем удаление/добавление файлов
INFO:root:Дата 2019-09-17 18:54:32.953306 Анализируем удаление/добавление файлов
INFO:root:Дата 2019-09-17 18:54:32.955434 Анализируем удаление/добавление файлов
INFO:root:Дата 2019-09-17 18:54:32.957299 Анализируем удаление/добавление файлов
INFO:root:Дата 2019-09-17 18:54:32.959206 Анализируем удаление/добавление файлов
INFO:root:Дата 2019-09-17 18:54:32.961291 Анализируем удаление/добавление файлов
INFO:root:Дата 2019-09-17 18:54:32.963480 Анализируем удаление/добавление файлов
INFO:root:Дата 2019-09-17 18:54:32.965829 Анализируем удаление/добавление файлов
INFO:root:Дата 2019-09-17 18:54:32.968896 Анализируем удаление/добавление файлов
INFO:root:Дата 2019-09-17 18:54:32.971813 Анализируем удаление/добавление файлов
INFO:root:Дата 2019-09-17 18:54:32.973677 Анализируем удаление/добавление файлов
INFO:root:Дата 2019-09-17 18:54:32.979253 Анализируем удаление/добавление файлов
INFO:root:Дата 2019-09-17 18:54:32.989493 Анализируем удаление/добавление файлов
INFO:root:Дата 2019-09-17 18:54:32.999307 Анализируем удаление/добавление файлов
INFO:root:Дата 2019-09-17 18:54:33.005383 Анализируем удаление/добавление файлов
INFO:root:Дата 2019-09-17 18:54:33.007546 Анализируем удаление/добавление файлов
INFO:root:Дата 2019-09-17 18:54:33.009590 Анализируем удаление/добавление файлов
INFO:root:Дата 2019-09-17 18:54:33.011578 Анализируем удаление/добавление файлов
INFO:root:Дата 2019-09-17 18:54:33.013631 Анализируем удаление/добавление файлов
INFO:root:Дата 2019-09-17 18:54:33.024298 Анализируем удаление/добавление файлов
INFO:root:Дата 2019-09-17 18:54:33.027261 Анализируем удаление/добавление файлов
INFO:root:Дата 2019-09-17 18:54:33.029203 Анализируем удаление/добавление файлов
INFO:root:Дата 2019-09-17 18:54:33.031291 Анализируем удаление/добавление файлов
INFO:root:Дата 2019-09-17 18:54:33.034708 Анализируем удаление/добавление файлов
INFO:root:Дата 2019-09-17 18:54:33.037350 Анализируем удаление/добавление файлов
INFO:root:Дата 2019-09-17 18:54:33.039521 Анализируем удаление/добавление файлов
INFO:root:Дата 2019-09-17 18:54:33.041787 Анализируем удаление/добавление файлов
INFO:root:Дата 2019-09-17 18:54:33.045040 Анализируем удаление/добавление файлов
INFO:root:Дата 2019-09-17 18:54:33.047564 Анализируем удаление/добавление файлов
INFO:root:Дата 2019-09-17 18:54:33.050919 Анализируем удаление/добавление файлов
INFO:root:Дата 2019-09-17 18:54:33.053893 Анализируем удаление/добавление файлов
INFO:root:Дата 2019-09-17 18:54:33.057477 Анализируем удаление/добавление файлов
INFO:root:Дата 2019-09-17 18:54:33.059844 Анализируем удаление/добавление файлов
INFO:root:Дата 2019-09-17 18:54:33.061787 Анализируем удаление/добавление файлов
INFO:root:Дата 2019-09-17 18:54:33.064982 Анализируем удаление/добавление файлов
INFO:root:Дата 2019-09-17 18:54:33.068204 Анализируем удаление/добавление файлов
INFO:root:Дата 2019-09-17 18:54:33.070709 Анализируем удаление/добавление файлов
INFO:root:Дата 2019-09-17 18:54:33.073430 Анализируем удаление/добавление файлов
INFO:root:Дата 2019-09-17 18:54:33.076398 Анализируем удаление/добавление файлов
INFO:root:Дата 2019-09-17 18:54:33.079102 Анализируем удаление/добавление файлов
INFO:root:Дата 2019-09-17 18:54:33.081170 Анализируем удаление/добавление файлов
INFO:root:Дата 2019-09-17 18:54:33.083960 Анализируем удаление/добавление файлов
INFO:root:Дата 2019-09-17 18:54:33.086830 Анализируем удаление/добавление файлов
INFO:root:Дата 2019-09-17 18:54:33.089862 Анализируем удаление/добавление файлов
INFO:root:Дата 2019-09-17 18:54:33.093415 Анализируем удаление/добавление файлов
INFO:root:Дата 2019-09-17 18:54:33.096934 Анализируем удаление/добавление файлов
INFO:root:Дата 2019-09-17 18:54:33.103118 Анализируем удаление/добавление файлов
INFO:root:Дата 2019-09-17 18:54:33.110611 Анализируем удаление/добавление файлов
INFO:root:Дата 2019-09-17 18:54:33.115398 Анализируем удаление/добавление файлов
INFO:root:Дата 2019-09-17 18:54:33.122513 Анализируем удаление/добавление файлов
INFO:root:Дата 2019-09-17 18:54:33.125881 Анализируем удаление/добавление файлов
INFO:root:Дата 2019-09-17 18:54:33.128156 Анализируем удаление/добавление файлов
INFO:root:Дата 2019-09-17 18:54:33.130668 Анализируем удаление/добавление файлов
INFO:root:Дата 2019-09-17 18:54:33.135356 Анализируем удаление/добавление файлов
INFO:root:Дата 2019-09-17 18:54:33.141678 Анализируем удаление/добавление файлов
INFO:root:Дата 2019-09-17 18:54:33.145270 Анализируем удаление/добавление файлов
INFO:root:Дата 2019-09-17 18:54:33.149107 Анализируем удаление/добавление файлов
INFO:root:Дата 2019-09-17 18:54:33.155759 Анализируем удаление/добавление файлов
INFO:root:Дата 2019-09-17 18:54:33.158576 Анализируем удаление/добавление файлов
INFO:root:Дата 2019-09-17 18:54:33.161050 Анализируем удаление/добавление файлов
INFO:root:Дата 2019-09-17 18:54:33.164141 Анализируем удаление/добавление файлов
INFO:root:Дата 2019-09-17 18:54:33.167873 Анализируем удаление/добавление файлов
INFO:root:Дата 2019-09-17 18:54:33.171967 Анализируем удаление/добавление файлов
INFO:root:Дата 2019-09-17 18:54:33.174575 Анализируем удаление/добавление файлов
INFO:root:Дата 2019-09-17 18:54:33.176901 Анализируем удаление/добавление файлов
INFO:root:Дата 2019-09-17 18:54:33.192198 Анализируем удаление/добавление файлов
INFO:root:Дата 2019-09-17 18:54:33.203675 Анализируем удаление/добавление файлов
INFO:root:Дата 2019-09-17 18:54:33.211629 Анализируем удаление/добавление файлов
INFO:root:Дата 2019-09-17 18:54:33.215649 Анализируем удаление/добавление файлов
INFO:root:Дата 2019-09-17 18:54:33.219359 Анализируем удаление/добавление файлов
INFO:root:Дата 2019-09-17 18:54:33.227436 Анализируем удаление/добавление файлов
INFO:root:Дата 2019-09-17 18:54:33.229905 Анализируем удаление/добавление файлов
INFO:root:Дата 2019-09-17 18:54:33.232332 Анализируем удаление/добавление файлов
INFO:root:Дата 2019-09-17 18:54:33.236209 Анализируем удаление/добавление файлов
INFO:root:Дата 2019-09-17 18:54:33.239362 Анализируем удаление/добавление файлов
INFO:root:Дата 2019-09-17 18:54:33.242133 Анализируем удаление/добавление файлов
INFO:root:Дата 2019-09-17 18:54:33.245184 Анализируем удаление/добавление файлов
INFO:root:Дата 2019-09-17 18:54:33.248821 Анализируем удаление/добавление файлов
INFO:root:Дата 2019-09-17 18:54:33.252542 Анализируем удаление/добавление файлов
INFO:root:Дата 2019-09-17 18:54:33.258121 Анализируем удаление/добавление файлов
INFO:root:Дата 2019-09-17 18:54:33.262014 Анализируем удаление/добавление файлов
INFO:root:Дата 2019-09-17 18:54:33.264277 Анализируем удаление/добавление файлов
INFO:root:Дата 2019-09-17 18:54:33.267923 Анализируем удаление/добавление файлов
INFO:root:Дата 2019-09-17 18:54:33.270537 Анализируем удаление/добавление файлов
INFO:root:Дата 2019-09-17 18:54:33.273361 Анализируем удаление/добавление файлов
INFO:root:Дата 2019-09-17 18:54:33.276460 Анализируем удаление/добавление файлов
INFO:root:Дата 2019-09-17 18:54:33.278766 Анализируем удаление/добавление файлов
INFO:root:Дата 2019-09-17 18:54:33.280875 Анализируем удаление/добавление файлов
INFO:root:Дата 2019-09-17 18:54:33.283852 Анализируем удаление/добавление файлов
INFO:root:Дата 2019-09-17 18:54:33.287019 Анализируем удаление/добавление файлов
INFO:root:Дата 2019-09-17 18:54:33.289845 Анализируем удаление/добавление файлов
INFO:root:Дата 2019-09-17 18:54:33.292634 Анализируем удаление/добавление файлов
INFO:root:Дата 2019-09-17 18:54:33.295344 Анализируем удаление/добавление файлов
INFO:root:Дата 2019-09-17 18:54:33.297571 Анализируем удаление/добавление файлов
INFO:root:Дата 2019-09-17 18:54:33.309627 Анализируем удаление/добавление файлов
INFO:root:Дата 2019-09-17 18:54:33.315188 Анализируем удаление/добавление файлов
INFO:root:Дата 2019-09-17 18:54:33.318471 Анализируем удаление/добавление файлов
INFO:root:Дата 2019-09-17 18:54:33.323143 Анализируем удаление/добавление файлов
INFO:root:Дата 2019-09-17 18:54:33.326341 Анализируем удаление/добавление файлов
INFO:root:Дата 2019-09-17 18:54:33.331561 Анализируем удаление/добавление файлов
INFO:root:Дата 2019-09-17 18:54:33.342780 Анализируем удаление/добавление файлов
INFO:root:Дата 2019-09-17 18:54:33.353098 Анализируем удаление/добавление файлов
INFO:root:Дата 2019-09-17 18:54:33.357696 Анализируем удаление/добавление файлов
INFO:root:Дата 2019-09-17 18:54:33.360920 Анализируем удаление/добавление файлов
INFO:root:Дата 2019-09-17 18:54:33.364703 Анализируем удаление/добавление файлов
INFO:root:Дата 2019-09-17 18:54:33.368822 Анализируем удаление/добавление файлов
INFO:root:Дата 2019-09-17 18:54:33.373153 Анализируем удаление/добавление файлов
INFO:root:Дата 2019-09-17 18:54:33.377748 Анализируем удаление/добавление файлов
INFO:root:Дата 2019-09-17 18:54:33.381062 Анализируем удаление/добавление файлов
INFO:root:Дата 2019-09-17 18:54:33.383642 Анализируем удаление/добавление файлов
INFO:root:Дата 2019-09-17 18:54:33.385584 Анализируем удаление/добавление файлов
INFO:root:Дата 2019-09-17 18:54:33.388703 Анализируем удаление/добавление файлов
INFO:root:Дата 2019-09-17 18:54:33.391766 Анализируем удаление/добавление файлов
INFO:root:Дата 2019-09-17 18:54:33.394735 Анализируем удаление/добавление файлов
INFO:root:Дата 2019-09-17 18:54:33.397077 Анализируем удаление/добавление файлов
INFO:root:Дата 2019-09-17 18:54:33.399385 Анализируем удаление/добавление файлов
INFO:root:Дата 2019-09-17 18:54:33.401778 Анализируем удаление/добавление файлов
INFO:root:Дата 2019-09-17 18:54:33.413252 Анализируем удаление/добавление файлов
INFO:root:Дата 2019-09-17 18:54:33.415829 Анализируем удаление/добавление файлов
INFO:root:Дата 2019-09-17 18:54:33.418112 Анализируем удаление/добавление файлов
INFO:root:Дата 2019-09-17 18:54:33.420748 Анализируем удаление/добавление файлов
INFO:root:Дата 2019-09-17 18:54:33.423455 Анализируем удаление/добавление файлов
INFO:root:Дата 2019-09-17 18:54:33.426051 Анализируем удаление/добавление файлов
INFO:root:Дата 2019-09-17 18:54:33.428307 Анализируем удаление/добавление файлов
INFO:root:Дата 2019-09-17 18:54:33.430388 Анализируем удаление/добавление файлов
INFO:root:Дата 2019-09-17 18:54:33.432343 Анализируем удаление/добавление файлов
INFO:root:Дата 2019-09-17 18:54:33.435176 Анализируем удаление/добавление файлов
INFO:root:Дата 2019-09-17 18:54:33.437510 Анализируем удаление/добавление файлов
INFO:root:Дата 2019-09-17 18:54:33.440154 Анализируем удаление/добавление файлов
INFO:root:Дата 2019-09-17 18:54:33.442784 Анализируем удаление/добавление файлов
INFO:root:Дата 2019-09-17 18:54:33.445454 Анализируем удаление/добавление файлов
INFO:root:Дата 2019-09-17 18:54:33.452220 Анализируем удаление/добавление файлов
INFO:root:Дата 2019-09-17 18:54:33.456615 Анализируем удаление/добавление файлов
INFO:root:Дата 2019-09-17 18:54:33.477342 Анализируем удаление/добавление файлов
INFO:root:Дата 2019-09-17 18:54:33.481880 Анализируем удаление/добавление файлов
INFO:root:Дата 2019-09-17 18:54:33.484807 Анализируем удаление/добавление файлов
INFO:root:Дата 2019-09-17 18:54:33.487881 Анализируем удаление/добавление файлов
INFO:root:Дата 2019-09-17 18:54:33.501669 Анализируем удаление/добавление файлов
INFO:root:Дата 2019-09-17 18:54:33.510555 Анализируем удаление/добавление файлов
INFO:root:Дата 2019-09-17 18:54:33.513643 Анализируем удаление/добавление файлов
INFO:root:Дата 2019-09-17 18:54:33.516759 Анализируем удаление/добавление файлов
INFO:root:Дата 2019-09-17 18:54:33.519759 Анализируем удаление/добавление файлов
INFO:root:Дата 2019-09-17 18:54:33.523413 Анализируем удаление/добавление файлов
INFO:root:Дата 2019-09-17 18:54:33.530580 Анализируем удаление/добавление файлов
INFO:root:Дата 2019-09-17 18:54:33.533595 Анализируем удаление/добавление файлов
INFO:root:Дата 2019-09-17 18:54:33.542686 Анализируем удаление/добавление файлов
INFO:root:Дата 2019-09-17 18:54:33.545547 Анализируем удаление/добавление файлов
INFO:root:Дата 2019-09-17 18:54:33.552025 Анализируем удаление/добавление файлов
INFO:root:Дата 2019-09-17 18:54:33.555264 Анализируем удаление/добавление файлов
INFO:root:Дата 2019-09-17 18:54:33.559570 Анализируем удаление/добавление файлов
INFO:root:Дата 2019-09-17 18:54:33.562397 Анализируем удаление/добавление файлов
INFO:root:Дата 2019-09-17 18:54:33.565119 Анализируем удаление/добавление файлов
INFO:root:Дата 2019-09-17 18:54:33.567893 Анализируем удаление/добавление файлов
INFO:root:Дата 2019-09-17 18:54:33.571485 Анализируем удаление/добавление файлов
INFO:root:Дата 2019-09-17 18:54:33.573581 Анализируем удаление/добавление файлов
INFO:root:Дата 2019-09-17 18:54:33.592456 Анализируем удаление/добавление файлов
INFO:root:Дата 2019-09-17 18:54:33.595102 Анализируем удаление/добавление файлов
INFO:root:Дата 2019-09-17 18:54:33.597214 Анализируем удаление/добавление файлов
INFO:root:Дата 2019-09-17 18:54:33.600573 Анализируем удаление/добавление файлов
INFO:root:Дата 2019-09-17 18:54:33.604340 Анализируем удаление/добавление файлов
INFO:root:Дата 2019-09-17 18:54:33.606744 Анализируем удаление/добавление файлов
INFO:root:Дата 2019-09-17 18:54:33.609188 Анализируем удаление/добавление файлов
INFO:root:Дата 2019-09-17 18:54:33.612014 Анализируем удаление/добавление файлов
INFO:root:Дата 2019-09-17 18:54:33.615565 Анализируем удаление/добавление файлов
INFO:root:Дата 2019-09-17 18:54:33.617710 Анализируем удаление/добавление файлов
INFO:root:Дата 2019-09-17 18:54:33.621184 Анализируем удаление/добавление файлов
INFO:root:Дата 2019-09-17 18:54:33.625080 Анализируем удаление/добавление файлов
INFO:root:Дата 2019-09-17 18:54:33.627762 Анализируем удаление/добавление файлов
INFO:root:Дата 2019-09-17 18:54:33.629789 Анализируем удаление/добавление файлов
INFO:root:Дата 2019-09-17 18:54:33.631963 Анализируем удаление/добавление файлов
INFO:root:Дата 2019-09-17 18:54:33.635275 Анализируем удаление/добавление файлов
INFO:root:Дата 2019-09-17 18:54:33.638267 Анализируем удаление/добавление файлов
INFO:root:Дата 2019-09-17 18:54:33.640629 Анализируем удаление/добавление файлов
INFO:root:Дата 2019-09-17 18:54:33.643385 Анализируем удаление/добавление файлов
INFO:root:Дата 2019-09-17 18:54:33.646072 Анализируем удаление/добавление файлов
INFO:root:Дата 2019-09-17 18:54:33.648351 Анализируем удаление/добавление файлов
INFO:root:Дата 2019-09-17 18:54:33.650752 Анализируем удаление/добавление файлов
INFO:root:Дата 2019-09-17 18:54:33.653693 Анализируем удаление/добавление файлов
INFO:root:Дата 2019-09-17 18:54:33.658097 Анализируем удаление/добавление файлов
INFO:root:Дата 2019-09-17 18:54:33.661513 Анализируем удаление/добавление файлов
INFO:root:Дата 2019-09-17 18:54:33.664123 Анализируем удаление/добавление файлов
INFO:root:Дата 2019-09-17 18:54:33.666446 Анализируем удаление/добавление файлов
INFO:root:Дата 2019-09-17 18:54:33.668501 Анализируем удаление/добавление файлов
INFO:root:Дата 2019-09-17 18:54:33.672018 Анализируем удаление/добавление файлов
INFO:root:Дата 2019-09-17 18:54:33.675056 Анализируем удаление/добавление файлов
INFO:root:Дата 2019-09-17 18:54:33.677468 Анализируем удаление/добавление файлов
INFO:root:Дата 2019-09-17 18:54:33.686109 Анализируем удаление/добавление файлов
INFO:root:Дата 2019-09-17 18:54:33.699469 Анализируем удаление/добавление файлов
INFO:root:Дата 2019-09-17 18:54:33.708028 Анализируем удаление/добавление файлов
INFO:root:Дата 2019-09-17 18:54:33.710606 Анализируем удаление/добавление файлов
INFO:root:Дата 2019-09-17 18:54:33.713325 Анализируем удаление/добавление файлов
INFO:root:Дата 2019-09-17 18:54:33.715147 Анализируем удаление/добавление файлов
INFO:root:Дата 2019-09-17 18:54:33.717353 Анализируем удаление/добавление файлов
INFO:root:Дата 2019-09-17 18:54:33.719936 Анализируем удаление/добавление файлов
INFO:root:Дата 2019-09-17 18:54:33.722076 Анализируем удаление/добавление файлов
INFO:root:Дата 2019-09-17 18:54:33.724126 Анализируем удаление/добавление файлов
INFO:root:Дата 2019-09-17 18:54:33.725826 Анализируем удаление/добавление файлов
INFO:root:Дата 2019-09-17 18:54:33.727574 Анализируем удаление/добавление файлов
INFO:root:Дата 2019-09-17 18:54:33.729459 Анализируем удаление/добавление файлов
INFO:root:Дата 2019-09-17 18:54:33.732817 Анализируем удаление/добавление файлов
INFO:root:Дата 2019-09-17 18:54:33.737121 Анализируем удаление/добавление файлов
INFO:root:Дата 2019-09-17 18:54:33.740816 Анализируем удаление/добавление файлов
INFO:root:Дата 2019-09-17 18:54:33.745461 Анализируем удаление/добавление файлов
INFO:root:Дата 2019-09-17 18:54:33.747910 Анализируем удаление/добавление файлов
INFO:root:Дата 2019-09-17 18:54:33.750085 Анализируем удаление/добавление файлов
INFO:root:Дата 2019-09-17 18:54:33.752350 Анализируем удаление/добавление файлов
INFO:root:Дата 2019-09-17 18:54:33.754448 Анализируем удаление/добавление файлов
INFO:root:Дата 2019-09-17 18:54:33.757338 Анализируем удаление/добавление файлов
INFO:root:Дата 2019-09-17 18:54:33.759602 Анализируем удаление/добавление файлов
INFO:root:Дата 2019-09-17 18:54:33.762294 Анализируем удаление/добавление файлов
INFO:root:Дата 2019-09-17 18:54:33.764316 Анализируем удаление/добавление файлов
INFO:root:Дата 2019-09-17 18:54:33.767822 Анализируем удаление/добавление файлов
INFO:root:Дата 2019-09-17 18:54:33.770577 Анализируем удаление/добавление файлов
INFO:root:Дата 2019-09-17 18:54:33.772689 Анализируем удаление/добавление файлов
INFO:root:Дата 2019-09-17 18:54:33.775557 Анализируем удаление/добавление файлов
INFO:root:Дата 2019-09-17 18:54:33.777936 Анализируем удаление/добавление файлов
INFO:root:Дата 2019-09-17 18:54:33.780100 Анализируем удаление/добавление файлов
INFO:root:Дата 2019-09-17 18:54:33.782112 Анализируем удаление/добавление файлов
INFO:root:Дата 2019-09-17 18:54:33.784013 Анализируем удаление/добавление файлов
INFO:root:Дата 2019-09-17 18:54:33.785780 Анализируем удаление/добавление файлов
INFO:root:Дата 2019-09-17 18:54:33.788010 Анализируем удаление/добавление файлов
INFO:root:Дата 2019-09-17 18:54:33.791003 Анализируем удаление/добавление файлов
INFO:root:Дата 2019-09-17 18:54:33.793837 Анализируем удаление/добавление файлов
INFO:root:Дата 2019-09-17 18:54:33.796199 Анализируем удаление/добавление файлов
INFO:root:Дата 2019-09-17 18:54:33.798470 Анализируем удаление/добавление файлов
INFO:root:Дата 2019-09-17 18:54:33.801078 Анализируем удаление/добавление файлов
INFO:root:Дата 2019-09-17 18:54:33.803559 Анализируем удаление/добавление файлов
INFO:root:Дата 2019-09-17 18:54:33.805574 Анализируем удаление/добавление файлов
INFO:root:Дата 2019-09-17 18:54:33.807779 Анализируем удаление/добавление файлов
INFO:root:Дата 2019-09-17 18:54:33.809418 Анализируем удаление/добавление файлов
INFO:root:Дата 2019-09-17 18:54:33.811467 Анализируем удаление/добавление файлов
INFO:root:Дата 2019-09-17 18:54:33.813602 Анализируем удаление/добавление файлов
INFO:root:Дата 2019-09-17 18:54:33.818391 Анализируем удаление/добавление файлов
INFO:root:Дата 2019-09-17 18:54:33.822165 Анализируем удаление/добавление файлов
INFO:root:Дата 2019-09-17 18:54:33.824627 Анализируем удаление/добавление файлов
INFO:root:Дата 2019-09-17 18:54:33.826971 Анализируем удаление/добавление файлов
INFO:root:Дата 2019-09-17 18:54:33.828829 Анализируем удаление/добавление файлов
INFO:root:Дата 2019-09-17 18:54:33.830702 Анализируем удаление/добавление файлов
INFO:root:Дата 2019-09-17 18:54:33.832780 Анализируем удаление/добавление файлов
INFO:root:Дата 2019-09-17 18:54:33.834922 Анализируем удаление/добавление файлов
INFO:root:Дата 2019-09-17 18:54:33.841868 Анализируем удаление/добавление файлов
INFO:root:Дата 2019-09-17 18:54:33.852037 Анализируем удаление/добавление файлов
INFO:root:Дата 2019-09-17 18:54:33.863590 Анализируем удаление/добавление файлов
INFO:root:Дата 2019-09-17 18:54:33.866027 Анализируем удаление/добавление файлов
INFO:root:Дата 2019-09-17 18:54:33.868497 Анализируем удаление/добавление файлов
INFO:root:Дата 2019-09-17 18:54:33.874157 Анализируем удаление/добавление файлов
INFO:root:Дата 2019-09-17 18:54:33.877189 Анализируем удаление/добавление файлов
INFO:root:Дата 2019-09-17 18:54:33.879233 Анализируем удаление/добавление файлов
INFO:root:Дата 2019-09-17 18:54:33.880856 Анализируем удаление/добавление файлов
INFO:root:Дата 2019-09-17 18:54:33.882958 Анализируем удаление/добавление файлов
INFO:root:Дата 2019-09-17 18:54:33.885305 Анализируем удаление/добавление файлов
INFO:root:Дата 2019-09-17 18:54:33.887860 Анализируем удаление/добавление файлов
INFO:root:Дата 2019-09-17 18:54:33.890400 Анализируем удаление/добавление файлов
INFO:root:Дата 2019-09-17 18:54:33.892641 Анализируем удаление/добавление файлов
INFO:root:Дата 2019-09-17 18:54:33.896250 Анализируем удаление/добавление файлов
INFO:root:Дата 2019-09-17 18:54:33.899724 Анализируем удаление/добавление файлов
INFO:root:Дата 2019-09-17 18:54:33.902653 Анализируем удаление/добавление файлов
INFO:root:Дата 2019-09-17 18:54:33.906289 Анализируем удаление/добавление файлов
INFO:root:Дата 2019-09-17 18:54:33.909191 Анализируем удаление/добавление файлов
INFO:root:Дата 2019-09-17 18:54:33.911418 Анализируем удаление/добавление файлов
INFO:root:Дата 2019-09-17 18:54:33.914275 Анализируем удаление/добавление файлов
INFO:root:Дата 2019-09-17 18:54:33.916305 Анализируем удаление/добавление файлов
INFO:root:Дата 2019-09-17 18:54:33.918863 Анализируем удаление/добавление файлов
INFO:root:Дата 2019-09-17 18:54:33.921409 Анализируем удаление/добавление файлов
INFO:root:Дата 2019-09-17 18:54:33.923702 Анализируем удаление/добавление файлов
INFO:root:Дата 2019-09-17 18:54:33.925763 Анализируем удаление/добавление файлов
INFO:root:Дата 2019-09-17 18:54:33.927809 Анализируем удаление/добавление файлов
INFO:root:Дата 2019-09-17 18:54:33.929892 Анализируем удаление/добавление файлов
INFO:root:Дата 2019-09-17 18:54:33.931830 Анализируем удаление/добавление файлов
INFO:root:Дата 2019-09-17 18:54:33.938075 Анализируем удаление/добавление файлов
INFO:root:Дата 2019-09-17 18:54:33.941349 Анализируем удаление/добавление файлов
INFO:root:Дата 2019-09-17 18:54:33.944281 Анализируем удаление/добавление файлов
INFO:root:Дата 2019-09-17 18:54:33.949082 Анализируем удаление/добавление файлов
INFO:root:Дата 2019-09-17 18:54:33.951884 Анализируем удаление/добавление файлов
INFO:root:Дата 2019-09-17 18:54:33.954301 Анализируем удаление/добавление файлов
INFO:root:Дата 2019-09-17 18:54:33.956394 Анализируем удаление/добавление файлов
INFO:root:Дата 2019-09-17 18:54:33.958549 Анализируем удаление/добавление файлов
INFO:root:Дата 2019-09-17 18:54:33.966713 Анализируем удаление/добавление файлов
INFO:root:Дата 2019-09-17 18:54:33.972486 Анализируем удаление/добавление файлов
INFO:root:Дата 2019-09-17 18:54:33.982508 Анализируем удаление/добавление файлов
INFO:root:Дата 2019-09-17 18:54:33.985005 Анализируем удаление/добавление файлов
INFO:root:Дата 2019-09-17 18:54:33.987296 Анализируем удаление/добавление файлов
INFO:root:Дата 2019-09-17 18:54:33.989834 Анализируем удаление/добавление файлов
INFO:root:Дата 2019-09-17 18:54:33.995274 Анализируем удаление/добавление файлов
INFO:root:Дата 2019-09-17 18:54:33.997515 Анализируем удаление/добавление файлов
INFO:root:Дата 2019-09-17 18:54:34.000647 Анализируем удаление/добавление файлов
INFO:root:Дата 2019-09-17 18:54:34.003677 Анализируем удаление/добавление файлов
INFO:root:Дата 2019-09-17 18:54:34.005788 Анализируем удаление/добавление файлов
INFO:root:Дата 2019-09-17 18:54:34.008037 Анализируем удаление/добавление файлов
INFO:root:Дата 2019-09-17 18:54:34.010388 Анализируем удаление/добавление файлов
INFO:root:Дата 2019-09-17 18:54:34.012489 Анализируем удаление/добавление файлов
INFO:root:Дата 2019-09-17 18:54:34.017738 Анализируем удаление/добавление файлов
INFO:root:Дата 2019-09-17 18:54:34.023646 Анализируем удаление/добавление файлов
INFO:root:Дата 2019-09-17 18:54:34.027559 Анализируем удаление/добавление файлов
INFO:root:Дата 2019-09-17 18:54:34.029722 Анализируем удаление/добавление файлов
INFO:root:Дата 2019-09-17 18:54:34.031697 Анализируем удаление/добавление файлов
INFO:root:Дата 2019-09-17 18:54:34.034379 Анализируем удаление/добавление файлов
INFO:root:Дата 2019-09-17 18:54:34.037243 Анализируем удаление/добавление файлов
INFO:root:Дата 2019-09-17 18:54:34.039237 Анализируем удаление/добавление файлов
INFO:root:Дата 2019-09-17 18:54:34.041363 Анализируем удаление/добавление файлов
INFO:root:Дата 2019-09-17 18:54:34.043856 Анализируем удаление/добавление файлов
INFO:root:Дата 2019-09-17 18:54:34.046052 Анализируем удаление/добавление файлов
INFO:root:Дата 2019-09-17 18:54:34.047977 Анализируем удаление/добавление файлов
INFO:root:Дата 2019-09-17 18:54:34.051266 Анализируем удаление/добавление файлов
INFO:root:Дата 2019-09-17 18:54:34.054941 Анализируем удаление/добавление файлов
INFO:root:Дата 2019-09-17 18:54:34.062601 Анализируем удаление/добавление файлов
INFO:root:Дата 2019-09-17 18:54:34.069101 Анализируем удаление/добавление файлов
INFO:root:Дата 2019-09-17 18:54:34.073778 Анализируем удаление/добавление файлов
INFO:root:Дата 2019-09-17 18:54:34.077787 Анализируем удаление/добавление файлов
INFO:root:Дата 2019-09-17 18:54:34.080699 Анализируем удаление/добавление файлов
INFO:root:Дата 2019-09-17 18:54:34.084271 Анализируем удаление/добавление файлов
INFO:root:Дата 2019-09-17 18:54:34.086809 Анализируем удаление/добавление файлов
INFO:root:Дата 2019-09-17 18:54:34.089259 Анализируем удаление/добавление файлов
INFO:root:Дата 2019-09-17 18:54:34.097438 Анализируем удаление/добавление файлов
INFO:root:Дата 2019-09-17 18:54:34.104656 Анализируем удаление/добавление файлов
INFO:root:Дата 2019-09-17 18:54:34.111360 Анализируем удаление/добавление файлов
INFO:root:Дата 2019-09-17 18:54:34.116127 Анализируем удаление/добавление файлов
INFO:root:Дата 2019-09-17 18:54:34.119827 Анализируем удаление/добавление файлов
INFO:root:Дата 2019-09-17 18:54:34.123102 Анализируем удаление/добавление файлов
INFO:root:Дата 2019-09-17 18:54:34.125494 Анализируем удаление/добавление файлов
INFO:root:Дата 2019-09-17 18:54:34.127424 Анализируем удаление/добавление файлов
INFO:root:Дата 2019-09-17 18:54:34.129694 Анализируем удаление/добавление файлов
INFO:root:Дата 2019-09-17 18:54:34.134198 Анализируем удаление/добавление файлов
INFO:root:Дата 2019-09-17 18:54:34.136741 Анализируем удаление/добавление файлов
INFO:root:Дата 2019-09-17 18:54:34.145147 Анализируем удаление/добавление файлов
INFO:root:Дата 2019-09-17 18:54:34.149676 Анализируем удаление/добавление файлов
INFO:root:Дата 2019-09-17 18:54:34.151886 Анализируем удаление/добавление файлов
INFO:root:Дата 2019-09-17 18:54:34.153989 Анализируем удаление/добавление файлов
INFO:root:Дата 2019-09-17 18:54:34.159039 Анализируем удаление/добавление файлов
INFO:root:Дата 2019-09-17 18:54:34.161571 Анализируем удаление/добавление файлов
INFO:root:Дата 2019-09-17 18:54:34.164690 Анализируем удаление/добавление файлов
INFO:root:Дата 2019-09-17 18:54:34.172579 Анализируем удаление/добавление файлов
INFO:root:Дата 2019-09-17 18:54:34.175534 Анализируем удаление/добавление файлов
INFO:root:Дата 2019-09-17 18:54:34.180352 Анализируем удаление/добавление файлов
INFO:root:Дата 2019-09-17 18:54:34.183531 Анализируем удаление/добавление файлов
INFO:root:Дата 2019-09-17 18:54:34.190670 Анализируем удаление/добавление файлов
INFO:root:Дата 2019-09-17 18:54:34.192717 Анализируем удаление/добавление файлов
INFO:root:Дата 2019-09-17 18:54:34.195145 Анализируем удаление/добавление файлов
INFO:root:Дата 2019-09-17 18:54:34.197362 Анализируем удаление/добавление файлов
INFO:root:Дата 2019-09-17 18:54:34.200245 Анализируем удаление/добавление файлов
INFO:root:Дата 2019-09-17 18:54:34.202888 Анализируем удаление/добавление файлов
INFO:root:Дата 2019-09-17 18:54:34.205265 Анализируем удаление/добавление файлов
INFO:root:Дата 2019-09-17 18:54:34.207732 Анализируем удаление/добавление файлов
INFO:root:Дата 2019-09-17 18:54:34.209848 Анализируем удаление/добавление файлов
INFO:root:Дата 2019-09-17 18:54:34.212220 Анализируем удаление/добавление файлов
INFO:root:Дата 2019-09-17 18:54:34.214307 Анализируем удаление/добавление файлов
INFO:root:Дата 2019-09-17 18:54:34.228456 Анализируем удаление/добавление файлов
INFO:root:Дата 2019-09-17 18:54:34.238256 Анализируем удаление/добавление файлов
INFO:root:Дата 2019-09-17 18:54:34.246433 Анализируем удаление/добавление файлов
INFO:root:Дата 2019-09-17 18:54:34.249652 Анализируем удаление/добавление файлов
INFO:root:Дата 2019-09-17 18:54:34.253231 Анализируем удаление/добавление файлов
INFO:root:Дата 2019-09-17 18:54:34.257413 Анализируем удаление/добавление файлов
INFO:root:Дата 2019-09-17 18:54:34.260413 Анализируем удаление/добавление файлов
INFO:root:Дата 2019-09-17 18:54:34.263003 Анализируем удаление/добавление файлов
INFO:root:Дата 2019-09-17 18:54:34.265189 Анализируем удаление/добавление файлов
INFO:root:Дата 2019-09-17 18:54:34.267321 Анализируем удаление/добавление файлов
INFO:root:Дата 2019-09-17 18:54:34.269266 Анализируем удаление/добавление файлов
INFO:root:Дата 2019-09-17 18:54:34.274948 Анализируем удаление/добавление файлов
INFO:root:Дата 2019-09-17 18:54:34.278341 Анализируем удаление/добавление файлов
INFO:root:Дата 2019-09-17 18:54:34.280424 Анализируем удаление/добавление файлов
INFO:root:Дата 2019-09-17 18:54:34.283103 Анализируем удаление/добавление файлов
INFO:root:Дата 2019-09-17 18:54:34.287781 Анализируем удаление/добавление файлов
INFO:root:Дата 2019-09-17 18:54:34.289946 Анализируем удаление/добавление файлов
INFO:root:Дата 2019-09-17 18:54:34.292035 Анализируем удаление/добавление файлов
INFO:root:Дата 2019-09-17 18:54:34.298177 Анализируем удаление/добавление файлов
INFO:root:Дата 2019-09-17 18:54:34.302181 Анализируем удаление/добавление файлов
INFO:root:Дата 2019-09-17 18:54:34.305290 Анализируем удаление/добавление файлов
INFO:root:Дата 2019-09-17 18:54:34.310944 Анализируем удаление/добавление файлов
INFO:root:Дата 2019-09-17 18:54:34.313503 Анализируем удаление/добавление файлов
INFO:root:Дата 2019-09-17 18:54:34.315621 Анализируем удаление/добавление файлов
INFO:root:Дата 2019-09-17 18:54:34.317937 Анализируем удаление/добавление файлов
INFO:root:Дата 2019-09-17 18:54:34.321222 Анализируем удаление/добавление файлов
INFO:root:Дата 2019-09-17 18:54:34.324295 Анализируем удаление/добавление файлов
INFO:root:Дата 2019-09-17 18:54:34.326325 Анализируем удаление/добавление файлов
INFO:root:Дата 2019-09-17 18:54:34.328175 Анализируем удаление/добавление файлов
INFO:root:Дата 2019-09-17 18:54:34.330209 Анализируем удаление/добавление файлов
INFO:root:Дата 2019-09-17 18:54:34.332452 Анализируем удаление/добавление файлов
INFO:root:Дата 2019-09-17 18:54:34.336739 Анализируем удаление/добавление файлов
INFO:root:Дата 2019-09-17 18:54:34.344477 Анализируем удаление/добавление файлов
INFO:root:Дата 2019-09-17 18:54:34.347486 Анализируем удаление/добавление файлов
INFO:root:Дата 2019-09-17 18:54:34.350252 Анализируем удаление/добавление файлов
INFO:root:Дата 2019-09-17 18:54:34.355861 Анализируем удаление/добавление файлов
INFO:root:Дата 2019-09-17 18:54:34.360743 Анализируем удаление/добавление файлов
INFO:root:Дата 2019-09-17 18:54:34.362859 Анализируем удаление/добавление файлов
INFO:root:Дата 2019-09-17 18:54:34.364948 Анализируем удаление/добавление файлов
INFO:root:Дата 2019-09-17 18:54:34.370259 Анализируем удаление/добавление файлов
INFO:root:Дата 2019-09-17 18:54:34.381617 Анализируем удаление/добавление файлов
INFO:root:Дата 2019-09-17 18:54:34.390388 Анализируем удаление/добавление файлов
INFO:root:Дата 2019-09-17 18:54:34.398116 Анализируем удаление/добавление файлов
INFO:root:Дата 2019-09-17 18:54:34.401861 Анализируем удаление/добавление файлов
INFO:root:Дата 2019-09-17 18:54:34.404575 Анализируем удаление/добавление файлов
INFO:root:Дата 2019-09-17 18:54:34.406627 Анализируем удаление/добавление файлов
INFO:root:Дата 2019-09-17 18:54:34.408658 Анализируем удаление/добавление файлов
INFO:root:Дата 2019-09-17 18:54:34.411184 Анализируем удаление/добавление файлов
INFO:root:Дата 2019-09-17 18:54:34.413219 Анализируем удаление/добавление файлов
INFO:root:Дата 2019-09-17 18:54:34.416235 Анализируем удаление/добавление файлов
INFO:root:Дата 2019-09-17 18:54:34.421457 Анализируем удаление/добавление файлов
INFO:root:Дата 2019-09-17 18:54:34.424655 Анализируем удаление/добавление файлов
INFO:root:Дата 2019-09-17 18:54:34.427624 Анализируем удаление/добавление файлов
INFO:root:Дата 2019-09-17 18:54:34.429861 Анализируем удаление/добавление файлов
INFO:root:Дата 2019-09-17 18:54:34.432054 Анализируем удаление/добавление файлов
INFO:root:Дата 2019-09-17 18:54:34.434894 Анализируем удаление/добавление файлов
INFO:root:Дата 2019-09-17 18:54:34.438324 Анализируем удаление/добавление файлов
INFO:root:Дата 2019-09-17 18:54:34.440804 Анализируем удаление/добавление файлов
INFO:root:Дата 2019-09-17 18:54:34.443529 Анализируем удаление/добавление файлов
INFO:root:Дата 2019-09-17 18:54:34.445794 Анализируем удаление/добавление файлов
INFO:root:Дата 2019-09-17 18:54:34.447794 Анализируем удаление/добавление файлов
INFO:root:Дата 2019-09-17 18:54:34.449604 Анализируем удаление/добавление файлов
INFO:root:Дата 2019-09-17 18:54:34.452146 Анализируем удаление/добавление файлов
INFO:root:Дата 2019-09-17 18:54:34.454383 Анализируем удаление/добавление файлов
INFO:root:Дата 2019-09-17 18:54:34.457354 Анализируем удаление/добавление файлов
INFO:root:Дата 2019-09-17 18:54:34.461223 Анализируем удаление/добавление файлов
INFO:root:Дата 2019-09-17 18:54:34.463656 Анализируем удаление/добавление файлов
INFO:root:Дата 2019-09-17 18:54:34.465600 Анализируем удаление/добавление файлов
INFO:root:Дата 2019-09-17 18:54:34.468992 Анализируем удаление/добавление файлов
INFO:root:Дата 2019-09-17 18:54:34.472177 Анализируем удаление/добавление файлов
INFO:root:Дата 2019-09-17 18:54:34.476728 Анализируем удаление/добавление файлов
INFO:root:Дата 2019-09-17 18:54:34.479051 Анализируем удаление/добавление файлов
INFO:root:Дата 2019-09-17 18:54:34.481661 Анализируем удаление/добавление файлов
INFO:root:Дата 2019-09-17 18:54:34.485593 Анализируем удаление/добавление файлов
INFO:root:Дата 2019-09-17 18:54:34.488460 Анализируем удаление/добавление файлов
INFO:root:Дата 2019-09-17 18:54:34.491459 Анализируем удаление/добавление файлов
INFO:root:Дата 2019-09-17 18:54:34.498314 Анализируем удаление/добавление файлов
INFO:root:Дата 2019-09-17 18:54:34.500909 Анализируем удаление/добавление файлов
INFO:root:Дата 2019-09-17 18:54:34.503931 Анализируем удаление/добавление файлов
INFO:root:Дата 2019-09-17 18:54:34.510720 Анализируем удаление/добавление файлов
INFO:root:Дата 2019-09-17 18:54:34.518152 Анализируем удаление/добавление файлов
INFO:root:Дата 2019-09-17 18:54:34.526685 Анализируем удаление/добавление файлов
INFO:root:Дата 2019-09-17 18:54:34.540974 Анализируем удаление/добавление файлов
INFO:root:Дата 2019-09-17 18:54:34.548769 Анализируем удаление/добавление файлов
INFO:root:Дата 2019-09-17 18:54:34.553370 Анализируем удаление/добавление файлов
INFO:root:Дата 2019-09-17 18:54:34.555729 Анализируем удаление/добавление файлов
INFO:root:Дата 2019-09-17 18:54:34.558612 Анализируем удаление/добавление файлов
INFO:root:Дата 2019-09-17 18:54:34.561140 Анализируем удаление/добавление файлов
INFO:root:Дата 2019-09-17 18:54:34.563286 Анализируем удаление/добавление файлов
INFO:root:Дата 2019-09-17 18:54:34.565066 Анализируем удаление/добавление файлов
INFO:root:Дата 2019-09-17 18:54:34.567237 Анализируем удаление/добавление файлов
INFO:root:Дата 2019-09-17 18:54:34.569627 Анализируем удаление/добавление файлов
INFO:root:Дата 2019-09-17 18:54:34.572219 Анализируем удаление/добавление файлов
INFO:root:Дата 2019-09-17 18:54:34.575209 Анализируем удаление/добавление файлов
INFO:root:Дата 2019-09-17 18:54:34.577231 Анализируем удаление/добавление файлов
INFO:root:Дата 2019-09-17 18:54:34.579559 Анализируем удаление/добавление файлов
INFO:root:Дата 2019-09-17 18:54:34.581550 Анализируем удаление/добавление файлов
INFO:root:Дата 2019-09-17 18:54:34.584012 Анализируем удаление/добавление файлов
INFO:root:Дата 2019-09-17 18:54:34.586475 Анализируем удаление/добавление файлов
INFO:root:Дата 2019-09-17 18:54:34.589009 Анализируем удаление/добавление файлов
INFO:root:Дата 2019-09-17 18:54:34.592517 Анализируем удаление/добавление файлов
INFO:root:Дата 2019-09-17 18:54:34.594668 Анализируем удаление/добавление файлов
INFO:root:Дата 2019-09-17 18:54:34.596678 Анализируем удаление/добавление файлов
INFO:root:Дата 2019-09-17 18:54:34.598447 Анализируем удаление/добавление файлов
INFO:root:Дата 2019-09-17 18:54:34.600952 Анализируем удаление/добавление файлов
INFO:root:Дата 2019-09-17 18:54:34.606875 Анализируем удаление/добавление файлов
INFO:root:Дата 2019-09-17 18:54:34.608938 Анализируем удаление/добавление файлов
INFO:root:Дата 2019-09-17 18:54:34.611376 Анализируем удаление/добавление файлов
INFO:root:Дата 2019-09-17 18:54:34.613304 Анализируем удаление/добавление файлов
INFO:root:Дата 2019-09-17 18:54:34.617270 Анализируем удаление/добавление файлов
INFO:root:Дата 2019-09-17 18:54:34.625658 Анализируем удаление/добавление файлов
INFO:root:Дата 2019-09-17 18:54:34.627959 Анализируем удаление/добавление файлов
INFO:root:Дата 2019-09-17 18:54:34.630215 Анализируем удаление/добавление файлов
INFO:root:Дата 2019-09-17 18:54:34.633366 Анализируем удаление/добавление файлов
INFO:root:Дата 2019-09-17 18:54:34.636079 Анализируем удаление/добавление файлов
INFO:root:Дата 2019-09-17 18:54:34.638637 Анализируем удаление/добавление файлов
INFO:root:Дата 2019-09-17 18:54:34.640671 Анализируем удаление/добавление файлов
INFO:root:Дата 2019-09-17 18:54:34.643872 Анализируем удаление/добавление файлов
INFO:root:Дата 2019-09-17 18:54:34.652016 Анализируем удаление/добавление файлов
INFO:root:Дата 2019-09-17 18:54:34.661593 Анализируем удаление/добавление файлов
INFO:root:Дата 2019-09-17 18:54:34.666828 Анализируем удаление/добавление файлов
INFO:root:Дата 2019-09-17 18:54:34.669281 Анализируем удаление/добавление файлов
INFO:root:Дата 2019-09-17 18:54:34.671669 Анализируем удаление/добавление файлов
INFO:root:Дата 2019-09-17 18:54:34.673875 Анализируем удаление/добавление файлов
INFO:root:Дата 2019-09-17 18:54:34.676231 Анализируем удаление/добавление файлов
INFO:root:Дата 2019-09-17 18:54:34.678362 Анализируем удаление/добавление файлов
INFO:root:Дата 2019-09-17 18:54:34.680504 Анализируем удаление/добавление файлов
INFO:root:Дата 2019-09-17 18:54:34.684598 Анализируем удаление/добавление файлов
INFO:root:Дата 2019-09-17 18:54:34.687166 Анализируем удаление/добавление файлов
INFO:root:Дата 2019-09-17 18:54:34.690343 Анализируем удаление/добавление файлов
INFO:root:Дата 2019-09-17 18:54:34.692460 Анализируем удаление/добавление файлов
INFO:root:Дата 2019-09-17 18:54:34.694541 Анализируем удаление/добавление файлов
INFO:root:Дата 2019-09-17 18:54:34.700547 Анализируем удаление/добавление файлов
INFO:root:Дата 2019-09-17 18:54:34.704501 Анализируем удаление/добавление файлов
INFO:root:Дата 2019-09-17 18:54:34.707271 Анализируем удаление/добавление файлов
INFO:root:Дата 2019-09-17 18:54:34.709846 Анализируем удаление/добавление файлов
INFO:root:Дата 2019-09-17 18:54:34.712397 Анализируем удаление/добавление файлов
INFO:root:Дата 2019-09-17 18:54:34.714245 Анализируем удаление/добавление файлов
INFO:root:Дата 2019-09-17 18:54:34.716452 Анализируем удаление/добавление файлов
INFO:root:Дата 2019-09-17 18:54:34.722401 Анализируем удаление/добавление файлов
INFO:root:Дата 2019-09-17 18:54:34.724488 Анализируем удаление/добавление файлов
INFO:root:Дата 2019-09-17 18:54:34.726750 Анализируем удаление/добавление файлов
INFO:root:Дата 2019-09-17 18:54:34.729225 Анализируем удаление/добавление файлов
INFO:root:Дата 2019-09-17 18:54:34.731901 Анализируем удаление/добавление файлов
INFO:root:Дата 2019-09-17 18:54:34.738685 Анализируем удаление/добавление файлов
INFO:root:Дата 2019-09-17 18:54:34.741728 Анализируем удаление/добавление файлов
INFO:root:Дата 2019-09-17 18:54:34.746623 Анализируем удаление/добавление файлов
INFO:root:Дата 2019-09-17 18:54:34.748915 Анализируем удаление/добавление файлов
INFO:root:Дата 2019-09-17 18:54:34.751609 Анализируем удаление/добавление файлов
INFO:root:Дата 2019-09-17 18:54:34.755026 Анализируем удаление/добавление файлов
INFO:root:Дата 2019-09-17 18:54:34.757282 Анализируем удаление/добавление файлов
INFO:root:Дата 2019-09-17 18:54:34.759700 Анализируем удаление/добавление файлов
INFO:root:Дата 2019-09-17 18:54:34.761600 Анализируем удаление/добавление файлов
INFO:root:Дата 2019-09-17 18:54:34.763566 Анализируем удаление/добавление файлов
INFO:root:Дата 2019-09-17 18:54:34.765678 Анализируем удаление/добавление файлов
INFO:root:Дата 2019-09-17 18:54:34.768295 Анализируем удаление/добавление файлов
INFO:root:Дата 2019-09-17 18:54:34.771919 Анализируем удаление/добавление файлов
INFO:root:Дата 2019-09-17 18:54:34.773855 Анализируем удаление/добавление файлов
INFO:root:Дата 2019-09-17 18:54:34.777914 Анализируем удаление/добавление файлов
INFO:root:Дата 2019-09-17 18:54:34.789084 Анализируем удаление/добавление файлов
INFO:root:Дата 2019-09-17 18:54:34.793291 Анализируем удаление/добавление файлов
INFO:root:Дата 2019-09-17 18:54:34.800539 Анализируем удаление/добавление файлов
INFO:root:Дата 2019-09-17 18:54:34.805318 Анализируем удаление/добавление файлов
INFO:root:Дата 2019-09-17 18:54:34.807473 Анализируем удаление/добавление файлов
INFO:root:Дата 2019-09-17 18:54:34.809457 Анализируем удаление/добавление файлов
INFO:root:Дата 2019-09-17 18:54:34.811447 Анализируем удаление/добавление файлов
INFO:root:Дата 2019-09-17 18:54:34.813886 Анализируем удаление/добавление файлов
INFO:root:Дата 2019-09-17 18:54:34.817286 Анализируем удаление/добавление файлов
INFO:root:Дата 2019-09-17 18:54:34.822910 Анализируем удаление/добавление файлов
INFO:root:Дата 2019-09-17 18:54:34.825114 Анализируем удаление/добавление файлов
INFO:root:Дата 2019-09-17 18:54:34.826924 Анализируем удаление/добавление файлов
INFO:root:Дата 2019-09-17 18:54:34.828870 Анализируем удаление/добавление файлов
INFO:root:Дата 2019-09-17 18:54:34.830958 Анализируем удаление/добавление файлов
INFO:root:Дата 2019-09-17 18:54:34.834830 Анализируем удаление/добавление файлов
INFO:root:Дата 2019-09-17 18:54:34.837214 Анализируем удаление/добавление файлов
INFO:root:Дата 2019-09-17 18:54:34.839187 Анализируем удаление/добавление файлов
INFO:root:Дата 2019-09-17 18:54:34.841605 Анализируем удаление/добавление файлов
INFO:root:Дата 2019-09-17 18:54:34.843906 Анализируем удаление/добавление файлов
INFO:root:Дата 2019-09-17 18:54:34.846164 Анализируем удаление/добавление файлов
INFO:root:Дата 2019-09-17 18:54:34.848150 Анализируем удаление/добавление файлов
INFO:root:Дата 2019-09-17 18:54:34.850029 Анализируем удаление/добавление файлов
INFO:root:Дата 2019-09-17 18:54:34.851843 Анализируем удаление/добавление файлов
INFO:root:Дата 2019-09-17 18:54:34.853939 Анализируем удаление/добавление файлов
INFO:root:Дата 2019-09-17 18:54:34.857217 Анализируем удаление/добавление файлов
INFO:root:Дата 2019-09-17 18:54:34.859310 Анализируем удаление/добавление файлов
INFO:root:Дата 2019-09-17 18:54:34.861297 Анализируем удаление/добавление файлов
INFO:root:Дата 2019-09-17 18:54:34.863594 Анализируем удаление/добавление файлов
INFO:root:Дата 2019-09-17 18:54:34.865648 Анализируем удаление/добавление файлов
INFO:root:Дата 2019-09-17 18:54:34.867733 Анализируем удаление/добавление файлов
INFO:root:Дата 2019-09-17 18:54:34.869623 Анализируем удаление/добавление файлов
INFO:root:Дата 2019-09-17 18:54:34.872018 Анализируем удаление/добавление файлов
INFO:root:Дата 2019-09-17 18:54:34.875150 Анализируем удаление/добавление файлов
INFO:root:Дата 2019-09-17 18:54:34.877182 Анализируем удаление/добавление файлов
INFO:root:Дата 2019-09-17 18:54:34.879282 Анализируем удаление/добавление файлов
INFO:root:Дата 2019-09-17 18:54:34.881331 Анализируем удаление/добавление файлов
INFO:root:Дата 2019-09-17 18:54:34.883772 Анализируем удаление/добавление файлов
INFO:root:Дата 2019-09-17 18:54:34.887290 Анализируем удаление/добавление файлов
INFO:root:Дата 2019-09-17 18:54:34.889523 Анализируем удаление/добавление файлов
INFO:root:Дата 2019-09-17 18:54:34.895783 Анализируем удаление/добавление файлов
INFO:root:Дата 2019-09-17 18:54:34.898518 Анализируем удаление/добавление файлов
INFO:root:Дата 2019-09-17 18:54:34.902607 Анализируем удаление/добавление файлов
INFO:root:Дата 2019-09-17 18:54:34.905540 Анализируем удаление/добавление файлов
INFO:root:Дата 2019-09-17 18:54:34.908709 Анализируем удаление/добавление файлов
INFO:root:Дата 2019-09-17 18:54:34.910900 Анализируем удаление/добавление файлов
INFO:root:Дата 2019-09-17 18:54:34.915247 Анализируем удаление/добавление файлов
INFO:root:Дата 2019-09-17 18:54:34.918074 Анализируем удаление/добавление файлов
INFO:root:Дата 2019-09-17 18:54:34.921482 Анализируем удаление/добавление файлов
INFO:root:Дата 2019-09-17 18:54:34.923700 Анализируем удаление/добавление файлов
INFO:root:Дата 2019-09-17 18:54:34.926478 Анализируем удаление/добавление файлов
INFO:root:Дата 2019-09-17 18:54:34.929625 Анализируем удаление/добавление файлов
INFO:root:Дата 2019-09-17 18:54:34.932382 Анализируем удаление/добавление файлов
INFO:root:Дата 2019-09-17 18:54:34.952337 Анализируем удаление/добавление файлов
INFO:root:Дата 2019-09-17 18:54:34.959922 Анализируем удаление/добавление файлов
INFO:root:Дата 2019-09-17 18:54:34.967635 Анализируем удаление/добавление файлов
INFO:root:Дата 2019-09-17 18:54:34.970908 Анализируем удаление/добавление файлов
INFO:root:Дата 2019-09-17 18:54:34.973079 Анализируем удаление/добавление файлов
INFO:root:Дата 2019-09-17 18:54:34.976424 Анализируем удаление/добавление файлов
INFO:root:Дата 2019-09-17 18:54:34.979149 Анализируем удаление/добавление файлов
INFO:root:Дата 2019-09-17 18:54:34.981722 Анализируем удаление/добавление файлов
INFO:root:Дата 2019-09-17 18:54:34.984747 Анализируем удаление/добавление файлов
INFO:root:Дата 2019-09-17 18:54:34.987525 Анализируем удаление/добавление файлов
INFO:root:Дата 2019-09-17 18:54:34.990301 Анализируем удаление/добавление файлов
INFO:root:Дата 2019-09-17 18:54:34.993671 Анализируем удаление/добавление файлов
INFO:root:Дата 2019-09-17 18:54:34.996614 Анализируем удаление/добавление файлов
INFO:root:Дата 2019-09-17 18:54:34.998632 Анализируем удаление/добавление файлов
INFO:root:Дата 2019-09-17 18:54:35.001606 Анализируем удаление/добавление файлов
INFO:root:Дата 2019-09-17 18:54:35.004253 Анализируем удаление/добавление файлов
INFO:root:Дата 2019-09-17 18:54:35.006335 Анализируем удаление/добавление файлов
INFO:root:Дата 2019-09-17 18:54:35.008625 Анализируем удаление/добавление файлов
INFO:root:Дата 2019-09-17 18:54:35.010838 Анализируем удаление/добавление файлов
INFO:root:Дата 2019-09-17 18:54:35.012849 Анализируем удаление/добавление файлов
INFO:root:Дата 2019-09-17 18:54:35.015959 Анализируем удаление/добавление файлов
INFO:root:Дата 2019-09-17 18:54:35.018281 Анализируем удаление/добавление файлов
INFO:root:Дата 2019-09-17 18:54:35.024618 Анализируем удаление/добавление файлов
INFO:root:Дата 2019-09-17 18:54:35.026652 Анализируем удаление/добавление файлов
INFO:root:Дата 2019-09-17 18:54:35.028701 Анализируем удаление/добавление файлов
INFO:root:Дата 2019-09-17 18:54:35.030783 Анализируем удаление/добавление файлов
INFO:root:Дата 2019-09-17 18:54:35.033426 Анализируем удаление/добавление файлов
INFO:root:Дата 2019-09-17 18:54:35.038550 Анализируем удаление/добавление файлов
INFO:root:Дата 2019-09-17 18:54:35.040821 Анализируем удаление/добавление файлов
INFO:root:Дата 2019-09-17 18:54:35.042737 Анализируем удаление/добавление файлов
INFO:root:Дата 2019-09-17 18:54:35.044808 Анализируем удаление/добавление файлов
INFO:root:Дата 2019-09-17 18:54:35.047163 Анализируем удаление/добавление файлов
INFO:root:Дата 2019-09-17 18:54:35.049084 Анализируем удаление/добавление файлов
INFO:root:Дата 2019-09-17 18:54:35.051239 Анализируем удаление/добавление файлов
INFO:root:Дата 2019-09-17 18:54:35.053519 Анализируем удаление/добавление файлов
INFO:root:Дата 2019-09-17 18:54:35.056106 Анализируем удаление/добавление файлов
INFO:root:Дата 2019-09-17 18:54:35.058641 Анализируем удаление/добавление файлов
INFO:root:Дата 2019-09-17 18:54:35.061302 Анализируем удаление/добавление файлов
INFO:root:Дата 2019-09-17 18:54:35.063633 Анализируем удаление/добавление файлов
INFO:root:Дата 2019-09-17 18:54:35.065986 Анализируем удаление/добавление файлов
INFO:root:Дата 2019-09-17 18:54:35.068334 Анализируем удаление/добавление файлов
INFO:root:Дата 2019-09-17 18:54:35.070552 Анализируем удаление/добавление файлов
INFO:root:Дата 2019-09-17 18:54:35.072699 Анализируем удаление/добавление файлов
INFO:root:Дата 2019-09-17 18:54:35.075719 Анализируем удаление/добавление файлов
INFO:root:Дата 2019-09-17 18:54:35.077921 Анализируем удаление/добавление файлов
INFO:root:Дата 2019-09-17 18:54:35.080165 Анализируем удаление/добавление файлов
INFO:root:Дата 2019-09-17 18:54:35.092843 Анализируем удаление/добавление файлов
INFO:root:Дата 2019-09-17 18:54:35.106445 Анализируем удаление/добавление файлов
INFO:root:Дата 2019-09-17 18:54:35.109556 Анализируем удаление/добавление файлов
INFO:root:Дата 2019-09-17 18:54:35.117120 Анализируем удаление/добавление файлов
INFO:root:Дата 2019-09-17 18:54:35.121289 Анализируем удаление/добавление файлов
INFO:root:Дата 2019-09-17 18:54:35.126650 Анализируем удаление/добавление файлов
INFO:root:Дата 2019-09-17 18:54:35.129430 Анализируем удаление/добавление файлов
INFO:root:Дата 2019-09-17 18:54:35.131607 Анализируем удаление/добавление файлов
INFO:root:Дата 2019-09-17 18:54:35.133995 Анализируем удаление/добавление файлов
INFO:root:Дата 2019-09-17 18:54:35.137357 Анализируем удаление/добавление файлов
INFO:root:Дата 2019-09-17 18:54:35.139649 Анализируем удаление/добавление файлов
INFO:root:Дата 2019-09-17 18:54:35.143003 Анализируем удаление/добавление файлов
INFO:root:Дата 2019-09-17 18:54:35.145850 Анализируем удаление/добавление файлов
INFO:root:Дата 2019-09-17 18:54:35.148521 Анализируем удаление/добавление файлов
INFO:root:Дата 2019-09-17 18:54:35.153299 Анализируем удаление/добавление файлов
INFO:root:Дата 2019-09-17 18:54:35.156044 Анализируем удаление/добавление файлов
INFO:root:Дата 2019-09-17 18:54:35.158248 Анализируем удаление/добавление файлов
INFO:root:Дата 2019-09-17 18:54:35.160615 Анализируем удаление/добавление файлов
INFO:root:Дата 2019-09-17 18:54:35.162908 Анализируем удаление/добавление файлов
INFO:root:Дата 2019-09-17 18:54:35.164888 Анализируем удаление/добавление файлов
INFO:root:Дата 2019-09-17 18:54:35.167263 Анализируем удаление/добавление файлов
INFO:root:Дата 2019-09-17 18:54:35.169422 Анализируем удаление/добавление файлов
INFO:root:Дата 2019-09-17 18:54:35.171891 Анализируем удаление/добавление файлов
INFO:root:Дата 2019-09-17 18:54:35.173910 Анализируем удаление/добавление файлов
INFO:root:Дата 2019-09-17 18:54:35.178349 Анализируем удаление/добавление файлов
INFO:root:Дата 2019-09-17 18:54:35.181577 Анализируем удаление/добавление файлов
INFO:root:Дата 2019-09-17 18:54:35.186144 Анализируем удаление/добавление файлов
INFO:root:Дата 2019-09-17 18:54:35.189033 Анализируем удаление/добавление файлов
INFO:root:Дата 2019-09-17 18:54:35.191710 Анализируем удаление/добавление файлов
INFO:root:Дата 2019-09-17 18:54:35.193772 Анализируем удаление/добавление файлов
INFO:root:Дата 2019-09-17 18:54:35.195624 Анализируем удаление/добавление файлов
INFO:root:Дата 2019-09-17 18:54:35.197543 Анализируем удаление/добавление файлов
INFO:root:Дата 2019-09-17 18:54:35.199934 Анализируем удаление/добавление файлов
INFO:root:Дата 2019-09-17 18:54:35.201924 Анализируем удаление/добавление файлов
INFO:root:Дата 2019-09-17 18:54:35.204193 Анализируем удаление/добавление файлов
INFO:root:Дата 2019-09-17 18:54:35.206173 Анализируем удаление/добавление файлов
INFO:root:Дата 2019-09-17 18:54:35.208161 Анализируем удаление/добавление файлов
INFO:root:Дата 2019-09-17 18:54:35.211055 Анализируем удаление/добавление файлов
INFO:root:Дата 2019-09-17 18:54:35.213166 Анализируем удаление/добавление файлов
INFO:root:Дата 2019-09-17 18:54:35.216093 Анализируем удаление/добавление файлов
INFO:root:Дата 2019-09-17 18:54:35.218289 Анализируем удаление/добавление файлов
INFO:root:Дата 2019-09-17 18:54:35.223129 Анализируем удаление/добавление файлов
INFO:root:Дата 2019-09-17 18:54:35.225899 Анализируем удаление/добавление файлов
INFO:root:Дата 2019-09-17 18:54:35.228017 Анализируем удаление/добавление файлов
INFO:root:Дата 2019-09-17 18:54:35.230148 Анализируем удаление/добавление файлов
INFO:root:Дата 2019-09-17 18:54:35.233238 Анализируем удаление/добавление файлов
INFO:root:Дата 2019-09-17 18:54:35.235467 Анализируем удаление/добавление файлов
INFO:root:Дата 2019-09-17 18:54:35.237888 Анализируем удаление/добавление файлов
INFO:root:Дата 2019-09-17 18:54:35.240252 Анализируем удаление/добавление файлов
INFO:root:Дата 2019-09-17 18:54:35.242153 Анализируем удаление/добавление файлов
INFO:root:Дата 2019-09-17 18:54:35.244110 Анализируем удаление/добавление файлов
INFO:root:Дата 2019-09-17 18:54:35.245872 Анализируем удаление/добавление файлов
INFO:root:Дата 2019-09-17 18:54:35.248128 Анализируем удаление/добавление файлов
INFO:root:Дата 2019-09-17 18:54:35.250192 Анализируем удаление/добавление файлов
INFO:root:Дата 2019-09-17 18:54:35.252473 Анализируем удаление/добавление файлов
INFO:root:Дата 2019-09-17 18:54:35.254702 Анализируем удаление/добавление файлов
INFO:root:Дата 2019-09-17 18:54:35.257274 Анализируем удаление/добавление файлов
INFO:root:Дата 2019-09-17 18:54:35.263670 Анализируем удаление/добавление файлов
INFO:root:Дата 2019-09-17 18:54:35.275352 Анализируем удаление/добавление файлов
INFO:root:Дата 2019-09-17 18:54:35.281681 Анализируем удаление/добавление файлов
INFO:root:Дата 2019-09-17 18:54:35.284927 Анализируем удаление/добавление файлов
INFO:root:Дата 2019-09-17 18:54:35.289827 Анализируем удаление/добавление файлов
INFO:root:Дата 2019-09-17 18:54:35.291926 Анализируем удаление/добавление файлов
INFO:root:Дата 2019-09-17 18:54:35.293831 Анализируем удаление/добавление файлов
INFO:root:Дата 2019-09-17 18:54:35.298376 Анализируем удаление/добавление файлов
INFO:root:Дата 2019-09-17 18:54:35.301724 Анализируем удаление/добавление файлов
INFO:root:Дата 2019-09-17 18:54:35.307948 Анализируем удаление/добавление файлов
INFO:root:Дата 2019-09-17 18:54:35.310101 Анализируем удаление/добавление файлов
INFO:root:Дата 2019-09-17 18:54:35.312413 Анализируем удаление/добавление файлов
INFO:root:Дата 2019-09-17 18:54:35.314480 Анализируем удаление/добавление файлов
INFO:root:Дата 2019-09-17 18:54:35.319841 Анализируем удаление/добавление файлов
INFO:root:Дата 2019-09-17 18:54:35.322040 Анализируем удаление/добавление файлов
INFO:root:Дата 2019-09-17 18:54:35.325015 Анализируем удаление/добавление файлов
INFO:root:Дата 2019-09-17 18:54:35.327712 Анализируем удаление/добавление файлов
INFO:root:Дата 2019-09-17 18:54:35.330309 Анализируем удаление/добавление файлов
INFO:root:Дата 2019-09-17 18:54:35.332422 Анализируем удаление/добавление файлов
INFO:root:Дата 2019-09-17 18:54:35.338073 Анализируем удаление/добавление файлов
INFO:root:Дата 2019-09-17 18:54:35.341401 Анализируем удаление/добавление файлов
INFO:root:Дата 2019-09-17 18:54:35.344639 Анализируем удаление/добавление файлов
INFO:root:Дата 2019-09-17 18:54:35.347819 Анализируем удаление/добавление файлов
INFO:root:Дата 2019-09-17 18:54:35.350355 Анализируем удаление/добавление файлов
INFO:root:Дата 2019-09-17 18:54:35.352951 Анализируем удаление/добавление файлов
INFO:root:Дата 2019-09-17 18:54:35.356488 Анализируем удаление/добавление файлов
INFO:root:Дата 2019-09-17 18:54:35.359394 Анализируем удаление/добавление файлов
INFO:root:Дата 2019-09-17 18:54:35.361418 Анализируем удаление/добавление файлов
INFO:root:Дата 2019-09-17 18:54:35.363932 Анализируем удаление/добавление файлов
INFO:root:Дата 2019-09-17 18:54:35.366702 Анализируем удаление/добавление файлов
INFO:root:Дата 2019-09-17 18:54:35.369698 Анализируем удаление/добавление файлов
INFO:root:Дата 2019-09-17 18:54:35.372902 Анализируем удаление/добавление файлов
INFO:root:Дата 2019-09-17 18:54:35.383742 Анализируем удаление/добавление файлов
INFO:root:Дата 2019-09-17 18:54:35.386750 Анализируем удаление/добавление файлов
INFO:root:Дата 2019-09-17 18:54:35.389712 Анализируем удаление/добавление файлов
INFO:root:Дата 2019-09-17 18:54:35.392397 Анализируем удаление/добавление файлов
INFO:root:Дата 2019-09-17 18:54:35.394640 Анализируем удаление/добавление файлов
INFO:root:Дата 2019-09-17 18:54:35.398984 Анализируем удаление/добавление файлов
INFO:root:Дата 2019-09-17 18:54:35.401654 Анализируем удаление/добавление файлов
INFO:root:Дата 2019-09-17 18:54:35.404169 Анализируем удаление/добавление файлов
INFO:root:Дата 2019-09-17 18:54:35.406046 Анализируем удаление/добавление файлов
INFO:root:Дата 2019-09-17 18:54:35.408025 Анализируем удаление/добавление файлов
INFO:root:Дата 2019-09-17 18:54:35.409931 Анализируем удаление/добавление файлов
INFO:root:Дата 2019-09-17 18:54:35.412757 Анализируем удаление/добавление файлов
INFO:root:Дата 2019-09-17 18:54:35.415102 Анализируем удаление/добавление файлов
INFO:root:Дата 2019-09-17 18:54:35.418527 Анализируем удаление/добавление файлов
INFO:root:Дата 2019-09-17 18:54:35.421330 Анализируем удаление/добавление файлов
INFO:root:Дата 2019-09-17 18:54:35.425987 Анализируем удаление/добавление файлов
INFO:root:Дата 2019-09-17 18:54:35.433304 Анализируем удаление/добавление файлов
INFO:root:Дата 2019-09-17 18:54:35.440795 Анализируем удаление/добавление файлов
INFO:root:Дата 2019-09-17 18:54:35.449111 Анализируем удаление/добавление файлов
INFO:root:Дата 2019-09-17 18:54:35.452920 Анализируем удаление/добавление файлов
INFO:root:Дата 2019-09-17 18:54:35.456822 Анализируем удаление/добавление файлов
INFO:root:Дата 2019-09-17 18:54:35.460355 Анализируем удаление/добавление файлов
INFO:root:Дата 2019-09-17 18:54:35.462531 Анализируем удаление/добавление файлов
INFO:root:Дата 2019-09-17 18:54:35.464522 Анализируем удаление/добавление файлов
INFO:root:Дата 2019-09-17 18:54:35.466619 Анализируем удаление/добавление файлов
INFO:root:Дата 2019-09-17 18:54:35.468496 Анализируем удаление/добавление файлов
INFO:root:Дата 2019-09-17 18:54:35.471159 Анализируем удаление/добавление файлов
INFO:root:Дата 2019-09-17 18:54:35.473443 Анализируем удаление/добавление файлов
INFO:root:Дата 2019-09-17 18:54:35.475811 Анализируем удаление/добавление файлов
INFO:root:Дата 2019-09-17 18:54:35.477731 Анализируем удаление/добавление файлов
INFO:root:Дата 2019-09-17 18:54:35.480058 Анализируем удаление/добавление файлов
INFO:root:Дата 2019-09-17 18:54:35.482561 Анализируем удаление/добавление файлов
INFO:root:Дата 2019-09-17 18:54:35.485342 Анализируем удаление/добавление файлов
INFO:root:Дата 2019-09-17 18:54:35.487845 Анализируем удаление/добавление файлов
INFO:root:Дата 2019-09-17 18:54:35.490109 Анализируем удаление/добавление файлов
INFO:root:Дата 2019-09-17 18:54:35.492962 Анализируем удаление/добавление файлов
INFO:root:Дата 2019-09-17 18:54:35.496583 Анализируем удаление/добавление файлов
INFO:root:Дата 2019-09-17 18:54:35.500789 Анализируем удаление/добавление файлов
INFO:root:Дата 2019-09-17 18:54:35.504139 Анализируем удаление/добавление файлов
INFO:root:Дата 2019-09-17 18:54:35.507889 Анализируем удаление/добавление файлов
INFO:root:Дата 2019-09-17 18:54:35.510888 Анализируем удаление/добавление файлов
INFO:root:Дата 2019-09-17 18:54:35.513639 Анализируем удаление/добавление файлов
INFO:root:Дата 2019-09-17 18:54:35.517183 Анализируем удаление/добавление файлов
INFO:root:Дата 2019-09-17 18:54:35.519357 Анализируем удаление/добавление файлов
INFO:root:Дата 2019-09-17 18:54:35.521982 Анализируем удаление/добавление файлов
INFO:root:Дата 2019-09-17 18:54:35.524144 Анализируем удаление/добавление файлов
INFO:root:Дата 2019-09-17 18:54:35.526491 Анализируем удаление/добавление файлов
INFO:root:Дата 2019-09-17 18:54:35.529102 Анализируем удаление/добавление файлов
INFO:root:Дата 2019-09-17 18:54:35.531022 Анализируем удаление/добавление файлов
INFO:root:Дата 2019-09-17 18:54:35.532871 Анализируем удаление/добавление файлов
INFO:root:Дата 2019-09-17 18:54:35.539442 Анализируем удаление/добавление файлов
INFO:root:Дата 2019-09-17 18:54:35.544579 Анализируем удаление/добавление файлов
INFO:root:Дата 2019-09-17 18:54:35.546996 Анализируем удаление/добавление файлов
INFO:root:Дата 2019-09-17 18:54:35.550768 Анализируем удаление/добавление файлов
INFO:root:Дата 2019-09-17 18:54:35.553048 Анализируем удаление/добавление файлов
INFO:root:Дата 2019-09-17 18:54:35.555726 Анализируем удаление/добавление файлов
INFO:root:Дата 2019-09-17 18:54:35.558580 Анализируем удаление/добавление файлов
INFO:root:Дата 2019-09-17 18:54:35.561692 Анализируем удаление/добавление файлов
INFO:root:Дата 2019-09-17 18:54:35.564101 Анализируем удаление/добавление файлов
INFO:root:Дата 2019-09-17 18:54:35.565929 Анализируем удаление/добавление файлов
INFO:root:Дата 2019-09-17 18:54:35.568486 Анализируем удаление/добавление файлов
INFO:root:Дата 2019-09-17 18:54:35.572163 Анализируем удаление/добавление файлов
INFO:root:Дата 2019-09-17 18:54:35.581272 Анализируем удаление/добавление файлов
INFO:root:Дата 2019-09-17 18:54:35.584167 Анализируем удаление/добавление файлов
INFO:root:Дата 2019-09-17 18:54:35.595036 Анализируем удаление/добавление файлов
INFO:root:Дата 2019-09-17 18:54:35.605385 Анализируем удаление/добавление файлов
INFO:root:Дата 2019-09-17 18:54:35.612544 Анализируем удаление/добавление файлов
INFO:root:Дата 2019-09-17 18:54:35.616706 Анализируем удаление/добавление файлов
INFO:root:Дата 2019-09-17 18:54:35.619864 Анализируем удаление/добавление файлов
INFO:root:Дата 2019-09-17 18:54:35.622581 Анализируем удаление/добавление файлов
INFO:root:Дата 2019-09-17 18:54:35.625451 Анализируем удаление/добавление файлов
INFO:root:Дата 2019-09-17 18:54:35.628357 Анализируем удаление/добавление файлов
INFO:root:Дата 2019-09-17 18:54:35.630860 Анализируем удаление/добавление файлов
INFO:root:Дата 2019-09-17 18:54:35.633595 Анализируем удаление/добавление файлов
INFO:root:Дата 2019-09-17 18:54:35.636522 Анализируем удаление/добавление файлов
INFO:root:Дата 2019-09-17 18:54:35.638738 Анализируем удаление/добавление файлов
INFO:root:Дата 2019-09-17 18:54:35.640957 Анализируем удаление/добавление файлов
INFO:root:Дата 2019-09-17 18:54:35.645244 Анализируем удаление/добавление файлов
INFO:root:Дата 2019-09-17 18:54:35.647265 Анализируем удаление/добавление файлов
INFO:root:Дата 2019-09-17 18:54:35.649261 Анализируем удаление/добавление файлов
INFO:root:Дата 2019-09-17 18:54:35.651436 Анализируем удаление/добавление файлов
INFO:root:Дата 2019-09-17 18:54:35.653639 Анализируем удаление/добавление файлов
INFO:root:Дата 2019-09-17 18:54:35.656655 Анализируем удаление/добавление файлов
INFO:root:Дата 2019-09-17 18:54:35.658877 Анализируем удаление/добавление файлов
INFO:root:Дата 2019-09-17 18:54:35.661259 Анализируем удаление/добавление файлов
INFO:root:Дата 2019-09-17 18:54:35.663963 Анализируем удаление/добавление файлов
INFO:root:Дата 2019-09-17 18:54:35.665892 Анализируем удаление/добавление файлов
INFO:root:Дата 2019-09-17 18:54:35.668034 Анализируем удаление/добавление файлов
INFO:root:Дата 2019-09-17 18:54:35.670150 Анализируем удаление/добавление файлов
INFO:root:Дата 2019-09-17 18:54:35.672562 Анализируем удаление/добавление файлов
INFO:root:Дата 2019-09-17 18:54:35.676308 Анализируем удаление/добавление файлов
INFO:root:Дата 2019-09-17 18:54:35.678440 Анализируем удаление/добавление файлов
INFO:root:Дата 2019-09-17 18:54:35.680364 Анализируем удаление/добавление файлов
INFO:root:Дата 2019-09-17 18:54:35.683482 Анализируем удаление/добавление файлов
INFO:root:Дата 2019-09-17 18:54:35.687299 Анализируем удаление/добавление файлов
INFO:root:Дата 2019-09-17 18:54:35.689356 Анализируем удаление/добавление файлов
INFO:root:Дата 2019-09-17 18:54:35.691758 Анализируем удаление/добавление файлов
INFO:root:Дата 2019-09-17 18:54:35.693607 Анализируем удаление/добавление файлов
INFO:root:Дата 2019-09-17 18:54:35.697232 Анализируем удаление/добавление файлов
INFO:root:Дата 2019-09-17 18:54:35.700233 Анализируем удаление/добавление файлов
INFO:root:Дата 2019-09-17 18:54:35.706532 Анализируем удаление/добавление файлов
INFO:root:Дата 2019-09-17 18:54:35.709025 Анализируем удаление/добавление файлов
INFO:root:Дата 2019-09-17 18:54:35.711620 Анализируем удаление/добавление файлов
INFO:root:Дата 2019-09-17 18:54:35.713575 Анализируем удаление/добавление файлов
INFO:root:Дата 2019-09-17 18:54:35.715790 Анализируем удаление/добавление файлов
INFO:root:Дата 2019-09-17 18:54:35.718694 Анализируем удаление/добавление файлов
INFO:root:Дата 2019-09-17 18:54:35.722352 Анализируем удаление/добавление файлов
INFO:root:Дата 2019-09-17 18:54:35.725120 Анализируем удаление/добавление файлов
INFO:root:Дата 2019-09-17 18:54:35.727633 Анализируем удаление/добавление файлов
INFO:root:Дата 2019-09-17 18:54:35.730388 Анализируем удаление/добавление файлов
INFO:root:Дата 2019-09-17 18:54:35.744536 Анализируем удаление/добавление файлов
INFO:root:Дата 2019-09-17 18:54:35.747361 Анализируем удаление/добавление файлов
INFO:root:Дата 2019-09-17 18:54:35.750171 Анализируем удаление/добавление файлов
INFO:root:Дата 2019-09-17 18:54:35.777115 Анализируем удаление/добавление файлов
INFO:root:Дата 2019-09-17 18:54:35.846492 Анализируем удаление/добавление файлов
INFO:root:Дата 2019-09-17 18:54:35.849485 Анализируем удаление/добавление файлов
INFO:root:Дата 2019-09-17 18:54:35.851982 Анализируем удаление/добавление файлов
INFO:root:Дата 2019-09-17 18:54:35.854011 Анализируем удаление/добавление файлов
INFO:root:Дата 2019-09-17 18:54:35.856558 Анализируем удаление/добавление файлов
INFO:root:Дата 2019-09-17 18:54:35.859088 Анализируем удаление/добавление файлов
INFO:root:Дата 2019-09-17 18:54:35.861315 Анализируем удаление/добавление файлов
INFO:root:Дата 2019-09-17 18:54:35.863195 Анализируем удаление/добавление файлов
INFO:root:Дата 2019-09-17 18:54:35.864893 Анализируем удаление/добавление файлов
INFO:root:Дата 2019-09-17 18:54:35.867400 Анализируем удаление/добавление файлов
INFO:root:Дата 2019-09-17 18:54:35.869567 Анализируем удаление/добавление файлов
INFO:root:Дата 2019-09-17 18:54:35.871797 Анализируем удаление/добавление файлов
INFO:root:Дата 2019-09-17 18:54:35.875233 Анализируем удаление/добавление файлов
INFO:root:Дата 2019-09-17 18:54:35.877835 Анализируем удаление/добавление файлов
INFO:root:Дата 2019-09-17 18:54:35.879717 Анализируем удаление/добавление файлов
INFO:root:Дата 2019-09-17 18:54:35.881426 Анализируем удаление/добавление файлов
INFO:root:Дата 2019-09-17 18:54:35.883798 Анализируем удаление/добавление файлов
INFO:root:Дата 2019-09-17 18:54:35.887179 Анализируем удаление/добавление файлов
INFO:root:Дата 2019-09-17 18:54:35.889123 Анализируем удаление/добавление файлов
INFO:root:Дата 2019-09-17 18:54:35.891605 Анализируем удаление/добавление файлов
INFO:root:Дата 2019-09-17 18:54:35.893813 Анализируем удаление/добавление файлов
INFO:root:Дата 2019-09-17 18:54:35.897055 Анализируем удаление/добавление файлов
INFO:root:Дата 2019-09-17 18:54:35.900632 Анализируем удаление/добавление файлов
INFO:root:Дата 2019-09-17 18:54:35.905247 Анализируем удаление/добавление файлов
INFO:root:Дата 2019-09-17 18:54:35.909787 Анализируем удаление/добавление файлов
INFO:root:Дата 2019-09-17 18:54:35.913932 Анализируем удаление/добавление файлов
INFO:root:Дата 2019-09-17 18:54:35.920096 Анализируем удаление/добавление файлов
INFO:root:Дата 2019-09-17 18:54:35.923202 Анализируем удаление/добавление файлов
INFO:root:Дата 2019-09-17 18:54:35.925406 Анализируем удаление/добавление файлов
INFO:root:Дата 2019-09-17 18:54:35.927580 Анализируем удаление/добавление файлов
INFO:root:Дата 2019-09-17 18:54:35.929736 Анализируем удаление/добавление файлов
INFO:root:Дата 2019-09-17 18:54:35.931895 Анализируем удаление/добавление файлов
INFO:root:Дата 2019-09-17 18:54:35.933886 Анализируем удаление/добавление файлов
INFO:root:Дата 2019-09-17 18:54:35.939160 Анализируем удаление/добавление файлов
INFO:root:Дата 2019-09-17 18:54:35.945920 Анализируем удаление/добавление файлов
INFO:root:Дата 2019-09-17 18:54:35.948424 Анализируем удаление/добавление файлов
INFO:root:Дата 2019-09-17 18:54:35.951068 Анализируем удаление/добавление файлов
INFO:root:Дата 2019-09-17 18:54:35.953573 Анализируем удаление/добавление файлов
INFO:root:Дата 2019-09-17 18:54:35.956302 Анализируем удаление/добавление файлов
INFO:root:Дата 2019-09-17 18:54:35.958414 Анализируем удаление/добавление файлов
INFO:root:Дата 2019-09-17 18:54:35.960101 Анализируем удаление/добавление файлов
INFO:root:Дата 2019-09-17 18:54:35.961993 Анализируем удаление/добавление файлов
INFO:root:Дата 2019-09-17 18:54:35.964776 Анализируем удаление/добавление файлов
INFO:root:Дата 2019-09-17 18:54:35.967377 Анализируем удаление/добавление файлов
INFO:root:Дата 2019-09-17 18:54:35.969763 Анализируем удаление/добавление файлов
INFO:root:Дата 2019-09-17 18:54:35.972672 Анализируем удаление/добавление файлов
INFO:root:Дата 2019-09-17 18:54:35.981446 Анализируем удаление/добавление файлов
INFO:root:Дата 2019-09-17 18:54:35.985128 Анализируем удаление/добавление файлов
INFO:root:Дата 2019-09-17 18:54:35.993581 Анализируем удаление/добавление файлов
INFO:root:Дата 2019-09-17 18:54:36.008902 Анализируем удаление/добавление файлов
INFO:root:Дата 2019-09-17 18:54:36.011788 Анализируем удаление/добавление файлов
INFO:root:Дата 2019-09-17 18:54:36.013848 Анализируем удаление/добавление файлов
INFO:root:Дата 2019-09-17 18:54:36.019594 Анализируем удаление/добавление файлов
INFO:root:Дата 2019-09-17 18:54:36.022115 Анализируем удаление/добавление файлов
INFO:root:Дата 2019-09-17 18:54:36.024360 Анализируем удаление/добавление файлов
INFO:root:Дата 2019-09-17 18:54:36.027224 Анализируем удаление/добавление файлов
INFO:root:Дата 2019-09-17 18:54:36.029268 Анализируем удаление/добавление файлов
INFO:root:Дата 2019-09-17 18:54:36.031209 Анализируем удаление/добавление файлов
INFO:root:Дата 2019-09-17 18:54:36.034441 Анализируем удаление/добавление файлов
INFO:root:Дата 2019-09-17 18:54:36.037711 Анализируем удаление/добавление файлов
INFO:root:Дата 2019-09-17 18:54:36.039845 Анализируем удаление/добавление файлов
INFO:root:Дата 2019-09-17 18:54:36.042198 Анализируем удаление/добавление файлов
INFO:root:Дата 2019-09-17 18:54:36.044266 Анализируем удаление/добавление файлов
INFO:root:Дата 2019-09-17 18:54:36.046563 Анализируем удаление/добавление файлов
INFO:root:Дата 2019-09-17 18:54:36.048512 Анализируем удаление/добавление файлов
INFO:root:Дата 2019-09-17 18:54:36.052163 Анализируем удаление/добавление файлов
INFO:root:Дата 2019-09-17 18:54:36.054589 Анализируем удаление/добавление файлов
INFO:root:Дата 2019-09-17 18:54:36.058592 Анализируем удаление/добавление файлов
INFO:root:Дата 2019-09-17 18:54:36.061279 Анализируем удаление/добавление файлов
INFO:root:Дата 2019-09-17 18:54:36.063411 Анализируем удаление/добавление файлов
INFO:root:Дата 2019-09-17 18:54:36.065122 Анализируем удаление/добавление файлов
INFO:root:Дата 2019-09-17 18:54:36.066999 Анализируем удаление/добавление файлов
INFO:root:Дата 2019-09-17 18:54:36.068916 Анализируем удаление/добавление файлов
INFO:root:Дата 2019-09-17 18:54:36.071269 Анализируем удаление/добавление файлов
INFO:root:Дата 2019-09-17 18:54:36.080576 Анализируем удаление/добавление файлов
INFO:root:Дата 2019-09-17 18:54:36.088901 Анализируем удаление/добавление файлов
INFO:root:Дата 2019-09-17 18:54:36.097382 Анализируем удаление/добавление файлов
INFO:root:Дата 2019-09-17 18:54:36.100368 Анализируем удаление/добавление файлов
INFO:root:Дата 2019-09-17 18:54:36.103154 Анализируем удаление/добавление файлов
INFO:root:Дата 2019-09-17 18:54:36.105578 Анализируем удаление/добавление файлов
INFO:root:Дата 2019-09-17 18:54:36.112016 Анализируем удаление/добавление файлов
INFO:root:Дата 2019-09-17 18:54:36.114939 Анализируем удаление/добавление файлов
INFO:root:Дата 2019-09-17 18:54:36.117438 Анализируем удаление/добавление файлов
INFO:root:Дата 2019-09-17 18:54:36.119509 Анализируем удаление/добавление файлов
INFO:root:Дата 2019-09-17 18:54:36.121339 Анализируем удаление/добавление файлов
INFO:root:Дата 2019-09-17 18:54:36.123364 Анализируем удаление/добавление файлов
INFO:root:Дата 2019-09-17 18:54:36.125704 Анализируем удаление/добавление файлов
INFO:root:Дата 2019-09-17 18:54:36.128045 Анализируем удаление/добавление файлов
INFO:root:Дата 2019-09-17 18:54:36.130169 Анализируем удаление/добавление файлов
INFO:root:Дата 2019-09-17 18:54:36.132068 Анализируем удаление/добавление файлов
INFO:root:Дата 2019-09-17 18:54:36.151660 Анализируем удаление/добавление файлов
INFO:root:Дата 2019-09-17 18:54:36.154985 Анализируем удаление/добавление файлов
INFO:root:Дата 2019-09-17 18:54:36.157625 Анализируем удаление/добавление файлов
INFO:root:Дата 2019-09-17 18:54:36.160123 Анализируем удаление/добавление файлов
INFO:root:Дата 2019-09-17 18:54:36.163025 Анализируем удаление/добавление файлов
INFO:root:Дата 2019-09-17 18:54:36.166559 Анализируем удаление/добавление файлов
INFO:root:Дата 2019-09-17 18:54:36.171544 Анализируем удаление/добавление файлов
INFO:root:Дата 2019-09-17 18:54:36.174088 Анализируем удаление/добавление файлов
INFO:root:Дата 2019-09-17 18:54:36.183748 Анализируем удаление/добавление файлов
INFO:root:Дата 2019-09-17 18:54:36.190876 Анализируем удаление/добавление файлов
INFO:root:Дата 2019-09-17 18:54:36.193174 Анализируем удаление/добавление файлов
INFO:root:Дата 2019-09-17 18:54:36.196554 Анализируем удаление/добавление файлов
INFO:root:Дата 2019-09-17 18:54:36.199131 Анализируем удаление/добавление файлов
INFO:root:Дата 2019-09-17 18:54:36.201626 Анализируем удаление/добавление файлов
INFO:root:Дата 2019-09-17 18:54:36.203938 Анализируем удаление/добавление файлов
INFO:root:Дата 2019-09-17 18:54:36.206019 Анализируем удаление/добавление файлов
INFO:root:Дата 2019-09-17 18:54:36.208104 Анализируем удаление/добавление файлов
INFO:root:Дата 2019-09-17 18:54:36.209993 Анализируем удаление/добавление файлов
INFO:root:Дата 2019-09-17 18:54:36.211796 Анализируем удаление/добавление файлов
INFO:root:Дата 2019-09-17 18:54:36.213670 Анализируем удаление/добавление файлов
INFO:root:Дата 2019-09-17 18:54:36.216602 Анализируем удаление/добавление файлов
INFO:root:Дата 2019-09-17 18:54:36.219006 Анализируем удаление/добавление файлов
INFO:root:Дата 2019-09-17 18:54:36.221850 Анализируем удаление/добавление файлов
INFO:root:Дата 2019-09-17 18:54:36.229833 Анализируем удаление/добавление файлов
INFO:root:Дата 2019-09-17 18:54:36.237535 Анализируем удаление/добавление файлов
INFO:root:Дата 2019-09-17 18:54:36.243868 Анализируем удаление/добавление файлов
INFO:root:Дата 2019-09-17 18:54:36.247321 Анализируем удаление/добавление файлов
INFO:root:Дата 2019-09-17 18:54:36.249674 Анализируем удаление/добавление файлов
INFO:root:Дата 2019-09-17 18:54:36.252021 Анализируем удаление/добавление файлов
INFO:root:Дата 2019-09-17 18:54:36.254020 Анализируем удаление/добавление файлов
INFO:root:Дата 2019-09-17 18:54:36.256968 Анализируем удаление/добавление файлов
INFO:root:Дата 2019-09-17 18:54:36.259042 Анализируем удаление/добавление файлов
INFO:root:Дата 2019-09-17 18:54:36.260932 Анализируем удаление/добавление файлов
INFO:root:Дата 2019-09-17 18:54:36.262959 Анализируем удаление/добавление файлов
INFO:root:Дата 2019-09-17 18:54:36.264637 Анализируем удаление/добавление файлов
INFO:root:Дата 2019-09-17 18:54:36.266273 Анализируем удаление/добавление файлов
INFO:root:Дата 2019-09-17 18:54:36.268255 Анализируем удаление/добавление файлов
INFO:root:Дата 2019-09-17 18:54:36.270165 Анализируем удаление/добавление файлов
INFO:root:Дата 2019-09-17 18:54:36.272258 Анализируем удаление/добавление файлов
INFO:root:Дата 2019-09-17 18:54:36.275097 Анализируем удаление/добавление файлов
INFO:root:Дата 2019-09-17 18:54:36.277278 Анализируем удаление/добавление файлов
INFO:root:Дата 2019-09-17 18:54:36.279957 Анализируем удаление/добавление файлов
INFO:root:Дата 2019-09-17 18:54:36.281933 Анализируем удаление/добавление файлов
INFO:root:Дата 2019-09-17 18:54:36.284529 Анализируем удаление/добавление файлов
INFO:root:Дата 2019-09-17 18:54:36.286809 Анализируем удаление/добавление файлов
INFO:root:Дата 2019-09-17 18:54:36.288849 Анализируем удаление/добавление файлов
INFO:root:Дата 2019-09-17 18:54:36.290652 Анализируем удаление/добавление файлов
INFO:root:Дата 2019-09-17 18:54:36.292723 Анализируем удаление/добавление файлов
INFO:root:Дата 2019-09-17 18:54:36.294653 Анализируем удаление/добавление файлов
INFO:root:Дата 2019-09-17 18:54:36.298707 Анализируем удаление/добавление файлов
INFO:root:Дата 2019-09-17 18:54:36.301306 Анализируем удаление/добавление файлов
INFO:root:Дата 2019-09-17 18:54:36.304617 Анализируем удаление/добавление файлов
INFO:root:Дата 2019-09-17 18:54:36.322508 Анализируем удаление/добавление файлов
INFO:root:Дата 2019-09-17 18:54:36.325162 Анализируем удаление/добавление файлов
INFO:root:Дата 2019-09-17 18:54:36.328771 Анализируем удаление/добавление файлов
INFO:root:Дата 2019-09-17 18:54:36.331619 Анализируем удаление/добавление файлов
INFO:root:Дата 2019-09-17 18:54:36.336667 Анализируем удаление/добавление файлов
INFO:root:Дата 2019-09-17 18:54:36.344264 Анализируем удаление/добавление файлов
INFO:root:Дата 2019-09-17 18:54:36.346565 Анализируем удаление/добавление файлов
INFO:root:Дата 2019-09-17 18:54:36.348725 Анализируем удаление/добавление файлов
INFO:root:Дата 2019-09-17 18:54:36.354391 Анализируем удаление/добавление файлов
INFO:root:Дата 2019-09-17 18:54:36.356912 Анализируем удаление/добавление файлов
INFO:root:Дата 2019-09-17 18:54:36.359001 Анализируем удаление/добавление файлов
INFO:root:Дата 2019-09-17 18:54:36.361435 Анализируем удаление/добавление файлов
INFO:root:Дата 2019-09-17 18:54:36.365217 Анализируем удаление/добавление файлов
INFO:root:Дата 2019-09-17 18:54:36.368648 Анализируем удаление/добавление файлов
INFO:root:Дата 2019-09-17 18:54:36.371617 Анализируем удаление/добавление файлов
INFO:root:Дата 2019-09-17 18:54:36.374049 Анализируем удаление/добавление файлов
INFO:root:Дата 2019-09-17 18:54:36.379694 Анализируем удаление/добавление файлов
INFO:root:Дата 2019-09-17 18:54:36.384637 Анализируем удаление/добавление файлов
INFO:root:Дата 2019-09-17 18:54:36.399611 Анализируем удаление/добавление файлов
INFO:root:Дата 2019-09-17 18:54:36.413425 Анализируем удаление/добавление файлов
INFO:root:Дата 2019-09-17 18:54:36.426545 Анализируем удаление/добавление файлов
INFO:root:Дата 2019-09-17 18:54:36.429313 Анализируем удаление/добавление файлов
INFO:root:Дата 2019-09-17 18:54:36.431531 Анализируем удаление/добавление файлов
INFO:root:Дата 2019-09-17 18:54:36.434110 Анализируем удаление/добавление файлов
INFO:root:Дата 2019-09-17 18:54:36.436942 Анализируем удаление/добавление файлов
INFO:root:Дата 2019-09-17 18:54:36.439152 Анализируем удаление/добавление файлов
INFO:root:Дата 2019-09-17 18:54:36.441317 Анализируем удаление/добавление файлов
INFO:root:Дата 2019-09-17 18:54:36.443610 Анализируем удаление/добавление файлов
INFO:root:Дата 2019-09-17 18:54:36.445557 Анализируем удаление/добавление файлов
INFO:root:Дата 2019-09-17 18:54:36.447675 Анализируем удаление/добавление файлов
INFO:root:Дата 2019-09-17 18:54:36.449576 Анализируем удаление/добавление файлов
INFO:root:Дата 2019-09-17 18:54:36.452427 Анализируем удаление/добавление файлов
INFO:root:Дата 2019-09-17 18:54:36.454269 Анализируем удаление/добавление файлов
INFO:root:Дата 2019-09-17 18:54:36.457067 Анализируем удаление/добавление файлов
INFO:root:Дата 2019-09-17 18:54:36.459291 Анализируем удаление/добавление файлов
INFO:root:Дата 2019-09-17 18:54:36.461559 Анализируем удаление/добавление файлов
INFO:root:Дата 2019-09-17 18:54:36.463654 Анализируем удаление/добавление файлов
INFO:root:Дата 2019-09-17 18:54:36.465587 Анализируем удаление/добавление файлов
INFO:root:Дата 2019-09-17 18:54:36.467486 Анализируем удаление/добавление файлов
INFO:root:Дата 2019-09-17 18:54:36.469873 Анализируем удаление/добавление файлов
INFO:root:Дата 2019-09-17 18:54:36.472805 Анализируем удаление/добавление файлов
INFO:root:Дата 2019-09-17 18:54:36.476118 Анализируем удаление/добавление файлов
INFO:root:Дата 2019-09-17 18:54:36.478612 Анализируем удаление/добавление файлов
INFO:root:Дата 2019-09-17 18:54:36.481403 Анализируем удаление/добавление файлов
INFO:root:Дата 2019-09-17 18:54:36.484898 Анализируем удаление/добавление файлов
INFO:root:Дата 2019-09-17 18:54:36.488110 Анализируем удаление/добавление файлов
INFO:root:Дата 2019-09-17 18:54:36.490558 Анализируем удаление/добавление файлов
INFO:root:Дата 2019-09-17 18:54:36.493054 Анализируем удаление/добавление файлов
INFO:root:Дата 2019-09-17 18:54:36.496928 Анализируем удаление/добавление файлов
INFO:root:Дата 2019-09-17 18:54:36.500843 Анализируем удаление/добавление файлов
INFO:root:Дата 2019-09-17 18:54:36.504087 Анализируем удаление/добавление файлов
INFO:root:Дата 2019-09-17 18:54:36.508444 Анализируем удаление/добавление файлов
INFO:root:Дата 2019-09-17 18:54:36.511272 Анализируем удаление/добавление файлов
INFO:root:Дата 2019-09-17 18:54:36.513769 Анализируем удаление/добавление файлов
INFO:root:Дата 2019-09-17 18:54:36.520666 Анализируем удаление/добавление файлов
INFO:root:Дата 2019-09-17 18:54:36.524072 Анализируем удаление/добавление файлов
INFO:root:Дата 2019-09-17 18:54:36.526517 Анализируем удаление/добавление файлов
INFO:root:Дата 2019-09-17 18:54:36.528958 Анализируем удаление/добавление файлов
INFO:root:Дата 2019-09-17 18:54:36.532281 Анализируем удаление/добавление файлов
INFO:root:Дата 2019-09-17 18:54:36.545940 Анализируем удаление/добавление файлов
INFO:root:Дата 2019-09-17 18:54:36.547789 Анализируем удаление/добавление файлов
INFO:root:Дата 2019-09-17 18:54:36.550181 Анализируем удаление/добавление файлов
INFO:root:Дата 2019-09-17 18:54:36.552760 Анализируем удаление/добавление файлов
INFO:root:Дата 2019-09-17 18:54:36.555964 Анализируем удаление/добавление файлов
INFO:root:Дата 2019-09-17 18:54:36.558779 Анализируем удаление/добавление файлов
INFO:root:Дата 2019-09-17 18:54:36.560823 Анализируем удаление/добавление файлов
INFO:root:Дата 2019-09-17 18:54:36.562682 Анализируем удаление/добавление файлов
INFO:root:Дата 2019-09-17 18:54:36.564511 Анализируем удаление/добавление файлов
INFO:root:Дата 2019-09-17 18:54:36.571188 Анализируем удаление/добавление файлов
INFO:root:Дата 2019-09-17 18:54:36.573538 Анализируем удаление/добавление файлов
INFO:root:Дата 2019-09-17 18:54:36.576309 Анализируем удаление/добавление файлов
INFO:root:Дата 2019-09-17 18:54:36.579310 Анализируем удаление/добавление файлов
INFO:root:Дата 2019-09-17 18:54:36.582036 Анализируем удаление/добавление файлов
INFO:root:Дата 2019-09-17 18:54:36.584443 Анализируем удаление/добавление файлов
INFO:root:Дата 2019-09-17 18:54:36.586692 Анализируем удаление/добавление файлов
INFO:root:Дата 2019-09-17 18:54:36.591169 Анализируем удаление/добавление файлов
INFO:root:Дата 2019-09-17 18:54:36.593598 Анализируем удаление/добавление файлов
INFO:root:Дата 2019-09-17 18:54:36.595622 Анализируем удаление/добавление файлов
INFO:root:Дата 2019-09-17 18:54:36.597841 Анализируем удаление/добавление файлов
INFO:root:Дата 2019-09-17 18:54:36.602692 Анализируем удаление/добавление файлов
INFO:root:Дата 2019-09-17 18:54:36.606139 Анализируем удаление/добавление файлов
INFO:root:Дата 2019-09-17 18:54:36.608531 Анализируем удаление/добавление файлов
INFO:root:Дата 2019-09-17 18:54:36.610494 Анализируем удаление/добавление файлов
INFO:root:Дата 2019-09-17 18:54:36.613609 Анализируем удаление/добавление файлов
INFO:root:Дата 2019-09-17 18:54:36.625862 Анализируем удаление/добавление файлов
INFO:root:Дата 2019-09-17 18:54:36.634485 Анализируем удаление/добавление файлов
INFO:root:Дата 2019-09-17 18:54:36.641347 Анализируем удаление/добавление файлов
INFO:root:Дата 2019-09-17 18:54:36.644593 Анализируем удаление/добавление файлов
INFO:root:Дата 2019-09-17 18:54:36.647846 Анализируем удаление/добавление файлов
INFO:root:Дата 2019-09-17 18:54:36.650352 Анализируем удаление/добавление файлов
INFO:root:Дата 2019-09-17 18:54:36.652862 Анализируем удаление/добавление файлов
INFO:root:Дата 2019-09-17 18:54:36.655972 Анализируем удаление/добавление файлов
INFO:root:Дата 2019-09-17 18:54:36.658716 Анализируем удаление/добавление файлов
INFO:root:Дата 2019-09-17 18:54:36.660963 Анализируем удаление/добавление файлов
INFO:root:Дата 2019-09-17 18:54:36.663204 Анализируем удаление/добавление файлов
INFO:root:Дата 2019-09-17 18:54:36.665271 Анализируем удаление/добавление файлов
INFO:root:Дата 2019-09-17 18:54:36.667180 Анализируем удаление/добавление файлов
INFO:root:Дата 2019-09-17 18:54:36.668948 Анализируем удаление/добавление файлов
INFO:root:Дата 2019-09-17 18:54:36.671006 Анализируем удаление/добавление файлов
INFO:root:Дата 2019-09-17 18:54:36.673556 Анализируем удаление/добавление файлов
INFO:root:Дата 2019-09-17 18:54:36.675744 Анализируем удаление/добавление файлов
INFO:root:Дата 2019-09-17 18:54:36.677527 Анализируем удаление/добавление файлов
INFO:root:Дата 2019-09-17 18:54:36.679527 Анализируем удаление/добавление файлов
INFO:root:Дата 2019-09-17 18:54:36.681771 Анализируем удаление/добавление файлов
INFO:root:Дата 2019-09-17 18:54:36.685627 Анализируем удаление/добавление файлов
INFO:root:Дата 2019-09-17 18:54:36.688573 Анализируем удаление/добавление файлов
INFO:root:Дата 2019-09-17 18:54:36.690657 Анализируем удаление/добавление файлов
INFO:root:Дата 2019-09-17 18:54:36.692688 Анализируем удаление/добавление файлов
INFO:root:Дата 2019-09-17 18:54:36.695292 Анализируем удаление/добавление файлов
INFO:root:Дата 2019-09-17 18:54:36.698019 Анализируем удаление/добавление файлов
INFO:root:Дата 2019-09-17 18:54:36.700272 Анализируем удаление/добавление файлов
INFO:root:Дата 2019-09-17 18:54:36.702307 Анализируем удаление/добавление файлов
INFO:root:Дата 2019-09-17 18:54:36.704566 Анализируем удаление/добавление файлов
INFO:root:Дата 2019-09-17 18:54:36.707224 Анализируем удаление/добавление файлов
INFO:root:Дата 2019-09-17 18:54:36.709388 Анализируем удаление/добавление файлов
INFO:root:Дата 2019-09-17 18:54:36.711386 Анализируем удаление/добавление файлов
INFO:root:Дата 2019-09-17 18:54:36.713713 Анализируем удаление/добавление файлов
INFO:root:Дата 2019-09-17 18:54:36.715739 Анализируем удаление/добавление файлов
INFO:root:Дата 2019-09-17 18:54:36.719077 Анализируем удаление/добавление файлов
INFO:root:Дата 2019-09-17 18:54:36.721674 Анализируем удаление/добавление файлов
INFO:root:Дата 2019-09-17 18:54:36.723926 Анализируем удаление/добавление файлов
INFO:root:Дата 2019-09-17 18:54:36.726136 Анализируем удаление/добавление файлов
INFO:root:Дата 2019-09-17 18:54:36.728630 Анализируем удаление/добавление файлов
INFO:root:Дата 2019-09-17 18:54:36.731273 Анализируем удаление/добавление файлов
INFO:root:Дата 2019-09-17 18:54:36.736048 Анализируем удаление/добавление файлов
INFO:root:Дата 2019-09-17 18:54:36.739613 Анализируем удаление/добавление файлов
INFO:root:Дата 2019-09-17 18:54:36.745473 Анализируем удаление/добавление файлов
INFO:root:Дата 2019-09-17 18:54:36.748683 Анализируем удаление/добавление файлов
INFO:root:Дата 2019-09-17 18:54:36.751776 Анализируем удаление/добавление файлов
INFO:root:Дата 2019-09-17 18:54:36.756020 Анализируем удаление/добавление файлов
INFO:root:Дата 2019-09-17 18:54:36.758291 Анализируем удаление/добавление файлов
INFO:root:Дата 2019-09-17 18:54:36.760628 Анализируем удаление/добавление файлов
INFO:root:Дата 2019-09-17 18:54:36.762902 Анализируем удаление/добавление файлов
INFO:root:Дата 2019-09-17 18:54:36.766803 Анализируем удаление/добавление файлов
INFO:root:Дата 2019-09-17 18:54:36.771075 Анализируем удаление/добавление файлов
INFO:root:Дата 2019-09-17 18:54:36.774058 Анализируем удаление/добавление файлов
INFO:root:Дата 2019-09-17 18:54:36.777837 Анализируем удаление/добавление файлов
INFO:root:Дата 2019-09-17 18:54:36.781588 Анализируем удаление/добавление файлов
INFO:root:Дата 2019-09-17 18:54:36.785426 Анализируем удаление/добавление файлов
INFO:root:Дата 2019-09-17 18:54:36.790271 Анализируем удаление/добавление файлов
INFO:root:Дата 2019-09-17 18:54:36.811813 Анализируем удаление/добавление файлов
INFO:root:Дата 2019-09-17 18:54:36.824442 Анализируем удаление/добавление файлов
INFO:root:Дата 2019-09-17 18:54:36.833737 Анализируем удаление/добавление файлов
INFO:root:Дата 2019-09-17 18:54:36.836837 Анализируем удаление/добавление файлов
INFO:root:Дата 2019-09-17 18:54:36.838937 Анализируем удаление/добавление файлов
INFO:root:Дата 2019-09-17 18:54:36.840764 Анализируем удаление/добавление файлов
INFO:root:Дата 2019-09-17 18:54:36.842848 Анализируем удаление/добавление файлов
INFO:root:Дата 2019-09-17 18:54:36.844695 Анализируем удаление/добавление файлов
INFO:root:Дата 2019-09-17 18:54:36.846798 Анализируем удаление/добавление файлов
INFO:root:Дата 2019-09-17 18:54:36.848981 Анализируем удаление/добавление файлов
INFO:root:Дата 2019-09-17 18:54:36.851158 Анализируем удаление/добавление файлов
INFO:root:Дата 2019-09-17 18:54:36.853288 Анализируем удаление/добавление файлов
INFO:root:Дата 2019-09-17 18:54:36.857449 Анализируем удаление/добавление файлов
INFO:root:Дата 2019-09-17 18:54:36.861638 Анализируем удаление/добавление файлов
INFO:root:Дата 2019-09-17 18:54:36.864116 Анализируем удаление/добавление файлов
INFO:root:Дата 2019-09-17 18:54:36.865787 Анализируем удаление/добавление файлов
INFO:root:Дата 2019-09-17 18:54:36.867869 Анализируем удаление/добавление файлов
INFO:root:Дата 2019-09-17 18:54:36.869697 Анализируем удаление/добавление файлов
INFO:root:Дата 2019-09-17 18:54:36.871970 Анализируем удаление/добавление файлов
INFO:root:Дата 2019-09-17 18:54:36.874987 Анализируем удаление/добавление файлов
INFO:root:Дата 2019-09-17 18:54:36.876745 Анализируем удаление/добавление файлов
INFO:root:Дата 2019-09-17 18:54:36.878761 Анализируем удаление/добавление файлов
INFO:root:Дата 2019-09-17 18:54:36.880635 Анализируем удаление/добавление файлов
INFO:root:Дата 2019-09-17 18:54:36.884197 Анализируем удаление/добавление файлов
INFO:root:Дата 2019-09-17 18:54:36.886843 Анализируем удаление/добавление файлов
INFO:root:Дата 2019-09-17 18:54:36.888513 Анализируем удаление/добавление файлов
INFO:root:Дата 2019-09-17 18:54:36.890092 Анализируем удаление/добавление файлов
INFO:root:Дата 2019-09-17 18:54:36.891829 Анализируем удаление/добавление файлов
INFO:root:Дата 2019-09-17 18:54:36.893557 Анализируем удаление/добавление файлов
INFO:root:Дата 2019-09-17 18:54:36.896283 Анализируем удаление/добавление файлов
INFO:root:Дата 2019-09-17 18:54:36.899213 Анализируем удаление/добавление файлов
INFO:root:Дата 2019-09-17 18:54:36.901692 Анализируем удаление/добавление файлов
INFO:root:Дата 2019-09-17 18:54:36.904352 Анализируем удаление/добавление файлов
INFO:root:Дата 2019-09-17 18:54:36.907649 Анализируем удаление/добавление файлов
INFO:root:Дата 2019-09-17 18:54:36.909910 Анализируем удаление/добавление файлов
INFO:root:Дата 2019-09-17 18:54:36.911905 Анализируем удаление/добавление файлов
INFO:root:Дата 2019-09-17 18:54:36.914210 Анализируем удаление/добавление файлов
INFO:root:Дата 2019-09-17 18:54:36.916531 Анализируем удаление/добавление файлов
INFO:root:Дата 2019-09-17 18:54:36.918905 Анализируем удаление/добавление файлов
INFO:root:Дата 2019-09-17 18:54:36.921174 Анализируем удаление/добавление файлов
INFO:root:Дата 2019-09-17 18:54:36.924475 Анализируем удаление/добавление файлов
INFO:root:Дата 2019-09-17 18:54:36.926945 Анализируем удаление/добавление файлов
INFO:root:Дата 2019-09-17 18:54:36.929613 Анализируем удаление/добавление файлов
INFO:root:Дата 2019-09-17 18:54:36.931811 Анализируем удаление/добавление файлов
INFO:root:Дата 2019-09-17 18:54:36.934891 Анализируем удаление/добавление файлов
INFO:root:Дата 2019-09-17 18:54:36.940617 Анализируем удаление/добавление файлов
INFO:root:Дата 2019-09-17 18:54:36.944553 Анализируем удаление/добавление файлов
INFO:root:Дата 2019-09-17 18:54:36.948002 Анализируем удаление/добавление файлов
INFO:root:Дата 2019-09-17 18:54:36.950457 Анализируем удаление/добавление файлов
INFO:root:Дата 2019-09-17 18:54:36.952445 Анализируем удаление/добавление файлов
INFO:root:Дата 2019-09-17 18:54:36.954854 Анализируем удаление/добавление файлов
INFO:root:Дата 2019-09-17 18:54:36.957171 Анализируем удаление/добавление файлов
INFO:root:Дата 2019-09-17 18:54:36.959956 Анализируем удаление/добавление файлов
INFO:root:Дата 2019-09-17 18:54:36.962238 Анализируем удаление/добавление файлов
INFO:root:Дата 2019-09-17 18:54:36.965326 Анализируем удаление/добавление файлов
INFO:root:Дата 2019-09-17 18:54:36.972475 Анализируем удаление/добавление файлов
INFO:root:Дата 2019-09-17 18:54:36.977251 Анализируем удаление/добавление файлов
INFO:root:Дата 2019-09-17 18:54:36.981085 Анализируем удаление/добавление файлов
INFO:root:Дата 2019-09-17 18:54:36.985521 Анализируем удаление/добавление файлов
INFO:root:Дата 2019-09-17 18:54:36.994367 Анализируем удаление/добавление файлов
INFO:root:Дата 2019-09-17 18:54:37.011322 Анализируем удаление/добавление файлов
INFO:root:Дата 2019-09-17 18:54:37.022983 Анализируем удаление/добавление файлов
INFO:root:Дата 2019-09-17 18:54:37.032475 Анализируем удаление/добавление файлов
INFO:root:Дата 2019-09-17 18:54:37.036813 Анализируем удаление/добавление файлов
INFO:root:Дата 2019-09-17 18:54:37.038712 Анализируем удаление/добавление файлов
INFO:root:Дата 2019-09-17 18:54:37.040393 Анализируем удаление/добавление файлов
INFO:root:Дата 2019-09-17 18:54:37.042351 Анализируем удаление/добавление файлов
INFO:root:Дата 2019-09-17 18:54:37.044558 Анализируем удаление/добавление файлов
INFO:root:Дата 2019-09-17 18:54:37.046647 Анализируем удаление/добавление файлов
INFO:root:Дата 2019-09-17 18:54:37.048721 Анализируем удаление/добавление файлов
INFO:root:Дата 2019-09-17 18:54:37.050849 Анализируем удаление/добавление файлов
INFO:root:Дата 2019-09-17 18:54:37.053086 Анализируем удаление/добавление файлов
INFO:root:Дата 2019-09-17 18:54:37.055895 Анализируем удаление/добавление файлов
INFO:root:Дата 2019-09-17 18:54:37.058505 Анализируем удаление/добавление файлов
INFO:root:Дата 2019-09-17 18:54:37.061809 Анализируем удаление/добавление файлов
INFO:root:Дата 2019-09-17 18:54:37.063869 Анализируем удаление/добавление файлов
INFO:root:Дата 2019-09-17 18:54:37.065609 Анализируем удаление/добавление файлов
INFO:root:Дата 2019-09-17 18:54:37.067653 Анализируем удаление/добавление файлов
INFO:root:Дата 2019-09-17 18:54:37.069640 Анализируем удаление/добавление файлов
INFO:root:Дата 2019-09-17 18:54:37.071892 Анализируем удаление/добавление файлов
INFO:root:Дата 2019-09-17 18:54:37.075681 Анализируем удаление/добавление файлов
INFO:root:Дата 2019-09-17 18:54:37.078072 Анализируем удаление/добавление файлов
INFO:root:Дата 2019-09-17 18:54:37.079964 Анализируем удаление/добавление файлов
INFO:root:Дата 2019-09-17 18:54:37.081888 Анализируем удаление/добавление файлов
INFO:root:Дата 2019-09-17 18:54:37.084518 Анализируем удаление/добавление файлов
INFO:root:Дата 2019-09-17 18:54:37.086841 Анализируем удаление/добавление файлов
INFO:root:Дата 2019-09-17 18:54:37.089445 Анализируем удаление/добавление файлов
INFO:root:Дата 2019-09-17 18:54:37.091482 Анализируем удаление/добавление файлов
INFO:root:Дата 2019-09-17 18:54:37.093459 Анализируем удаление/добавление файлов
INFO:root:Дата 2019-09-17 18:54:37.100106 Анализируем удаление/добавление файлов
INFO:root:Дата 2019-09-17 18:54:37.102235 Анализируем удаление/добавление файлов
INFO:root:Дата 2019-09-17 18:54:37.104390 Анализируем удаление/добавление файлов
INFO:root:Дата 2019-09-17 18:54:37.106784 Анализируем удаление/добавление файлов
INFO:root:Дата 2019-09-17 18:54:37.109414 Анализируем удаление/добавление файлов
INFO:root:Дата 2019-09-17 18:54:37.111591 Анализируем удаление/добавление файлов
INFO:root:Дата 2019-09-17 18:54:37.113901 Анализируем удаление/добавление файлов
INFO:root:Дата 2019-09-17 18:54:37.117625 Анализируем удаление/добавление файлов
INFO:root:Дата 2019-09-17 18:54:37.120208 Анализируем удаление/добавление файлов
INFO:root:Дата 2019-09-17 18:54:37.122989 Анализируем удаление/добавление файлов
INFO:root:Дата 2019-09-17 18:54:37.124878 Анализируем удаление/добавление файлов
INFO:root:Дата 2019-09-17 18:54:37.127407 Анализируем удаление/добавление файлов
INFO:root:Дата 2019-09-17 18:54:37.131302 Анализируем удаление/добавление файлов
INFO:root:Дата 2019-09-17 18:54:37.135100 Анализируем удаление/добавление файлов
INFO:root:Дата 2019-09-17 18:54:37.139838 Анализируем удаление/добавление файлов
INFO:root:Дата 2019-09-17 18:54:37.146542 Анализируем удаление/добавление файлов
INFO:root:Дата 2019-09-17 18:54:37.149098 Анализируем удаление/добавление файлов
INFO:root:Дата 2019-09-17 18:54:37.151626 Анализируем удаление/добавление файлов
INFO:root:Дата 2019-09-17 18:54:37.153759 Анализируем удаление/добавление файлов
INFO:root:Дата 2019-09-17 18:54:37.156416 Анализируем удаление/добавление файлов
INFO:root:Дата 2019-09-17 18:54:37.159671 Анализируем удаление/добавление файлов
INFO:root:Дата 2019-09-17 18:54:37.161897 Анализируем удаление/добавление файлов
INFO:root:Дата 2019-09-17 18:54:37.165363 Анализируем удаление/добавление файлов
INFO:root:Дата 2019-09-17 18:54:37.176598 Анализируем удаление/добавление файлов
INFO:root:Дата 2019-09-17 18:54:37.190765 Анализируем удаление/добавление файлов
INFO:root:Дата 2019-09-17 18:54:37.195770 Анализируем удаление/добавление файлов
INFO:root:Дата 2019-09-17 18:54:37.198511 Анализируем удаление/добавление файлов
INFO:root:Дата 2019-09-17 18:54:37.202987 Анализируем удаление/добавление файлов
INFO:root:Дата 2019-09-17 18:54:37.205498 Анализируем удаление/добавление файлов
INFO:root:Дата 2019-09-17 18:54:37.208124 Анализируем удаление/добавление файлов
INFO:root:Дата 2019-09-17 18:54:37.210067 Анализируем удаление/добавление файлов
INFO:root:Дата 2019-09-17 18:54:37.211972 Анализируем удаление/добавление файлов
INFO:root:Дата 2019-09-17 18:54:37.214651 Анализируем удаление/добавление файлов
INFO:root:Дата 2019-09-17 18:54:37.219066 Анализируем удаление/добавление файлов
INFO:root:Дата 2019-09-17 18:54:37.221482 Анализируем удаление/добавление файлов
INFO:root:Дата 2019-09-17 18:54:37.223829 Анализируем удаление/добавление файлов
INFO:root:Дата 2019-09-17 18:54:37.227418 Анализируем удаление/добавление файлов
INFO:root:Дата 2019-09-17 18:54:37.229531 Анализируем удаление/добавление файлов
INFO:root:Дата 2019-09-17 18:54:37.231546 Анализируем удаление/добавление файлов
INFO:root:Дата 2019-09-17 18:54:37.233774 Анализируем удаление/добавление файлов
INFO:root:Дата 2019-09-17 18:54:37.237316 Анализируем удаление/добавление файлов
INFO:root:Дата 2019-09-17 18:54:37.239781 Анализируем удаление/добавление файлов
INFO:root:Дата 2019-09-17 18:54:37.241712 Анализируем удаление/добавление файлов
INFO:root:Дата 2019-09-17 18:54:37.244318 Анализируем удаление/добавление файлов
INFO:root:Дата 2019-09-17 18:54:37.246716 Анализируем удаление/добавление файлов
INFO:root:Дата 2019-09-17 18:54:37.248833 Анализируем удаление/добавление файлов
INFO:root:Дата 2019-09-17 18:54:37.251239 Анализируем удаление/добавление файлов
INFO:root:Дата 2019-09-17 18:54:37.253407 Анализируем удаление/добавление файлов
INFO:root:Дата 2019-09-17 18:54:37.259965 Анализируем удаление/добавление файлов
INFO:root:Дата 2019-09-17 18:54:37.263160 Анализируем удаление/добавление файлов
INFO:root:Дата 2019-09-17 18:54:37.268418 Анализируем удаление/добавление файлов
INFO:root:Дата 2019-09-17 18:54:37.270733 Анализируем удаление/добавление файлов
INFO:root:Дата 2019-09-17 18:54:37.272787 Анализируем удаление/добавление файлов
INFO:root:Дата 2019-09-17 18:54:37.275981 Анализируем удаление/добавление файлов
INFO:root:Дата 2019-09-17 18:54:37.278596 Анализируем удаление/добавление файлов
INFO:root:Дата 2019-09-17 18:54:37.280996 Анализируем удаление/добавление файлов
INFO:root:Дата 2019-09-17 18:54:37.285043 Анализируем удаление/добавление файлов
INFO:root:Дата 2019-09-17 18:54:37.288458 Анализируем удаление/добавление файлов
INFO:root:Дата 2019-09-17 18:54:37.291250 Анализируем удаление/добавление файлов
INFO:root:Дата 2019-09-17 18:54:37.293668 Анализируем удаление/добавление файлов
INFO:root:Дата 2019-09-17 18:54:37.297311 Анализируем удаление/добавление файлов
INFO:root:Дата 2019-09-17 18:54:37.299936 Анализируем удаление/добавление файлов
INFO:root:Дата 2019-09-17 18:54:37.303960 Анализируем удаление/добавление файлов
INFO:root:Дата 2019-09-17 18:54:37.309131 Анализируем удаление/добавление файлов
INFO:root:Дата 2019-09-17 18:54:37.311714 Анализируем удаление/добавление файлов
INFO:root:Дата 2019-09-17 18:54:37.313941 Анализируем удаление/добавление файлов
INFO:root:Дата 2019-09-17 18:54:37.317793 Анализируем удаление/добавление файлов
INFO:root:Дата 2019-09-17 18:54:37.320855 Анализируем удаление/добавление файлов
INFO:root:Дата 2019-09-17 18:54:37.323443 Анализируем удаление/добавление файлов
INFO:root:Дата 2019-09-17 18:54:37.326211 Анализируем удаление/добавление файлов
INFO:root:Дата 2019-09-17 18:54:37.328359 Анализируем удаление/добавление файлов
INFO:root:Дата 2019-09-17 18:54:37.333333 Анализируем удаление/добавление файлов
INFO:root:Дата 2019-09-17 18:54:37.336693 Анализируем удаление/добавление файлов
INFO:root:Дата 2019-09-17 18:54:37.339486 Анализируем удаление/добавление файлов
INFO:root:Дата 2019-09-17 18:54:37.344248 Анализируем удаление/добавление файлов
INFO:root:Дата 2019-09-17 18:54:37.351838 Анализируем удаление/добавление файлов
INFO:root:Дата 2019-09-17 18:54:37.361266 Анализируем удаление/добавление файлов
INFO:root:Дата 2019-09-17 18:54:37.372906 Анализируем удаление/добавление файлов
INFO:root:Дата 2019-09-17 18:54:37.388999 Анализируем удаление/добавление файлов
INFO:root:Дата 2019-09-17 18:54:37.402185 Анализируем удаление/добавление файлов
INFO:root:Дата 2019-09-17 18:54:37.404431 Анализируем удаление/добавление файлов
INFO:root:Дата 2019-09-17 18:54:37.406626 Анализируем удаление/добавление файлов
INFO:root:Дата 2019-09-17 18:54:37.409008 Анализируем удаление/добавление файлов
INFO:root:Дата 2019-09-17 18:54:37.413032 Анализируем удаление/добавление файлов
INFO:root:Дата 2019-09-17 18:54:37.420984 Анализируем удаление/добавление файлов
INFO:root:Дата 2019-09-17 18:54:37.423596 Анализируем удаление/добавление файлов
INFO:root:Дата 2019-09-17 18:54:37.428340 Анализируем удаление/добавление файлов
INFO:root:Дата 2019-09-17 18:54:37.431518 Анализируем удаление/добавление файлов
INFO:root:Дата 2019-09-17 18:54:37.436029 Анализируем удаление/добавление файлов
INFO:root:Дата 2019-09-17 18:54:37.438912 Анализируем удаление/добавление файлов
INFO:root:Дата 2019-09-17 18:54:37.442030 Анализируем удаление/добавление файлов
INFO:root:Дата 2019-09-17 18:54:37.444414 Анализируем удаление/добавление файлов
INFO:root:Дата 2019-09-17 18:54:37.447422 Анализируем удаление/добавление файлов
INFO:root:Дата 2019-09-17 18:54:37.450663 Анализируем удаление/добавление файлов
INFO:root:Дата 2019-09-17 18:54:37.453189 Анализируем удаление/добавление файлов
INFO:root:Дата 2019-09-17 18:54:37.457187 Анализируем удаление/добавление файлов
INFO:root:Дата 2019-09-17 18:54:37.460445 Анализируем удаление/добавление файлов
INFO:root:Дата 2019-09-17 18:54:37.463180 Анализируем удаление/добавление файлов
INFO:root:Дата 2019-09-17 18:54:37.465316 Анализируем удаление/добавление файлов
INFO:root:Дата 2019-09-17 18:54:37.467906 Анализируем удаление/добавление файлов
INFO:root:Дата 2019-09-17 18:54:37.471259 Анализируем удаление/добавление файлов
INFO:root:Дата 2019-09-17 18:54:37.473732 Анализируем удаление/добавление файлов
INFO:root:Дата 2019-09-17 18:54:37.476597 Анализируем удаление/добавление файлов
INFO:root:Дата 2019-09-17 18:54:37.479134 Анализируем удаление/добавление файлов
INFO:root:Дата 2019-09-17 18:54:37.481295 Анализируем удаление/добавление файлов
INFO:root:Дата 2019-09-17 18:54:37.484353 Анализируем удаление/добавление файлов
INFO:root:Дата 2019-09-17 18:54:37.487188 Анализируем удаление/добавление файлов
INFO:root:Дата 2019-09-17 18:54:37.489486 Анализируем удаление/добавление файлов
INFO:root:Дата 2019-09-17 18:54:37.492580 Анализируем удаление/добавление файлов
INFO:root:Дата 2019-09-17 18:54:37.495979 Анализируем удаление/добавление файлов
INFO:root:Дата 2019-09-17 18:54:37.500298 Анализируем удаление/добавление файлов
INFO:root:Дата 2019-09-17 18:54:37.504657 Анализируем удаление/добавление файлов
INFO:root:Дата 2019-09-17 18:54:37.508348 Анализируем удаление/добавление файлов
INFO:root:Дата 2019-09-17 18:54:37.512400 Анализируем удаление/добавление файлов
INFO:root:Дата 2019-09-17 18:54:37.519436 Анализируем удаление/добавление файлов
INFO:root:Дата 2019-09-17 18:54:37.523117 Анализируем удаление/добавление файлов
INFO:root:Дата 2019-09-17 18:54:37.525659 Анализируем удаление/добавление файлов
INFO:root:Дата 2019-09-17 18:54:37.528966 Анализируем удаление/добавление файлов
INFO:root:Дата 2019-09-17 18:54:37.532108 Анализируем удаление/добавление файлов
INFO:root:Дата 2019-09-17 18:54:37.534693 Анализируем удаление/добавление файлов
INFO:root:Дата 2019-09-17 18:54:37.538980 Анализируем удаление/добавление файлов
INFO:root:Дата 2019-09-17 18:54:37.543014 Анализируем удаление/добавление файлов
INFO:root:Дата 2019-09-17 18:54:37.545662 Анализируем удаление/добавление файлов
INFO:root:Дата 2019-09-17 18:54:37.550256 Анализируем удаление/добавление файлов
INFO:root:Дата 2019-09-17 18:54:37.553931 Анализируем удаление/добавление файлов
INFO:root:Дата 2019-09-17 18:54:37.558458 Анализируем удаление/добавление файлов
INFO:root:Дата 2019-09-17 18:54:37.560711 Анализируем удаление/добавление файлов
INFO:root:Дата 2019-09-17 18:54:37.562973 Анализируем удаление/добавление файлов
INFO:root:Дата 2019-09-17 18:54:37.566241 Анализируем удаление/добавление файлов
INFO:root:Дата 2019-09-17 18:54:37.573305 Анализируем удаление/добавление файлов
INFO:root:Дата 2019-09-17 18:54:37.587015 Анализируем удаление/добавление файлов
INFO:root:Дата 2019-09-17 18:54:37.602037 Анализируем удаление/добавление файлов
INFO:root:Дата 2019-09-17 18:54:37.605758 Анализируем удаление/добавление файлов
INFO:root:Дата 2019-09-17 18:54:37.608722 Анализируем удаление/добавление файлов
INFO:root:Дата 2019-09-17 18:54:37.611057 Анализируем удаление/добавление файлов
INFO:root:Дата 2019-09-17 18:54:37.615396 Анализируем удаление/добавление файлов
INFO:root:Дата 2019-09-17 18:54:37.623425 Анализируем удаление/добавление файлов
INFO:root:Дата 2019-09-17 18:54:37.627121 Анализируем удаление/добавление файлов
INFO:root:Дата 2019-09-17 18:54:37.630652 Анализируем удаление/добавление файлов
INFO:root:Дата 2019-09-17 18:54:37.633164 Анализируем удаление/добавление файлов
INFO:root:Дата 2019-09-17 18:54:37.638543 Анализируем удаление/добавление файлов
INFO:root:Дата 2019-09-17 18:54:37.640923 Анализируем удаление/добавление файлов
INFO:root:Дата 2019-09-17 18:54:37.643193 Анализируем удаление/добавление файлов
INFO:root:Дата 2019-09-17 18:54:37.647872 Анализируем удаление/добавление файлов
INFO:root:Дата 2019-09-17 18:54:37.650980 Анализируем удаление/добавление файлов
INFO:root:Дата 2019-09-17 18:54:37.653868 Анализируем удаление/добавление файлов
INFO:root:Дата 2019-09-17 18:54:37.660235 Анализируем удаление/добавление файлов
INFO:root:Дата 2019-09-17 18:54:37.662595 Анализируем удаление/добавление файлов
INFO:root:Дата 2019-09-17 18:54:37.664650 Анализируем удаление/добавление файлов
INFO:root:Дата 2019-09-17 18:54:37.667467 Анализируем удаление/добавление файлов
INFO:root:Дата 2019-09-17 18:54:37.674508 Анализируем удаление/добавление файлов
INFO:root:Дата 2019-09-17 18:54:37.677223 Анализируем удаление/добавление файлов
INFO:root:Дата 2019-09-17 18:54:37.679772 Анализируем удаление/добавление файлов
INFO:root:Дата 2019-09-17 18:54:37.681858 Анализируем удаление/добавление файлов
INFO:root:Дата 2019-09-17 18:54:37.684719 Анализируем удаление/добавление файлов
INFO:root:Дата 2019-09-17 18:54:37.687956 Анализируем удаление/добавление файлов
INFO:root:Дата 2019-09-17 18:54:37.690283 Анализируем удаление/добавление файлов
INFO:root:Дата 2019-09-17 18:54:37.692606 Анализируем удаление/добавление файлов
INFO:root:Дата 2019-09-17 18:54:37.695096 Анализируем удаление/добавление файлов
INFO:root:Дата 2019-09-17 18:54:37.700096 Анализируем удаление/добавление файлов
INFO:root:Дата 2019-09-17 18:54:37.702728 Анализируем удаление/добавление файлов
INFO:root:Дата 2019-09-17 18:54:37.705289 Анализируем удаление/добавление файлов
INFO:root:Дата 2019-09-17 18:54:37.708313 Анализируем удаление/добавление файлов
INFO:root:Дата 2019-09-17 18:54:37.710724 Анализируем удаление/добавление файлов
INFO:root:Дата 2019-09-17 18:54:37.712632 Анализируем удаление/добавление файлов
INFO:root:Дата 2019-09-17 18:54:37.714505 Анализируем удаление/добавление файлов
INFO:root:Дата 2019-09-17 18:54:37.717307 Анализируем удаление/добавление файлов
INFO:root:Дата 2019-09-17 18:54:37.719579 Анализируем удаление/добавление файлов
INFO:root:Дата 2019-09-17 18:54:37.722100 Анализируем удаление/добавление файлов
INFO:root:Дата 2019-09-17 18:54:37.723984 Анализируем удаление/добавление файлов
INFO:root:Дата 2019-09-17 18:54:37.726002 Анализируем удаление/добавление файлов
INFO:root:Дата 2019-09-17 18:54:37.727914 Анализируем удаление/добавление файлов
INFO:root:Дата 2019-09-17 18:54:37.730611 Анализируем удаление/добавление файлов
INFO:root:Дата 2019-09-17 18:54:37.733000 Анализируем удаление/добавление файлов
INFO:root:Дата 2019-09-17 18:54:37.736222 Анализируем удаление/добавление файлов
INFO:root:Дата 2019-09-17 18:54:37.742556 Анализируем удаление/добавление файлов
INFO:root:Дата 2019-09-17 18:54:37.756130 Анализируем удаление/добавление файлов
INFO:root:Дата 2019-09-17 18:54:37.763344 Анализируем удаление/добавление файлов
INFO:root:Дата 2019-09-17 18:54:37.768449 Анализируем удаление/добавление файлов
INFO:root:Дата 2019-09-17 18:54:37.771206 Анализируем удаление/добавление файлов
INFO:root:Дата 2019-09-17 18:54:37.773651 Анализируем удаление/добавление файлов
INFO:root:Дата 2019-09-17 18:54:37.776107 Анализируем удаление/добавление файлов
INFO:root:Дата 2019-09-17 18:54:37.778103 Анализируем удаление/добавление файлов
INFO:root:Дата 2019-09-17 18:54:37.780613 Анализируем удаление/добавление файлов
INFO:root:Дата 2019-09-17 18:54:37.782627 Анализируем удаление/добавление файлов
INFO:root:Дата 2019-09-17 18:54:37.784884 Анализируем удаление/добавление файлов
INFO:root:Дата 2019-09-17 18:54:37.791051 Анализируем удаление/добавление файлов
INFO:root:Дата 2019-09-17 18:54:37.793432 Анализируем удаление/добавление файлов
INFO:root:Дата 2019-09-17 18:54:37.795651 Анализируем удаление/добавление файлов
INFO:root:Дата 2019-09-17 18:54:37.797811 Анализируем удаление/добавление файлов
INFO:root:Дата 2019-09-17 18:54:37.800576 Анализируем удаление/добавление файлов
INFO:root:Дата 2019-09-17 18:54:37.803502 Анализируем удаление/добавление файлов
INFO:root:Дата 2019-09-17 18:54:37.806289 Анализируем удаление/добавление файлов
INFO:root:Дата 2019-09-17 18:54:37.808417 Анализируем удаление/добавление файлов
INFO:root:Дата 2019-09-17 18:54:37.810685 Анализируем удаление/добавление файлов
INFO:root:Дата 2019-09-17 18:54:37.814259 Анализируем удаление/добавление файлов
INFO:root:Дата 2019-09-17 18:54:37.821766 Анализируем удаление/добавление файлов
INFO:root:Дата 2019-09-17 18:54:37.825494 Анализируем удаление/добавление файлов
INFO:root:Дата 2019-09-17 18:54:37.829144 Анализируем удаление/добавление файлов
INFO:root:Дата 2019-09-17 18:54:37.832135 Анализируем удаление/добавление файлов
INFO:root:Дата 2019-09-17 18:54:37.838874 Анализируем удаление/добавление файлов
INFO:root:Дата 2019-09-17 18:54:37.841918 Анализируем удаление/добавление файлов
INFO:root:Дата 2019-09-17 18:54:37.844801 Анализируем удаление/добавление файлов
INFO:root:Дата 2019-09-17 18:54:37.847662 Анализируем удаление/добавление файлов
INFO:root:Дата 2019-09-17 18:54:37.849840 Анализируем удаление/добавление файлов
INFO:root:Дата 2019-09-17 18:54:37.854221 Анализируем удаление/добавление файлов
INFO:root:Дата 2019-09-17 18:54:37.857712 Анализируем удаление/добавление файлов
INFO:root:Дата 2019-09-17 18:54:37.861113 Анализируем удаление/добавление файлов
INFO:root:Дата 2019-09-17 18:54:37.863636 Анализируем удаление/добавление файлов
INFO:root:Дата 2019-09-17 18:54:37.865664 Анализируем удаление/добавление файлов
INFO:root:Дата 2019-09-17 18:54:37.868562 Анализируем удаление/добавление файлов
INFO:root:Дата 2019-09-17 18:54:37.875182 Анализируем удаление/добавление файлов
INFO:root:Дата 2019-09-17 18:54:37.881652 Анализируем удаление/добавление файлов
INFO:root:Дата 2019-09-17 18:54:37.888135 Анализируем удаление/добавление файлов
INFO:root:Дата 2019-09-17 18:54:37.892080 Анализируем удаление/добавление файлов
INFO:root:Дата 2019-09-17 18:54:37.894883 Анализируем удаление/добавление файлов
INFO:root:Дата 2019-09-17 18:54:37.897559 Анализируем удаление/добавление файлов
INFO:root:Дата 2019-09-17 18:54:37.900094 Анализируем удаление/добавление файлов
INFO:root:Дата 2019-09-17 18:54:37.902344 Анализируем удаление/добавление файлов
INFO:root:Дата 2019-09-17 18:54:37.904838 Анализируем удаление/добавление файлов
INFO:root:Дата 2019-09-17 18:54:37.907537 Анализируем удаление/добавление файлов
INFO:root:Дата 2019-09-17 18:54:37.909516 Анализируем удаление/добавление файлов
INFO:root:Дата 2019-09-17 18:54:37.911419 Анализируем удаление/добавление файлов
INFO:root:Дата 2019-09-17 18:54:37.913454 Анализируем удаление/добавление файлов
INFO:root:Дата 2019-09-17 18:54:37.915181 Анализируем удаление/добавление файлов
INFO:root:Дата 2019-09-17 18:54:37.917315 Анализируем удаление/добавление файлов
INFO:root:Дата 2019-09-17 18:54:37.919334 Анализируем удаление/добавление файлов
INFO:root:Дата 2019-09-17 18:54:37.921209 Анализируем удаление/добавление файлов
INFO:root:Дата 2019-09-17 18:54:37.923083 Анализируем удаление/добавление файлов
INFO:root:Дата 2019-09-17 18:54:37.924901 Анализируем удаление/добавление файлов
INFO:root:Дата 2019-09-17 18:54:37.926655 Анализируем удаление/добавление файлов
INFO:root:Дата 2019-09-17 18:54:37.928424 Анализируем удаление/добавление файлов
INFO:root:Дата 2019-09-17 18:54:37.930515 Анализируем удаление/добавление файлов
INFO:root:Дата 2019-09-17 18:54:37.932300 Анализируем удаление/добавление файлов
INFO:root:Дата 2019-09-17 18:54:37.935034 Анализируем удаление/добавление файлов
INFO:root:Дата 2019-09-17 18:54:37.939691 Анализируем удаление/добавление файлов
INFO:root:Дата 2019-09-17 18:54:37.942632 Анализируем удаление/добавление файлов
INFO:root:Дата 2019-09-17 18:54:37.944822 Анализируем удаление/добавление файлов
INFO:root:Дата 2019-09-17 18:54:37.946690 Анализируем удаление/добавление файлов
INFO:root:Дата 2019-09-17 18:54:37.949012 Анализируем удаление/добавление файлов
INFO:root:Дата 2019-09-17 18:54:37.953181 Анализируем удаление/добавление файлов
INFO:root:Дата 2019-09-17 18:54:37.956914 Анализируем удаление/добавление файлов
INFO:root:Дата 2019-09-17 18:54:37.959486 Анализируем удаление/добавление файлов
INFO:root:Дата 2019-09-17 18:54:37.961510 Анализируем удаление/добавление файлов
INFO:root:Дата 2019-09-17 18:54:37.964305 Анализируем удаление/добавление файлов
INFO:root:Дата 2019-09-17 18:54:37.967205 Анализируем удаление/добавление файлов
INFO:root:Дата 2019-09-17 18:54:37.969907 Анализируем удаление/добавление файлов
INFO:root:Дата 2019-09-17 18:54:37.972363 Анализируем удаление/добавление файлов
INFO:root:Дата 2019-09-17 18:54:37.974290 Анализируем удаление/добавление файлов
INFO:root:Дата 2019-09-17 18:54:37.977467 Анализируем удаление/добавление файлов
INFO:root:Дата 2019-09-17 18:54:37.979717 Анализируем удаление/добавление файлов
INFO:root:Дата 2019-09-17 18:54:37.983429 Анализируем удаление/добавление файлов
INFO:root:Дата 2019-09-17 18:54:37.986372 Анализируем удаление/добавление файлов
INFO:root:Дата 2019-09-17 18:54:37.990135 Анализируем удаление/добавление файлов
INFO:root:Дата 2019-09-17 18:54:37.994780 Анализируем удаление/добавление файлов
INFO:root:Дата 2019-09-17 18:54:38.006561 Анализируем удаление/добавление файлов
INFO:root:Дата 2019-09-17 18:54:38.013633 Анализируем удаление/добавление файлов
INFO:root:Дата 2019-09-17 18:54:38.027433 Анализируем удаление/добавление файлов
INFO:root:Дата 2019-09-17 18:54:38.030000 Анализируем удаление/добавление файлов
INFO:root:Дата 2019-09-17 18:54:38.032048 Анализируем удаление/добавление файлов
INFO:root:Дата 2019-09-17 18:54:38.035830 Анализируем удаление/добавление файлов
INFO:root:Дата 2019-09-17 18:54:38.038310 Анализируем удаление/добавление файлов
INFO:root:Дата 2019-09-17 18:54:38.040700 Анализируем удаление/добавление файлов
INFO:root:Дата 2019-09-17 18:54:38.042734 Анализируем удаление/добавление файлов
INFO:root:Дата 2019-09-17 18:54:38.044628 Анализируем удаление/добавление файлов
INFO:root:Дата 2019-09-17 18:54:38.046817 Анализируем удаление/добавление файлов
INFO:root:Дата 2019-09-17 18:54:38.050769 Анализируем удаление/добавление файлов
INFO:root:Дата 2019-09-17 18:54:38.057220 Анализируем удаление/добавление файлов
INFO:root:Дата 2019-09-17 18:54:38.061242 Анализируем удаление/добавление файлов
INFO:root:Дата 2019-09-17 18:54:38.074072 Анализируем удаление/добавление файлов
INFO:root:Дата 2019-09-17 18:54:38.077275 Анализируем удаление/добавление файлов
INFO:root:Дата 2019-09-17 18:54:38.081362 Анализируем удаление/добавление файлов
INFO:root:Дата 2019-09-17 18:54:38.083902 Анализируем удаление/добавление файлов
INFO:root:Дата 2019-09-17 18:54:38.088125 Анализируем удаление/добавление файлов
INFO:root:Дата 2019-09-17 18:54:38.090153 Анализируем удаление/добавление файлов
INFO:root:Дата 2019-09-17 18:54:38.092208 Анализируем удаление/добавление файлов
INFO:root:Дата 2019-09-17 18:54:38.095420 Анализируем удаление/добавление файлов
INFO:root:Дата 2019-09-17 18:54:38.097658 Анализируем удаление/добавление файлов
INFO:root:Дата 2019-09-17 18:54:38.100005 Анализируем удаление/добавление файлов
INFO:root:Дата 2019-09-17 18:54:38.101977 Анализируем удаление/добавление файлов
INFO:root:Дата 2019-09-17 18:54:38.107269 Анализируем удаление/добавление файлов
INFO:root:Дата 2019-09-17 18:54:38.109725 Анализируем удаление/добавление файлов
INFO:root:Дата 2019-09-17 18:54:38.111641 Анализируем удаление/добавление файлов
INFO:root:Дата 2019-09-17 18:54:38.113649 Анализируем удаление/добавление файлов
INFO:root:Дата 2019-09-17 18:54:38.115652 Анализируем удаление/добавление файлов
INFO:root:Дата 2019-09-17 18:54:38.118116 Анализируем удаление/добавление файлов
INFO:root:Дата 2019-09-17 18:54:38.120516 Анализируем удаление/добавление файлов
INFO:root:Дата 2019-09-17 18:54:38.122289 Анализируем удаление/добавление файлов
INFO:root:Дата 2019-09-17 18:54:38.124122 Анализируем удаление/добавление файлов
INFO:root:Дата 2019-09-17 18:54:38.125968 Анализируем удаление/добавление файлов
INFO:root:Дата 2019-09-17 18:54:38.127785 Анализируем удаление/добавление файлов
INFO:root:Дата 2019-09-17 18:54:38.129482 Анализируем удаление/добавление файлов
INFO:root:Дата 2019-09-17 18:54:38.131205 Анализируем удаление/добавление файлов
INFO:root:Дата 2019-09-17 18:54:38.133075 Анализируем удаление/добавление файлов
INFO:root:Дата 2019-09-17 18:54:38.149392 Анализируем удаление/добавление файлов
INFO:root:Дата 2019-09-17 18:54:38.154634 Анализируем удаление/добавление файлов
INFO:root:Дата 2019-09-17 18:54:38.161145 Анализируем удаление/добавление файлов
INFO:root:Дата 2019-09-17 18:54:38.164886 Анализируем удаление/добавление файлов
INFO:root:Дата 2019-09-17 18:54:38.174403 Анализируем удаление/добавление файлов
INFO:root:Дата 2019-09-17 18:54:38.181419 Анализируем удаление/добавление файлов
INFO:root:Дата 2019-09-17 18:54:38.189271 Анализируем удаление/добавление файлов
INFO:root:Дата 2019-09-17 18:54:38.193359 Анализируем удаление/добавление файлов
INFO:root:Дата 2019-09-17 18:54:38.195930 Анализируем удаление/добавление файлов
INFO:root:Дата 2019-09-17 18:54:38.198200 Анализируем удаление/добавление файлов
INFO:root:Дата 2019-09-17 18:54:38.201196 Анализируем удаление/добавление файлов
INFO:root:Дата 2019-09-17 18:54:38.203523 Анализируем удаление/добавление файлов
INFO:root:Дата 2019-09-17 18:54:38.205434 Анализируем удаление/добавление файлов
INFO:root:Дата 2019-09-17 18:54:38.207902 Анализируем удаление/добавление файлов
INFO:root:Дата 2019-09-17 18:54:38.210169 Анализируем удаление/добавление файлов
INFO:root:Дата 2019-09-17 18:54:38.212259 Анализируем удаление/добавление файлов
INFO:root:Дата 2019-09-17 18:54:38.214702 Анализируем удаление/добавление файлов
INFO:root:Дата 2019-09-17 18:54:38.219706 Анализируем удаление/добавление файлов
INFO:root:Дата 2019-09-17 18:54:38.226591 Анализируем удаление/добавление файлов
INFO:root:Дата 2019-09-17 18:54:38.229015 Анализируем удаление/добавление файлов
INFO:root:Дата 2019-09-17 18:54:38.233615 Анализируем удаление/добавление файлов
INFO:root:Дата 2019-09-17 18:54:38.236307 Анализируем удаление/добавление файлов
INFO:root:Дата 2019-09-17 18:54:38.238747 Анализируем удаление/добавление файлов
INFO:root:Дата 2019-09-17 18:54:38.241032 Анализируем удаление/добавление файлов
INFO:root:Дата 2019-09-17 18:54:38.246081 Анализируем удаление/добавление файлов
INFO:root:Дата 2019-09-17 18:54:38.248192 Анализируем удаление/добавление файлов
INFO:root:Дата 2019-09-17 18:54:38.251152 Анализируем удаление/добавление файлов
INFO:root:Дата 2019-09-17 18:54:38.253280 Анализируем удаление/добавление файлов
INFO:root:Дата 2019-09-17 18:54:38.256088 Анализируем удаление/добавление файлов
INFO:root:Дата 2019-09-17 18:54:38.258059 Анализируем удаление/добавление файлов
INFO:root:Дата 2019-09-17 18:54:38.259914 Анализируем удаление/добавление файлов
INFO:root:Дата 2019-09-17 18:54:38.261814 Анализируем удаление/добавление файлов
INFO:root:Дата 2019-09-17 18:54:38.263940 Анализируем удаление/добавление файлов
INFO:root:Дата 2019-09-17 18:54:38.265534 Анализируем удаление/добавление файлов
INFO:root:Дата 2019-09-17 18:54:38.267335 Анализируем удаление/добавление файлов
INFO:root:Дата 2019-09-17 18:54:38.269190 Анализируем удаление/добавление файлов
INFO:root:Дата 2019-09-17 18:54:38.271441 Анализируем удаление/добавление файлов
INFO:root:Дата 2019-09-17 18:54:38.273913 Анализируем удаление/добавление файлов
INFO:root:Дата 2019-09-17 18:54:38.276680 Анализируем удаление/добавление файлов
INFO:root:Дата 2019-09-17 18:54:38.278686 Анализируем удаление/добавление файлов
INFO:root:Дата 2019-09-17 18:54:38.280664 Анализируем удаление/добавление файлов
INFO:root:Дата 2019-09-17 18:54:38.282915 Анализируем удаление/добавление файлов
INFO:root:Дата 2019-09-17 18:54:38.286257 Анализируем удаление/добавление файлов
INFO:root:Дата 2019-09-17 18:54:38.288683 Анализируем удаление/добавление файлов
INFO:root:Дата 2019-09-17 18:54:38.291381 Анализируем удаление/добавление файлов
INFO:root:Дата 2019-09-17 18:54:38.293419 Анализируем удаление/добавление файлов
INFO:root:Дата 2019-09-17 18:54:38.297751 Анализируем удаление/добавление файлов
INFO:root:Дата 2019-09-17 18:54:38.309574 Анализируем удаление/добавление файлов
INFO:root:Дата 2019-09-17 18:54:38.316173 Анализируем удаление/добавление файлов
INFO:root:Дата 2019-09-17 18:54:38.324411 Анализируем удаление/добавление файлов
INFO:root:Дата 2019-09-17 18:54:38.328061 Анализируем удаление/добавление файлов
INFO:root:Дата 2019-09-17 18:54:38.330004 Анализируем удаление/добавление файлов
INFO:root:Дата 2019-09-17 18:54:38.331658 Анализируем удаление/добавление файлов
INFO:root:Дата 2019-09-17 18:54:38.333919 Анализируем удаление/добавление файлов
INFO:root:Дата 2019-09-17 18:54:38.339945 Анализируем удаление/добавление файлов
INFO:root:Дата 2019-09-17 18:54:38.343741 Анализируем удаление/добавление файлов
INFO:root:Дата 2019-09-17 18:54:38.345652 Анализируем удаление/добавление файлов
INFO:root:Дата 2019-09-17 18:54:38.347821 Анализируем удаление/добавление файлов
INFO:root:Дата 2019-09-17 18:54:38.350765 Анализируем удаление/добавление файлов
INFO:root:Дата 2019-09-17 18:54:38.353660 Анализируем удаление/добавление файлов
INFO:root:Дата 2019-09-17 18:54:38.356289 Анализируем удаление/добавление файлов
INFO:root:Дата 2019-09-17 18:54:38.358500 Анализируем удаление/добавление файлов
INFO:root:Дата 2019-09-17 18:54:38.361229 Анализируем удаление/добавление файлов
INFO:root:Дата 2019-09-17 18:54:38.367226 Анализируем удаление/добавление файлов
INFO:root:Дата 2019-09-17 18:54:38.369392 Анализируем удаление/добавление файлов
INFO:root:Дата 2019-09-17 18:54:38.371722 Анализируем удаление/добавление файлов
INFO:root:Дата 2019-09-17 18:54:38.374244 Анализируем удаление/добавление файлов
INFO:root:Дата 2019-09-17 18:54:38.377013 Анализируем удаление/добавление файлов
INFO:root:Дата 2019-09-17 18:54:38.378994 Анализируем удаление/добавление файлов
INFO:root:Дата 2019-09-17 18:54:38.380981 Анализируем удаление/добавление файлов
INFO:root:Дата 2019-09-17 18:54:38.385036 Анализируем удаление/добавление файлов
INFO:root:Дата 2019-09-17 18:54:38.388598 Анализируем удаление/добавление файлов
INFO:root:Дата 2019-09-17 18:54:38.391354 Анализируем удаление/добавление файлов
INFO:root:Дата 2019-09-17 18:54:38.393551 Анализируем удаление/добавление файлов
INFO:root:Дата 2019-09-17 18:54:38.396652 Анализируем удаление/добавление файлов
INFO:root:Дата 2019-09-17 18:54:38.398744 Анализируем удаление/добавление файлов
INFO:root:Дата 2019-09-17 18:54:38.401537 Анализируем удаление/добавление файлов
INFO:root:Дата 2019-09-17 18:54:38.404833 Анализируем удаление/добавление файлов
INFO:root:Дата 2019-09-17 18:54:38.407242 Анализируем удаление/добавление файлов
INFO:root:Дата 2019-09-17 18:54:38.409557 Анализируем удаление/добавление файлов
INFO:root:Дата 2019-09-17 18:54:38.411727 Анализируем удаление/добавление файлов
INFO:root:Дата 2019-09-17 18:54:38.413626 Анализируем удаление/добавление файлов
INFO:root:Дата 2019-09-17 18:54:38.418197 Анализируем удаление/добавление файлов
INFO:root:Дата 2019-09-17 18:54:38.422908 Анализируем удаление/добавление файлов
INFO:root:Дата 2019-09-17 18:54:38.425406 Анализируем удаление/добавление файлов
INFO:root:Дата 2019-09-17 18:54:38.427737 Анализируем удаление/добавление файлов
INFO:root:Дата 2019-09-17 18:54:38.439619 Анализируем удаление/добавление файлов
INFO:root:Дата 2019-09-17 18:54:38.447892 Анализируем удаление/добавление файлов
INFO:root:Дата 2019-09-17 18:54:38.451923 Анализируем удаление/добавление файлов
INFO:root:Дата 2019-09-17 18:54:38.458234 Анализируем удаление/добавление файлов
INFO:root:Дата 2019-09-17 18:54:38.461366 Анализируем удаление/добавление файлов
INFO:root:Дата 2019-09-17 18:54:38.464105 Анализируем удаление/добавление файлов
INFO:root:Дата 2019-09-17 18:54:38.468370 Анализируем удаление/добавление файлов
INFO:root:Дата 2019-09-17 18:54:38.471154 Анализируем удаление/добавление файлов
INFO:root:Дата 2019-09-17 18:54:38.473180 Анализируем удаление/добавление файлов
INFO:root:Дата 2019-09-17 18:54:38.476514 Анализируем удаление/добавление файлов
INFO:root:Дата 2019-09-17 18:54:38.478670 Анализируем удаление/добавление файлов
INFO:root:Дата 2019-09-17 18:54:38.480718 Анализируем удаление/добавление файлов
INFO:root:Дата 2019-09-17 18:54:38.483007 Анализируем удаление/добавление файлов
INFO:root:Дата 2019-09-17 18:54:38.485380 Анализируем удаление/добавление файлов
INFO:root:Дата 2019-09-17 18:54:38.487705 Анализируем удаление/добавление файлов
INFO:root:Дата 2019-09-17 18:54:38.490355 Анализируем удаление/добавление файлов
INFO:root:Дата 2019-09-17 18:54:38.499740 Анализируем удаление/добавление файлов
INFO:root:Дата 2019-09-17 18:54:38.502445 Анализируем удаление/добавление файлов
INFO:root:Дата 2019-09-17 18:54:38.506297 Анализируем удаление/добавление файлов
INFO:root:Дата 2019-09-17 18:54:38.509226 Анализируем удаление/добавление файлов
INFO:root:Дата 2019-09-17 18:54:38.511139 Анализируем удаление/добавление файлов
INFO:root:Дата 2019-09-17 18:54:38.512935 Анализируем удаление/добавление файлов
INFO:root:Дата 2019-09-17 18:54:38.515136 Анализируем удаление/добавление файлов
INFO:root:Дата 2019-09-17 18:54:38.517572 Анализируем удаление/добавление файлов
INFO:root:Дата 2019-09-17 18:54:38.520546 Анализируем удаление/добавление файлов
INFO:root:Дата 2019-09-17 18:54:38.522764 Анализируем удаление/добавление файлов
INFO:root:Дата 2019-09-17 18:54:38.524730 Анализируем удаление/добавление файлов
INFO:root:Дата 2019-09-17 18:54:38.526649 Анализируем удаление/добавление файлов
INFO:root:Дата 2019-09-17 18:54:38.528624 Анализируем удаление/добавление файлов
INFO:root:Дата 2019-09-17 18:54:38.530914 Анализируем удаление/добавление файлов
INFO:root:Дата 2019-09-17 18:54:38.532907 Анализируем удаление/добавление файлов
INFO:root:Дата 2019-09-17 18:54:38.538825 Анализируем удаление/добавление файлов
INFO:root:Дата 2019-09-17 18:54:38.541984 Анализируем удаление/добавление файлов
INFO:root:Дата 2019-09-17 18:54:38.544085 Анализируем удаление/добавление файлов
INFO:root:Дата 2019-09-17 18:54:38.545882 Анализируем удаление/добавление файлов
INFO:root:Дата 2019-09-17 18:54:38.549027 Анализируем удаление/добавление файлов
INFO:root:Дата 2019-09-17 18:54:38.551341 Анализируем удаление/добавление файлов
INFO:root:Дата 2019-09-17 18:54:38.553981 Анализируем удаление/добавление файлов
INFO:root:Дата 2019-09-17 18:54:38.556167 Анализируем удаление/добавление файлов
INFO:root:Дата 2019-09-17 18:54:38.558242 Анализируем удаление/добавление файлов
INFO:root:Дата 2019-09-17 18:54:38.560736 Анализируем удаление/добавление файлов
INFO:root:Дата 2019-09-17 18:54:38.563766 Анализируем удаление/добавление файлов
INFO:root:Дата 2019-09-17 18:54:38.566369 Анализируем удаление/добавление файлов
INFO:root:Дата 2019-09-17 18:54:38.568296 Анализируем удаление/добавление файлов
INFO:root:Дата 2019-09-17 18:54:38.570103 Анализируем удаление/добавление файлов
INFO:root:Дата 2019-09-17 18:54:38.571990 Анализируем удаление/добавление файлов
INFO:root:Дата 2019-09-17 18:54:38.574138 Анализируем удаление/добавление файлов
INFO:root:Дата 2019-09-17 18:54:38.584424 Анализируем удаление/добавление файлов
INFO:root:Дата 2019-09-17 18:54:38.595221 Анализируем удаление/добавление файлов
INFO:root:Дата 2019-09-17 18:54:38.602581 Анализируем удаление/добавление файлов
INFO:root:Дата 2019-09-17 18:54:38.611243 Анализируем удаление/добавление файлов
INFO:root:Дата 2019-09-17 18:54:38.613250 Анализируем удаление/добавление файлов
INFO:root:Дата 2019-09-17 18:54:38.619407 Анализируем удаление/добавление файлов
INFO:root:Дата 2019-09-17 18:54:38.625158 Анализируем удаление/добавление файлов
INFO:root:Дата 2019-09-17 18:54:38.627231 Анализируем удаление/добавление файлов
INFO:root:Дата 2019-09-17 18:54:38.629337 Анализируем удаление/добавление файлов
INFO:root:Дата 2019-09-17 18:54:38.631304 Анализируем удаление/добавление файлов
INFO:root:Дата 2019-09-17 18:54:38.633810 Анализируем удаление/добавление файлов
INFO:root:Дата 2019-09-17 18:54:38.637196 Анализируем удаление/добавление файлов
INFO:root:Дата 2019-09-17 18:54:38.639855 Анализируем удаление/добавление файлов
INFO:root:Дата 2019-09-17 18:54:38.641929 Анализируем удаление/добавление файлов
INFO:root:Дата 2019-09-17 18:54:38.644257 Анализируем удаление/добавление файлов
INFO:root:Дата 2019-09-17 18:54:38.646208 Анализируем удаление/добавление файлов
INFO:root:Дата 2019-09-17 18:54:38.648281 Анализируем удаление/добавление файлов
INFO:root:Дата 2019-09-17 18:54:38.651555 Анализируем удаление/добавление файлов
INFO:root:Дата 2019-09-17 18:54:38.654263 Анализируем удаление/добавление файлов
INFO:root:Дата 2019-09-17 18:54:38.658195 Анализируем удаление/добавление файлов
INFO:root:Дата 2019-09-17 18:54:38.661804 Анализируем удаление/добавление файлов
INFO:root:Дата 2019-09-17 18:54:38.665848 Анализируем удаление/добавление файлов
INFO:root:Дата 2019-09-17 18:54:38.670602 Анализируем удаление/добавление файлов
INFO:root:Дата 2019-09-17 18:54:38.674137 Анализируем удаление/добавление файлов
INFO:root:Дата 2019-09-17 18:54:38.677009 Анализируем удаление/добавление файлов
INFO:root:Дата 2019-09-17 18:54:38.679311 Анализируем удаление/добавление файлов
INFO:root:Дата 2019-09-17 18:54:38.681169 Анализируем удаление/добавление файлов
INFO:root:Дата 2019-09-17 18:54:38.684473 Анализируем удаление/добавление файлов
INFO:root:Дата 2019-09-17 18:54:38.687200 Анализируем удаление/добавление файлов
INFO:root:Дата 2019-09-17 18:54:38.689259 Анализируем удаление/добавление файлов
INFO:root:Дата 2019-09-17 18:54:38.691755 Анализируем удаление/добавление файлов
INFO:root:Дата 2019-09-17 18:54:38.694038 Анализируем удаление/добавление файлов
INFO:root:Дата 2019-09-17 18:54:38.696141 Анализируем удаление/добавление файлов
INFO:root:Дата 2019-09-17 18:54:38.698389 Анализируем удаление/добавление файлов
INFO:root:Дата 2019-09-17 18:54:38.705227 Анализируем удаление/добавление файлов
INFO:root:Дата 2019-09-17 18:54:38.715059 Анализируем удаление/добавление файлов
INFO:root:Дата 2019-09-17 18:54:38.722972 Анализируем удаление/добавление файлов
INFO:root:Дата 2019-09-17 18:54:38.726390 Анализируем удаление/добавление файлов
INFO:root:Дата 2019-09-17 18:54:38.728595 Анализируем удаление/добавление файлов
INFO:root:Дата 2019-09-17 18:54:38.731044 Анализируем удаление/добавление файлов
INFO:root:Дата 2019-09-17 18:54:38.733007 Анализируем удаление/добавление файлов
INFO:root:Дата 2019-09-17 18:54:38.735629 Анализируем удаление/добавление файлов
INFO:root:Дата 2019-09-17 18:54:38.738485 Анализируем удаление/добавление файлов
INFO:root:Дата 2019-09-17 18:54:38.741491 Анализируем удаление/добавление файлов
INFO:root:Дата 2019-09-17 18:54:38.745610 Анализируем удаление/добавление файлов
INFO:root:Дата 2019-09-17 18:54:38.748241 Анализируем удаление/добавление файлов
INFO:root:Дата 2019-09-17 18:54:38.751450 Анализируем удаление/добавление файлов
INFO:root:Дата 2019-09-17 18:54:38.753674 Анализируем удаление/добавление файлов
INFO:root:Дата 2019-09-17 18:54:38.755836 Анализируем удаление/добавление файлов
INFO:root:Дата 2019-09-17 18:54:38.757747 Анализируем удаление/добавление файлов
INFO:root:Дата 2019-09-17 18:54:38.759854 Анализируем удаление/добавление файлов
INFO:root:Дата 2019-09-17 18:54:38.762290 Анализируем удаление/добавление файлов
INFO:root:Дата 2019-09-17 18:54:38.764951 Анализируем удаление/добавление файлов
INFO:root:Дата 2019-09-17 18:54:38.767478 Анализируем удаление/добавление файлов
INFO:root:Дата 2019-09-17 18:54:38.769695 Анализируем удаление/добавление файлов
INFO:root:Дата 2019-09-17 18:54:38.773049 Анализируем удаление/добавление файлов
INFO:root:Дата 2019-09-17 18:54:38.775588 Анализируем удаление/добавление файлов
INFO:root:Дата 2019-09-17 18:54:38.777795 Анализируем удаление/добавление файлов
INFO:root:Дата 2019-09-17 18:54:38.780940 Анализируем удаление/добавление файлов
INFO:root:Дата 2019-09-17 18:54:38.783524 Анализируем удаление/добавление файлов
INFO:root:Дата 2019-09-17 18:54:38.786169 Анализируем удаление/добавление файлов
INFO:root:Дата 2019-09-17 18:54:38.792750 Анализируем удаление/добавление файлов
INFO:root:Дата 2019-09-17 18:54:38.794958 Анализируем удаление/добавление файлов
INFO:root:Дата 2019-09-17 18:54:38.797011 Анализируем удаление/добавление файлов
INFO:root:Дата 2019-09-17 18:54:38.800080 Анализируем удаление/добавление файлов
INFO:root:Дата 2019-09-17 18:54:38.802576 Анализируем удаление/добавление файлов
INFO:root:Дата 2019-09-17 18:54:38.805195 Анализируем удаление/добавление файлов
INFO:root:Дата 2019-09-17 18:54:38.807255 Анализируем удаление/добавление файлов
INFO:root:Дата 2019-09-17 18:54:38.809836 Анализируем удаление/добавление файлов
INFO:root:Дата 2019-09-17 18:54:38.812633 Анализируем удаление/добавление файлов
INFO:root:Дата 2019-09-17 18:54:38.815788 Анализируем удаление/добавление файлов
INFO:root:Дата 2019-09-17 18:54:38.818660 Анализируем удаление/добавление файлов
INFO:root:Дата 2019-09-17 18:54:38.831432 Анализируем удаление/добавление файлов
INFO:root:Дата 2019-09-17 18:54:38.840947 Анализируем удаление/добавление файлов
INFO:root:Дата 2019-09-17 18:54:38.848195 Анализируем удаление/добавление файлов
INFO:root:Дата 2019-09-17 18:54:38.851090 Анализируем удаление/добавление файлов
INFO:root:Дата 2019-09-17 18:54:38.854095 Анализируем удаление/добавление файлов
INFO:root:Дата 2019-09-17 18:54:38.856892 Анализируем удаление/добавление файлов
INFO:root:Дата 2019-09-17 18:54:38.859753 Анализируем удаление/добавление файлов
INFO:root:Дата 2019-09-17 18:54:38.862726 Анализируем удаление/добавление файлов
INFO:root:Дата 2019-09-17 18:54:38.864534 Анализируем удаление/добавление файлов
INFO:root:Дата 2019-09-17 18:54:38.867279 Анализируем удаление/добавление файлов
INFO:root:Дата 2019-09-17 18:54:38.869736 Анализируем удаление/добавление файлов
INFO:root:Дата 2019-09-17 18:54:38.872163 Анализируем удаление/добавление файлов
INFO:root:Дата 2019-09-17 18:54:38.874476 Анализируем удаление/добавление файлов
INFO:root:Дата 2019-09-17 18:54:38.877074 Анализируем удаление/добавление файлов
INFO:root:Дата 2019-09-17 18:54:38.879062 Анализируем удаление/добавление файлов
INFO:root:Дата 2019-09-17 18:54:38.881363 Анализируем удаление/добавление файлов
INFO:root:Дата 2019-09-17 18:54:38.884510 Анализируем удаление/добавление файлов
INFO:root:Дата 2019-09-17 18:54:38.887367 Анализируем удаление/добавление файлов
INFO:root:Дата 2019-09-17 18:54:38.889185 Анализируем удаление/добавление файлов
INFO:root:Дата 2019-09-17 18:54:38.890908 Анализируем удаление/добавление файлов
INFO:root:Дата 2019-09-17 18:54:38.892519 Анализируем удаление/добавление файлов
INFO:root:Дата 2019-09-17 18:54:38.894185 Анализируем удаление/добавление файлов
INFO:root:Дата 2019-09-17 18:54:38.897009 Анализируем удаление/добавление файлов
INFO:root:Дата 2019-09-17 18:54:38.899306 Анализируем удаление/добавление файлов
INFO:root:Дата 2019-09-17 18:54:38.901405 Анализируем удаление/добавление файлов
INFO:root:Дата 2019-09-17 18:54:38.903916 Анализируем удаление/добавление файлов
INFO:root:Дата 2019-09-17 18:54:38.906252 Анализируем удаление/добавление файлов
INFO:root:Дата 2019-09-17 18:54:38.908802 Анализируем удаление/добавление файлов
INFO:root:Дата 2019-09-17 18:54:38.911134 Анализируем удаление/добавление файлов
INFO:root:Дата 2019-09-17 18:54:38.913094 Анализируем удаление/добавление файлов
INFO:root:Дата 2019-09-17 18:54:38.915084 Анализируем удаление/добавление файлов
INFO:root:Дата 2019-09-17 18:54:38.917893 Анализируем удаление/добавление файлов
INFO:root:Дата 2019-09-17 18:54:38.920331 Анализируем удаление/добавление файлов
INFO:root:Дата 2019-09-17 18:54:38.922453 Анализируем удаление/добавление файлов
INFO:root:Дата 2019-09-17 18:54:38.924459 Анализируем удаление/добавление файлов
INFO:root:Дата 2019-09-17 18:54:38.926739 Анализируем удаление/добавление файлов
INFO:root:Дата 2019-09-17 18:54:38.928804 Анализируем удаление/добавление файлов
INFO:root:Дата 2019-09-17 18:54:38.930725 Анализируем удаление/добавление файлов
INFO:root:Дата 2019-09-17 18:54:38.932614 Анализируем удаление/добавление файлов
INFO:root:Дата 2019-09-17 18:54:38.934710 Анализируем удаление/добавление файлов
INFO:root:Дата 2019-09-17 18:54:38.936933 Анализируем удаление/добавление файлов
INFO:root:Дата 2019-09-17 18:54:38.941058 Анализируем удаление/добавление файлов
INFO:root:Дата 2019-09-17 18:54:38.943746 Анализируем удаление/добавление файлов
INFO:root:Дата 2019-09-17 18:54:38.945749 Анализируем удаление/добавление файлов
INFO:root:Дата 2019-09-17 18:54:38.948226 Анализируем удаление/добавление файлов
INFO:root:Дата 2019-09-17 18:54:38.950702 Анализируем удаление/добавление файлов
INFO:root:Дата 2019-09-17 18:54:38.952923 Анализируем удаление/добавление файлов
INFO:root:Дата 2019-09-17 18:54:38.955767 Анализируем удаление/добавление файлов
INFO:root:Дата 2019-09-17 18:54:38.957726 Анализируем удаление/добавление файлов
INFO:root:Дата 2019-09-17 18:54:38.959670 Анализируем удаление/добавление файлов
INFO:root:Дата 2019-09-17 18:54:38.961847 Анализируем удаление/добавление файлов
INFO:root:Дата 2019-09-17 18:54:38.967568 Анализируем удаление/добавление файлов
INFO:root:Дата 2019-09-17 18:54:38.970028 Анализируем удаление/добавление файлов
INFO:root:Дата 2019-09-17 18:54:38.972491 Анализируем удаление/добавление файлов
INFO:root:Дата 2019-09-17 18:54:38.975092 Анализируем удаление/добавление файлов
INFO:root:Дата 2019-09-17 18:54:38.977589 Анализируем удаление/добавление файлов
INFO:root:Дата 2019-09-17 18:54:38.980731 Анализируем удаление/добавление файлов
INFO:root:Дата 2019-09-17 18:54:38.984294 Анализируем удаление/добавление файлов
INFO:root:Дата 2019-09-17 18:54:38.987213 Анализируем удаление/добавление файлов
INFO:root:Дата 2019-09-17 18:54:38.989640 Анализируем удаление/добавление файлов
INFO:root:Дата 2019-09-17 18:54:38.996269 Анализируем удаление/добавление файлов
INFO:root:Дата 2019-09-17 18:54:38.999501 Анализируем удаление/добавление файлов
INFO:root:Дата 2019-09-17 18:54:39.008122 Анализируем удаление/добавление файлов
INFO:root:Дата 2019-09-17 18:54:39.017310 Анализируем удаление/добавление файлов
INFO:root:Дата 2019-09-17 18:54:39.028284 Анализируем удаление/добавление файлов
INFO:root:Дата 2019-09-17 18:54:39.032135 Анализируем удаление/добавление файлов
INFO:root:Дата 2019-09-17 18:54:39.034336 Анализируем удаление/добавление файлов
INFO:root:Дата 2019-09-17 18:54:39.036881 Анализируем удаление/добавление файлов
INFO:root:Дата 2019-09-17 18:54:39.039223 Анализируем удаление/добавление файлов
INFO:root:Дата 2019-09-17 18:54:39.041996 Анализируем удаление/добавление файлов
INFO:root:Дата 2019-09-17 18:54:39.044288 Анализируем удаление/добавление файлов
INFO:root:Дата 2019-09-17 18:54:39.046339 Анализируем удаление/добавление файлов
INFO:root:Дата 2019-09-17 18:54:39.048742 Анализируем удаление/добавление файлов
INFO:root:Дата 2019-09-17 18:54:39.051319 Анализируем удаление/добавление файлов
INFO:root:Дата 2019-09-17 18:54:39.054178 Анализируем удаление/добавление файлов
INFO:root:Дата 2019-09-17 18:54:39.058026 Анализируем удаление/добавление файлов
INFO:root:Дата 2019-09-17 18:54:39.060566 Анализируем удаление/добавление файлов
INFO:root:Дата 2019-09-17 18:54:39.062817 Анализируем удаление/добавление файлов
INFO:root:Дата 2019-09-17 18:54:39.065223 Анализируем удаление/добавление файлов
INFO:root:Дата 2019-09-17 18:54:39.068214 Анализируем удаление/добавление файлов
INFO:root:Дата 2019-09-17 18:54:39.072008 Анализируем удаление/добавление файлов
INFO:root:Дата 2019-09-17 18:54:39.075689 Анализируем удаление/добавление файлов
INFO:root:Дата 2019-09-17 18:54:39.077899 Анализируем удаление/добавление файлов
INFO:root:Дата 2019-09-17 18:54:39.080167 Анализируем удаление/добавление файлов
INFO:root:Дата 2019-09-17 18:54:39.082121 Анализируем удаление/добавление файлов
INFO:root:Дата 2019-09-17 18:54:39.089754 Анализируем удаление/добавление файлов
INFO:root:Дата 2019-09-17 18:54:39.092545 Анализируем удаление/добавление файлов
INFO:root:Дата 2019-09-17 18:54:39.097590 Анализируем удаление/добавление файлов
INFO:root:Дата 2019-09-17 18:54:39.101779 Анализируем удаление/добавление файлов
INFO:root:Дата 2019-09-17 18:54:39.105278 Анализируем удаление/добавление файлов
INFO:root:Дата 2019-09-17 18:54:39.112854 Анализируем удаление/добавление файлов
INFO:root:Дата 2019-09-17 18:54:39.117338 Анализируем удаление/добавление файлов
INFO:root:Дата 2019-09-17 18:54:39.120093 Анализируем удаление/добавление файлов
INFO:root:Дата 2019-09-17 18:54:39.125592 Анализируем удаление/добавление файлов
INFO:root:Дата 2019-09-17 18:54:39.136950 Анализируем удаление/добавление файлов
INFO:root:Дата 2019-09-17 18:54:39.152224 Анализируем удаление/добавление файлов
INFO:root:Дата 2019-09-17 18:54:39.155124 Анализируем удаление/добавление файлов
INFO:root:Дата 2019-09-17 18:54:39.157910 Анализируем удаление/добавление файлов
INFO:root:Дата 2019-09-17 18:54:39.160111 Анализируем удаление/добавление файлов
INFO:root:Дата 2019-09-17 18:54:39.162202 Анализируем удаление/добавление файлов
INFO:root:Дата 2019-09-17 18:54:39.164288 Анализируем удаление/добавление файлов
INFO:root:Дата 2019-09-17 18:54:39.166641 Анализируем удаление/добавление файлов
INFO:root:Дата 2019-09-17 18:54:39.168546 Анализируем удаление/добавление файлов
INFO:root:Дата 2019-09-17 18:54:39.170741 Анализируем удаление/добавление файлов
INFO:root:Дата 2019-09-17 18:54:39.173946 Анализируем удаление/добавление файлов
INFO:root:Дата 2019-09-17 18:54:39.176574 Анализируем удаление/добавление файлов
INFO:root:Дата 2019-09-17 18:54:39.179652 Анализируем удаление/добавление файлов
INFO:root:Дата 2019-09-17 18:54:39.181990 Анализируем удаление/добавление файлов
INFO:root:Дата 2019-09-17 18:54:39.193907 Анализируем удаление/добавление файлов
INFO:root:Дата 2019-09-17 18:54:39.198127 Анализируем удаление/добавление файлов
INFO:root:Дата 2019-09-17 18:54:39.201775 Анализируем удаление/добавление файлов
INFO:root:Дата 2019-09-17 18:54:39.204789 Анализируем удаление/добавление файлов
INFO:root:Дата 2019-09-17 18:54:39.206994 Анализируем удаление/добавление файлов
INFO:root:Дата 2019-09-17 18:54:39.213478 Анализируем удаление/добавление файлов
INFO:root:Дата 2019-09-17 18:54:39.228602 Анализируем удаление/добавление файлов
INFO:root:Дата 2019-09-17 18:54:39.231252 Анализируем удаление/добавление файлов
INFO:root:Дата 2019-09-17 18:54:39.235268 Анализируем удаление/добавление файлов
INFO:root:Дата 2019-09-17 18:54:39.238975 Анализируем удаление/добавление файлов
INFO:root:Дата 2019-09-17 18:54:39.242141 Анализируем удаление/добавление файлов
INFO:root:Дата 2019-09-17 18:54:39.245300 Анализируем удаление/добавление файлов
INFO:root:Дата 2019-09-17 18:54:39.249413 Анализируем удаление/добавление файлов
INFO:root:Дата 2019-09-17 18:54:39.254669 Анализируем удаление/добавление файлов
INFO:root:Дата 2019-09-17 18:54:39.257573 Анализируем удаление/добавление файлов
INFO:root:Дата 2019-09-17 18:54:39.260928 Анализируем удаление/добавление файлов
INFO:root:Дата 2019-09-17 18:54:39.263692 Анализируем удаление/добавление файлов
INFO:root:Дата 2019-09-17 18:54:39.266094 Анализируем удаление/добавление файлов
INFO:root:Дата 2019-09-17 18:54:39.268772 Анализируем удаление/добавление файлов
INFO:root:Дата 2019-09-17 18:54:39.271876 Анализируем удаление/добавление файлов
INFO:root:Дата 2019-09-17 18:54:39.275484 Анализируем удаление/добавление файлов
INFO:root:Дата 2019-09-17 18:54:39.278463 Анализируем удаление/добавление файлов
INFO:root:Дата 2019-09-17 18:54:39.280722 Анализируем удаление/добавление файлов
INFO:root:Дата 2019-09-17 18:54:39.283611 Анализируем удаление/добавление файлов
INFO:root:Дата 2019-09-17 18:54:39.285690 Анализируем удаление/добавление файлов
INFO:root:Дата 2019-09-17 18:54:39.287968 Анализируем удаление/добавление файлов
INFO:root:Дата 2019-09-17 18:54:39.289911 Анализируем удаление/добавление файлов
INFO:root:Дата 2019-09-17 18:54:39.294758 Анализируем удаление/добавление файлов
INFO:root:Дата 2019-09-17 18:54:39.304067 Анализируем удаление/добавление файлов
INFO:root:Дата 2019-09-17 18:54:39.312036 Анализируем удаление/добавление файлов
INFO:root:Дата 2019-09-17 18:54:39.317600 Анализируем удаление/добавление файлов
INFO:root:Дата 2019-09-17 18:54:39.320213 Анализируем удаление/добавление файлов
INFO:root:Дата 2019-09-17 18:54:39.322049 Анализируем удаление/добавление файлов
INFO:root:Дата 2019-09-17 18:54:39.323982 Анализируем удаление/добавление файлов
INFO:root:Дата 2019-09-17 18:54:39.325828 Анализируем удаление/добавление файлов
INFO:root:Дата 2019-09-17 18:54:39.327664 Анализируем удаление/добавление файлов
INFO:root:Дата 2019-09-17 18:54:39.330278 Анализируем удаление/добавление файлов
INFO:root:Дата 2019-09-17 18:54:39.331968 Анализируем удаление/добавление файлов
INFO:root:Дата 2019-09-17 18:54:39.333927 Анализируем удаление/добавление файлов
INFO:root:Дата 2019-09-17 18:54:39.336533 Анализируем удаление/добавление файлов
INFO:root:Дата 2019-09-17 18:54:39.340553 Анализируем удаление/добавление файлов
INFO:root:Дата 2019-09-17 18:54:39.343194 Анализируем удаление/добавление файлов
INFO:root:Дата 2019-09-17 18:54:39.344967 Анализируем удаление/добавление файлов
INFO:root:Дата 2019-09-17 18:54:39.347041 Анализируем удаление/добавление файлов
INFO:root:Дата 2019-09-17 18:54:39.349945 Анализируем удаление/добавление файлов
INFO:root:Дата 2019-09-17 18:54:39.352365 Анализируем удаление/добавление файлов
INFO:root:Дата 2019-09-17 18:54:39.354643 Анализируем удаление/добавление файлов
INFO:root:Дата 2019-09-17 18:54:39.356823 Анализируем удаление/добавление файлов
INFO:root:Дата 2019-09-17 18:54:39.359570 Анализируем удаление/добавление файлов
INFO:root:Дата 2019-09-17 18:54:39.361588 Анализируем удаление/добавление файлов
INFO:root:Дата 2019-09-17 18:54:39.363767 Анализируем удаление/добавление файлов
INFO:root:Дата 2019-09-17 18:54:39.365862 Анализируем удаление/добавление файлов
INFO:root:Дата 2019-09-17 18:54:39.368404 Анализируем удаление/добавление файлов
INFO:root:Дата 2019-09-17 18:54:39.370610 Анализируем удаление/добавление файлов
INFO:root:Дата 2019-09-17 18:54:39.372568 Анализируем удаление/добавление файлов
INFO:root:Дата 2019-09-17 18:54:39.374894 Анализируем удаление/добавление файлов
INFO:root:Дата 2019-09-17 18:54:39.381550 Анализируем удаление/добавление файлов
INFO:root:Дата 2019-09-17 18:54:39.384487 Анализируем удаление/добавление файлов
INFO:root:Дата 2019-09-17 18:54:39.387699 Анализируем удаление/добавление файлов
INFO:root:Дата 2019-09-17 18:54:39.390458 Анализируем удаление/добавление файлов
INFO:root:Дата 2019-09-17 18:54:39.393224 Анализируем удаление/добавление файлов
INFO:root:Дата 2019-09-17 18:54:39.395197 Анализируем удаление/добавление файлов
INFO:root:Дата 2019-09-17 18:54:39.396922 Анализируем удаление/добавление файлов
INFO:root:Дата 2019-09-17 18:54:39.399043 Анализируем удаление/добавление файлов
INFO:root:Дата 2019-09-17 18:54:39.402838 Анализируем удаление/добавление файлов
INFO:root:Дата 2019-09-17 18:54:39.405319 Анализируем удаление/добавление файлов
INFO:root:Дата 2019-09-17 18:54:39.407339 Анализируем удаление/добавление файлов
INFO:root:Дата 2019-09-17 18:54:39.409390 Анализируем удаление/добавление файлов
INFO:root:Дата 2019-09-17 18:54:39.411337 Анализируем удаление/добавление файлов
INFO:root:Дата 2019-09-17 18:54:39.413545 Анализируем удаление/добавление файлов
INFO:root:Дата 2019-09-17 18:54:39.422885 Анализируем удаление/добавление файлов
INFO:root:Дата 2019-09-17 18:54:39.429738 Анализируем удаление/добавление файлов
INFO:root:Дата 2019-09-17 18:54:39.435497 Анализируем удаление/добавление файлов
INFO:root:Дата 2019-09-17 18:54:39.438780 Анализируем удаление/добавление файлов
INFO:root:Дата 2019-09-17 18:54:39.445860 Анализируем удаление/добавление файлов
INFO:root:Дата 2019-09-17 18:54:39.454422 Анализируем удаление/добавление файлов
INFO:root:Дата 2019-09-17 18:54:39.458570 Анализируем удаление/добавление файлов
INFO:root:Дата 2019-09-17 18:54:39.461318 Анализируем удаление/добавление файлов
INFO:root:Дата 2019-09-17 18:54:39.464401 Анализируем удаление/добавление файлов
INFO:root:Дата 2019-09-17 18:54:39.467029 Анализируем удаление/добавление файлов
INFO:root:Дата 2019-09-17 18:54:39.470133 Анализируем удаление/добавление файлов
INFO:root:Дата 2019-09-17 18:54:39.474024 Анализируем удаление/добавление файлов
INFO:root:Дата 2019-09-17 18:54:39.476538 Анализируем удаление/добавление файлов
INFO:root:Дата 2019-09-17 18:54:39.478487 Анализируем удаление/добавление файлов
INFO:root:Дата 2019-09-17 18:54:39.480260 Анализируем удаление/добавление файлов
INFO:root:Дата 2019-09-17 18:54:39.482502 Анализируем удаление/добавление файлов
INFO:root:Дата 2019-09-17 18:54:39.485108 Анализируем удаление/добавление файлов
INFO:root:Дата 2019-09-17 18:54:39.487469 Анализируем удаление/добавление файлов
INFO:root:Дата 2019-09-17 18:54:39.489632 Анализируем удаление/добавление файлов
INFO:root:Дата 2019-09-17 18:54:39.491929 Анализируем удаление/добавление файлов
INFO:root:Дата 2019-09-17 18:54:39.495137 Анализируем удаление/добавление файлов
INFO:root:Дата 2019-09-17 18:54:39.501857 Анализируем удаление/добавление файлов
INFO:root:Дата 2019-09-17 18:54:39.506007 Анализируем удаление/добавление файлов
INFO:root:Дата 2019-09-17 18:54:39.508361 Анализируем удаление/добавление файлов
INFO:root:Дата 2019-09-17 18:54:39.511008 Анализируем удаление/добавление файлов
INFO:root:Дата 2019-09-17 18:54:39.513570 Анализируем удаление/добавление файлов
INFO:root:Дата 2019-09-17 18:54:39.519420 Анализируем удаление/добавление файлов
INFO:root:Дата 2019-09-17 18:54:39.522933 Анализируем удаление/добавление файлов
INFO:root:Дата 2019-09-17 18:54:39.525112 Анализируем удаление/добавление файлов
INFO:root:Дата 2019-09-17 18:54:39.527657 Анализируем удаление/добавление файлов
INFO:root:Дата 2019-09-17 18:54:39.529766 Анализируем удаление/добавление файлов
INFO:root:Дата 2019-09-17 18:54:39.532127 Анализируем удаление/добавление файлов
INFO:root:Дата 2019-09-17 18:54:39.534755 Анализируем удаление/добавление файлов
INFO:root:Дата 2019-09-17 18:54:39.536768 Анализируем удаление/добавление файлов
INFO:root:Дата 2019-09-17 18:54:39.539379 Анализируем удаление/добавление файлов
INFO:root:Дата 2019-09-17 18:54:39.542220 Анализируем удаление/добавление файлов
INFO:root:Дата 2019-09-17 18:54:39.544721 Анализируем удаление/добавление файлов
INFO:root:Дата 2019-09-17 18:54:39.546844 Анализируем удаление/добавление файлов
INFO:root:Дата 2019-09-17 18:54:39.549373 Анализируем удаление/добавление файлов
INFO:root:Дата 2019-09-17 18:54:39.552188 Анализируем удаление/добавление файлов
INFO:root:Дата 2019-09-17 18:54:39.554643 Анализируем удаление/добавление файлов
INFO:root:Дата 2019-09-17 18:54:39.556587 Анализируем удаление/добавление файлов
INFO:root:Дата 2019-09-17 18:54:39.558730 Анализируем удаление/добавление файлов
INFO:root:Дата 2019-09-17 18:54:39.560702 Анализируем удаление/добавление файлов
INFO:root:Дата 2019-09-17 18:54:39.563101 Анализируем удаление/добавление файлов
INFO:root:Дата 2019-09-17 18:54:39.564938 Анализируем удаление/добавление файлов
INFO:root:Дата 2019-09-17 18:54:39.569595 Анализируем удаление/добавление файлов
INFO:root:Дата 2019-09-17 18:54:39.576267 Анализируем удаление/добавление файлов
INFO:root:Дата 2019-09-17 18:54:39.583965 Анализируем удаление/добавление файлов
INFO:root:Дата 2019-09-17 18:54:39.591683 Анализируем удаление/добавление файлов
INFO:root:Дата 2019-09-17 18:54:39.595921 Анализируем удаление/добавление файлов
INFO:root:Дата 2019-09-17 18:54:39.598283 Анализируем удаление/добавление файлов
INFO:root:Дата 2019-09-17 18:54:39.600878 Анализируем удаление/добавление файлов
INFO:root:Дата 2019-09-17 18:54:39.603194 Анализируем удаление/добавление файлов
INFO:root:Дата 2019-09-17 18:54:39.605320 Анализируем удаление/добавление файлов
INFO:root:Дата 2019-09-17 18:54:39.607137 Анализируем удаление/добавление файлов
INFO:root:Дата 2019-09-17 18:54:39.608977 Анализируем удаление/добавление файлов
INFO:root:Дата 2019-09-17 18:54:39.610975 Анализируем удаление/добавление файлов
INFO:root:Дата 2019-09-17 18:54:39.613018 Анализируем удаление/добавление файлов
INFO:root:Дата 2019-09-17 18:54:39.616059 Анализируем удаление/добавление файлов
INFO:root:Дата 2019-09-17 18:54:39.618676 Анализируем удаление/добавление файлов
INFO:root:Дата 2019-09-17 18:54:39.624620 Анализируем удаление/добавление файлов
INFO:root:Дата 2019-09-17 18:54:39.626879 Анализируем удаление/добавление файлов
INFO:root:Дата 2019-09-17 18:54:39.629099 Анализируем удаление/добавление файлов
INFO:root:Дата 2019-09-17 18:54:39.631689 Анализируем удаление/добавление файлов
INFO:root:Дата 2019-09-17 18:54:39.634488 Анализируем удаление/добавление файлов
INFO:root:Дата 2019-09-17 18:54:39.636624 Анализируем удаление/добавление файлов
INFO:root:Дата 2019-09-17 18:54:39.638883 Анализируем удаление/добавление файлов
INFO:root:Дата 2019-09-17 18:54:39.641068 Анализируем удаление/добавление файлов
INFO:root:Дата 2019-09-17 18:54:39.643034 Анализируем удаление/добавление файлов
INFO:root:Дата 2019-09-17 18:54:39.645152 Анализируем удаление/добавление файлов
INFO:root:Дата 2019-09-17 18:54:39.647985 Анализируем удаление/добавление файлов
INFO:root:Дата 2019-09-17 18:54:39.649885 Анализируем удаление/добавление файлов
INFO:root:Дата 2019-09-17 18:54:39.652007 Анализируем удаление/добавление файлов
INFO:root:Дата 2019-09-17 18:54:39.654015 Анализируем удаление/добавление файлов
INFO:root:Дата 2019-09-17 18:54:39.657423 Анализируем удаление/добавление файлов
INFO:root:Дата 2019-09-17 18:54:39.659615 Анализируем удаление/добавление файлов
INFO:root:Дата 2019-09-17 18:54:39.661475 Анализируем удаление/добавление файлов
INFO:root:Дата 2019-09-17 18:54:39.663788 Анализируем удаление/добавление файлов
INFO:root:Дата 2019-09-17 18:54:39.666045 Анализируем удаление/добавление файлов
INFO:root:Дата 2019-09-17 18:54:39.669352 Анализируем удаление/добавление файлов
INFO:root:Дата 2019-09-17 18:54:39.672522 Анализируем удаление/добавление файлов
INFO:root:Дата 2019-09-17 18:54:39.676220 Анализируем удаление/добавление файлов
INFO:root:Дата 2019-09-17 18:54:39.679883 Анализируем удаление/добавление файлов
INFO:root:Дата 2019-09-17 18:54:39.682417 Анализируем удаление/добавление файлов
INFO:root:Дата 2019-09-17 18:54:48.236804 Анализируем удаление/добавление файлов
INFO:root:Дата 2019-09-17 18:54:58.250293 Анализируем удаление/добавление файлов
INFO:root:Дата 2019-09-17 18:55:08.261558 Анализируем удаление/добавление файлов
INFO:root:Дата 2019-09-17 18:55:18.273383 Анализируем удаление/добавление файлов
INFO:root:Дата 2019-09-17 18:55:28.286307 Анализируем удаление/добавление файлов
WARNING:root:Дата 2019-09-17 18:54:48.232441 - добавлен каталог /media/attenuator/TOSHIBA EXT/Фото/hg
WARNING:root:Дата 2019-09-17 18:55:28.286747 - В папку /media/attenuator/TOSHIBA EXT/Фото/hg были добавлены файлы: []
